Component: ARM Compiler 5.06 update 6 (build 750) Tool: armlink [4d35ed]

==============================================================================

Section Cross References

    startup_stm32f427xx.o(RESET) refers to startup_stm32f427xx.o(STACK) for __initial_sp
    startup_stm32f427xx.o(RESET) refers to startup_stm32f427xx.o(.text) for Reset_Handler
    startup_stm32f427xx.o(RESET) refers to stm32f4xx_it.o(i.NMI_Handler) for NMI_Handler
    startup_stm32f427xx.o(RESET) refers to stm32f4xx_it.o(i.HardFault_Handler) for HardFault_Handler
    startup_stm32f427xx.o(RESET) refers to stm32f4xx_it.o(i.MemManage_Handler) for MemManage_Handler
    startup_stm32f427xx.o(RESET) refers to stm32f4xx_it.o(i.BusFault_Handler) for BusFault_Handler
    startup_stm32f427xx.o(RESET) refers to stm32f4xx_it.o(i.UsageFault_Handler) for UsageFault_Handler
    startup_stm32f427xx.o(RESET) refers to port.o(.emb_text) for SVC_Handler
    startup_stm32f427xx.o(RESET) refers to stm32f4xx_it.o(i.DebugMon_Handler) for DebugMon_Handler
    startup_stm32f427xx.o(RESET) refers to port.o(i.SysTick_Handler) for SysTick_Handler
    startup_stm32f427xx.o(RESET) refers to stm32f4xx_it.o(i.DMA1_Stream6_IRQHandler) for DMA1_Stream6_IRQHandler
    startup_stm32f427xx.o(RESET) refers to stm32f4xx_it.o(i.CAN1_TX_IRQHandler) for CAN1_TX_IRQHandler
    startup_stm32f427xx.o(RESET) refers to stm32f4xx_it.o(i.CAN1_RX0_IRQHandler) for CAN1_RX0_IRQHandler
    startup_stm32f427xx.o(RESET) refers to stm32f4xx_it.o(i.TIM1_UP_TIM10_IRQHandler) for TIM1_UP_TIM10_IRQHandler
    startup_stm32f427xx.o(RESET) refers to stm32f4xx_it.o(i.DMA2_Stream2_IRQHandler) for DMA2_Stream2_IRQHandler
    startup_stm32f427xx.o(.text) refers to system_stm32f4xx.o(i.SystemInit) for SystemInit
    startup_stm32f427xx.o(.text) refers to entry.o(.ARM.Collect$$$$00000000) for __main
    main.o(i.HAL_TIM_PeriodElapsedCallback) refers to stm32f4xx_hal.o(i.HAL_IncTick) for HAL_IncTick
    main.o(i.SystemClock_Config) refers to memseta.o(.text) for __aeabi_memclr4
    main.o(i.SystemClock_Config) refers to stm32f4xx_hal_rcc.o(i.HAL_RCC_OscConfig) for HAL_RCC_OscConfig
    main.o(i.SystemClock_Config) refers to main.o(i.Error_Handler) for Error_Handler
    main.o(i.SystemClock_Config) refers to stm32f4xx_hal_pwr_ex.o(i.HAL_PWREx_EnableOverDrive) for HAL_PWREx_EnableOverDrive
    main.o(i.SystemClock_Config) refers to stm32f4xx_hal_rcc.o(i.HAL_RCC_ClockConfig) for HAL_RCC_ClockConfig
    main.o(i.main) refers to stm32f4xx_hal.o(i.HAL_Init) for HAL_Init
    main.o(i.main) refers to main.o(i.SystemClock_Config) for SystemClock_Config
    main.o(i.main) refers to gpio.o(i.MX_GPIO_Init) for MX_GPIO_Init
    main.o(i.main) refers to dma.o(i.MX_DMA_Init) for MX_DMA_Init
    main.o(i.main) refers to spi.o(i.MX_SPI5_Init) for MX_SPI5_Init
    main.o(i.main) refers to usart.o(i.MX_USART1_UART_Init) for MX_USART1_UART_Init
    main.o(i.main) refers to can.o(i.MX_CAN1_Init) for MX_CAN1_Init
    main.o(i.main) refers to usart.o(i.MX_UART4_Init) for MX_UART4_Init
    main.o(i.main) refers to usart.o(i.MX_UART8_Init) for MX_UART8_Init
    main.o(i.main) refers to can_receive.o(i.CAN1_Init) for CAN1_Init
    main.o(i.main) refers to stm32f4xx_hal_uart.o(i.HAL_UART_Receive_DMA) for HAL_UART_Receive_DMA
    main.o(i.main) refers to freertos.o(i.MX_FREERTOS_Init) for MX_FREERTOS_Init
    main.o(i.main) refers to cmsis_os.o(i.osKernelStart) for osKernelStart
    main.o(i.main) refers to remote.o(.bss) for teledata_rx
    main.o(i.main) refers to usart.o(.bss) for huart1
    gpio.o(i.MX_GPIO_Init) refers to memseta.o(.text) for __aeabi_memclr4
    gpio.o(i.MX_GPIO_Init) refers to stm32f4xx_hal_gpio.o(i.HAL_GPIO_WritePin) for HAL_GPIO_WritePin
    gpio.o(i.MX_GPIO_Init) refers to stm32f4xx_hal_gpio.o(i.HAL_GPIO_Init) for HAL_GPIO_Init
    can.o(i.HAL_CAN_MspDeInit) refers to stm32f4xx_hal_gpio.o(i.HAL_GPIO_DeInit) for HAL_GPIO_DeInit
    can.o(i.HAL_CAN_MspDeInit) refers to stm32f4xx_hal_cortex.o(i.HAL_NVIC_DisableIRQ) for HAL_NVIC_DisableIRQ
    can.o(i.HAL_CAN_MspInit) refers to memseta.o(.text) for __aeabi_memclr4
    can.o(i.HAL_CAN_MspInit) refers to stm32f4xx_hal_gpio.o(i.HAL_GPIO_Init) for HAL_GPIO_Init
    can.o(i.HAL_CAN_MspInit) refers to stm32f4xx_hal_cortex.o(i.HAL_NVIC_SetPriority) for HAL_NVIC_SetPriority
    can.o(i.HAL_CAN_MspInit) refers to stm32f4xx_hal_cortex.o(i.HAL_NVIC_EnableIRQ) for HAL_NVIC_EnableIRQ
    can.o(i.MX_CAN1_Init) refers to stm32f4xx_hal_can.o(i.HAL_CAN_Init) for HAL_CAN_Init
    can.o(i.MX_CAN1_Init) refers to main.o(i.Error_Handler) for Error_Handler
    can.o(i.MX_CAN1_Init) refers to can.o(.bss) for hcan1
    dma.o(i.MX_DMA_Init) refers to stm32f4xx_hal_cortex.o(i.HAL_NVIC_SetPriority) for HAL_NVIC_SetPriority
    dma.o(i.MX_DMA_Init) refers to stm32f4xx_hal_cortex.o(i.HAL_NVIC_EnableIRQ) for HAL_NVIC_EnableIRQ
    freertos.o(i.MX_FREERTOS_Init) refers to memcpya.o(.text) for __aeabi_memcpy4
[...]
    .data                                    0x20000284   Section       16  ahrs.o(.data)
    local_hight                              0x20000284   Data           4  ahrs.o(.data)
    latitude                                 0x20000288   Data           4  ahrs.o(.data)
    local_gravity                            0x2000028c   Data           4  ahrs.o(.data)
    carrier_gravity                          0x20000290   Data           4  ahrs.o(.data)
    .data                                    0x20000294   Section        4  errno.o(.data)
    _errno                                   0x20000294   Data           4  errno.o(.data)
    .bss                                     0x20000298   Section       40  can.o(.bss)
    .bss                                     0x200002c0   Section      596  freertos.o(.bss)
    xIdleTaskTCBBuffer                       0x200002c0   Data          84  freertos.o(.bss)
    xIdleStack                               0x20000314   Data         512  freertos.o(.bss)
    .bss                                     0x20000514   Section       88  spi.o(.bss)
    .bss                                     0x2000056c   Section      384  usart.o(.bss)
    .bss                                     0x200006ec   Section       64  stm32f4xx_hal_timebase_tim.o(.bss)
    .bss                                     0x2000072c   Section      300  tasks.o(.bss)
    pxReadyTasksLists                        0x2000072c   Data         200  tasks.o(.bss)
    xDelayedTaskList1                        0x200007f4   Data          20  tasks.o(.bss)
    xDelayedTaskList2                        0x20000808   Data          20  tasks.o(.bss)
    xPendingReadyList                        0x2000081c   Data          20  tasks.o(.bss)
    xTasksWaitingTermination                 0x20000830   Data          20  tasks.o(.bss)
    xSuspendedTaskList                       0x20000844   Data          20  tasks.o(.bss)
    .bss                                     0x20000858   Section    15360  heap_4.o(.bss)
    ucHeap                                   0x20000858   Data       15360  heap_4.o(.bss)
    .bss                                     0x20004458   Section       40  remote.o(.bss)
    .bss                                     0x20004480   Section      208  sensor_task.o(.bss)
    gyro_cali_offset                         0x20004480   Data          12  sensor_task.o(.bss)
    Gyro_Offset                              0x2000448c   Data          12  sensor_task.o(.bss)
    Accel_Offset                             0x20004498   Data          12  sensor_task.o(.bss)
    Mag_Offset                               0x200044a4   Data          12  sensor_task.o(.bss)
    INS_gyro                                 0x200044b0   Data          12  sensor_task.o(.bss)
    INS_accel                                0x200044bc   Data          12  sensor_task.o(.bss)
    INS_mag                                  0x200044c8   Data          12  sensor_task.o(.bss)
    INS_Angle                                0x200044d4   Data          12  sensor_task.o(.bss)
    INS_quat                                 0x200044e0   Data          16  sensor_task.o(.bss)
    mpu6500                                  0x200044f0   Data          24  sensor_task.o(.bss)
    mpu6500_off                              0x20004508   Data          24  sensor_task.o(.bss)
    ist8310                                  0x20004520   Data          12  sensor_task.o(.bss)
    accel_fliter_1                           0x2000452c   Data          12  sensor_task.o(.bss)
    accel_fliter_2                           0x20004538   Data          12  sensor_task.o(.bss)
    accel_fliter_3                           0x20004544   Data          12  sensor_task.o(.bss)
    .bss                                     0x20004550   Section      124  can_receive.o(.bss)
    motor_yaw                                0x20004550   Data          10  can_receive.o(.bss)
    motor_pit                                0x2000455a   Data          10  can_receive.o(.bss)
    motor_trigger                            0x20004564   Data          10  can_receive.o(.bss)
    motor_chassis                            0x2000456e   Data          40  can_receive.o(.bss)
    .bss                                     0x200045cc   Section      316  chassis_task.o(.bss)
    chassis_control                          0x200045cc   Data         316  chassis_task.o(.bss)
    .bss                                     0x20004708   Section      720  gimbal_task.o(.bss)
    .bss                                     0x200049d8   Section      432  auto_aim_task.o(.bss)
    F_aim                                    0x200049d8   Data         124  auto_aim_task.o(.bss)
    I                                        0x20004a54   Data         212  auto_aim_task.o(.bss)
    aim                                      0x20004b28   Data          96  auto_aim_task.o(.bss)
    STACK                                    0x20004b88   Section     1024  startup_stm32f427xx.o(STACK)

    Global Symbols

    Symbol Name                              Value     Ov Type        Size  Object(Section)

    BuildAttributes$$THM_ISAv4$E$P$D$K$B$S$7EM$VFPi3$EXTD16$VFPS$VFMA$PE$A:L22UL41UL21$X:L11$S22US41US21$IEEE1$IW$USESV6$~STKCKD$USESV7$~SHL$OTIME$ROPI$IEEEX$EBA8$MICROLIB$REQ8$PRES8$EABIv2 0x00000000   Number         0  anon$$obj.o ABSOLUTE
    __ARM_use_no_argv                        0x00000000   Number         0  main.o ABSOLUTE
    __cpp_initialize__aeabi_                  - Undefined Weak Reference
    __cxa_finalize                            - Undefined Weak Reference
    _clock_init                               - Undefined Weak Reference
    _microlib_exit                            - Undefined Weak Reference
    __Vectors_Size                           0x000001ac   Number         0  startup_stm32f427xx.o ABSOLUTE
    __Vectors                                0x08000000   Data           4  startup_stm32f427xx.o(RESET)
    __Vectors_End                            0x080001ac   Data           0  startup_stm32f427xx.o(RESET)
    __main                                   0x080001ad   Thumb Code     0  entry.o(.ARM.Collect$$$$00000000)
    _main_stk                                0x080001ad   Thumb Code     0  entry2.o(.ARM.Collect$$$$00000001)
    _main_scatterload                        0x080001b1   Thumb Code     0  entry5.o(.ARM.Collect$$$$00000004)
    __main_after_scatterload                 0x080001b5   Thumb Code     0  entry5.o(.ARM.Collect$$$$00000004)
    _main_clock                              0x080001b5   Thumb Code     0  entry7b.o(.ARM.Collect$$$$00000008)
    _main_cpp_init                           0x080001b5   Thumb Code     0  entry8b.o(.ARM.Collect$$$$0000000A)
    _main_init                               0x080001b5   Thumb Code     0  entry9a.o(.ARM.Collect$$$$0000000B)
    __rt_final_cpp                           0x080001bd   Thumb Code     0  entry10a.o(.ARM.Collect$$$$0000000D)
    __rt_final_exit                          0x080001bd   Thumb Code     0  entry11a.o(.ARM.Collect$$$$0000000F)
    SVC_Handler                              0x080001c1   Thumb Code    28  port.o(.emb_text)
    __asm___6_port_c_39a90d8d__prvStartFirstTask 0x080001e1   Thumb Code    36  port.o(.emb_text)
    __asm___6_port_c_39a90d8d__prvEnableVFP  0x08000209   Thumb Code    16  port.o(.emb_text)
    PendSV_Handler                           0x0800021d   Thumb Code    88  port.o(.emb_text)
    vPortGetIPSR                             0x08000279   Thumb Code     6  port.o(.emb_text)
    Reset_Handler                            0x08000281   Thumb Code     8  startup_stm32f427xx.o(.text)
    ADC_IRQHandler                           0x0800029b   Thumb Code     0  startup_stm32f427xx.o(.text)
    CAN1_RX1_IRQHandler                      0x0800029b   Thumb Code     0  startup_stm32f427xx.o(.text)
    CAN1_SCE_IRQHandler                      0x0800029b   Thumb Code     0  startup_stm32f427xx.o(.text)
    CAN2_RX0_IRQHandler                      0x0800029b   Thumb Code     0  startup_stm32f427xx.o(.text)
    CAN2_RX1_IRQHandler                      0x0800029b   Thumb Code     0  startup_stm32f427xx.o(.text)
    CAN2_SCE_IRQHandler                      0x0800029b   Thumb Code     0  startup_stm32f427xx.o(.text)
    CAN2_TX_IRQHandler                       0x0800029b   Thumb Code     0  startup_stm32f427xx.o(.text)
    DCMI_IRQHandler                          0x0800029b   Thumb Code     0  startup_stm32f427xx.o(.text)
    DMA1_Stream0_IRQHandler                  0x0800029b   Thumb Code     0  startup_stm32f427xx.o(.text)
    DMA1_Stream1_IRQHandler                  0x0800029b   Thumb Code     0  startup_stm32f427xx.o(.text)
    DMA1_Stream2_IRQHandler                  0x0800029b   Thumb Code     0  startup_stm32f427xx.o(.text)
    DMA1_Stream3_IRQHandler                  0x0800029b   Thumb Code     0  startup_stm32f427xx.o(.text)
    DMA1_Stream4_IRQHandler                  0x0800029b   Thumb Code     0  startup_stm32f427xx.o(.text)
    DMA1_Stream5_IRQHandler                  0x0800029b   Thumb Code     0  startup_stm32f427xx.o(.text)
    DMA1_Stream7_IRQHandler                  0x0800029b   Thumb Code     0  startup_stm32f427xx.o(.text)
    DMA2D_IRQHandler                         0x0800029b   Thumb Code     0  startup_stm32f427xx.o(.text)
    DMA2_Stream0_IRQHandler                  0x0800029b   Thumb Code     0  startup_stm32f427xx.o(.text)
    DMA2_Stream1_IRQHandler                  0x0800029b   Thumb Code     0  startup_stm32f427xx.o(.text)
    DMA2_Stream3_IRQHandler                  0x0800029b   Thumb Code     0  startup_stm32f427xx.o(.text)
    DMA2_Stream4_IRQHandler                  0x0800029b   Thumb Code     0  startup_stm32f427xx.o(.text)
    DMA2_Stream5_IRQHandler                  0x0800029b   Thumb Code     0  startup_stm32f427xx.o(.text)
    DMA2_Stream6_IRQHandler                  0x0800029b   Thumb Code     0  startup_stm32f427xx.o(.text)
    DMA2_Stream7_IRQHandler                  0x0800029b   Thumb Code     0  startup_stm32f427xx.o(.text)
    ETH_IRQHandler                           0x0800029b   Thumb Code     0  startup_stm32f427xx.o(.text)
    ETH_WKUP_IRQHandler                      0x0800029b   Thumb Code     0  startup_stm32f427xx.o(.text)
    EXTI0_IRQHandler                         0x0800029b   Thumb Code     0  startup_stm32f427xx.o(.text)
    EXTI15_10_IRQHandler                     0x0800029b   Thumb Code     0  startup_stm32f427xx.o(.text)
    EXTI1_IRQHandler                         0x0800029b   Thumb Code     0  startup_stm32f427xx.o(.text)
    EXTI2_IRQHandler                         0x0800029b   Thumb Code     0  startup_stm32f427xx.o(.text)
    EXTI3_IRQHandler                         0x0800029b   Thumb Code     0  startup_stm32f427xx.o(.text)
    EXTI4_IRQHandler                         0x0800029b   Thumb Code     0  startup_stm32f427xx.o(.text)
    EXTI9_5_IRQHandler                       0x0800029b   Thumb Code     0  startup_stm32f427xx.o(.text)
    FLASH_IRQHandler                         0x0800029b   Thumb Code     0  startup_stm32f427xx.o(.text)
    FMC_IRQHandler                           0x0800029b   Thumb Code     0  startup_stm32f427xx.o(.text)
    FPU_IRQHandler                           0x0800029b   Thumb Code     0  startup_stm32f427xx.o(.text)
    HASH_RNG_IRQHandler                      0x0800029b   Thumb Code     0  startup_stm32f427xx.o(.text)
    I2C1_ER_IRQHandler                       0x0800029b   Thumb Code     0  startup_stm32f427xx.o(.text)
    I2C1_EV_IRQHandler                       0x0800029b   Thumb Code     0  startup_stm32f427xx.o(.text)
    I2C2_ER_IRQHandler                       0x0800029b   Thumb Code     0  startup_stm32f427xx.o(.text)
    I2C2_EV_IRQHandler                       0x0800029b   Thumb Code     0  startup_stm32f427xx.o(.text)
    I2C3_ER_IRQHandler                       0x0800029b   Thumb Code     0  startup_stm32f427xx.o(.text)
    I2C3_EV_IRQHandler                       0x0800029b   Thumb Code     0  startup_stm32f427xx.o(.text)
    OTG_FS_IRQHandler                        0x0800029b   Thumb Code     0  startup_stm32f427xx.o(.text)
    OTG_FS_WKUP_IRQHandler                   0x0800029b   Thumb Code     0  startup_stm32f427xx.o(.text)
    OTG_HS_EP1_IN_IRQHandler                 0x0800029b   Thumb Code     0  startup_stm32f427xx.o(.text)
    OTG_HS_EP1_OUT_IRQHandler                0x0800029b   Thumb Code     0  startup_stm32f427xx.o(.text)
    OTG_HS_IRQHandler                        0x0800029b   Thumb Code     0  startup_stm32f427xx.o(.text)
    OTG_HS_WKUP_IRQHandler                   0x0800029b   Thumb Code     0  startup_stm32f427xx.o(.text)
    PVD_IRQHandler                           0x0800029b   Thumb Code     0  startup_stm32f427xx.o(.text)
    RCC_IRQHandler                           0x0800029b   Thumb Code     0  startup_stm32f427xx.o(.text)
    RTC_Alarm_IRQHandler                     0x0800029b   Thumb Code     0  startup_stm32f427xx.o(.text)
    RTC_WKUP_IRQHandler                      0x0800029b   Thumb Code     0  startup_stm32f427xx.o(.text)
    SAI1_IRQHandler                          0x0800029b   Thumb Code     0  startup_stm32f427xx.o(.text)
    SDIO_IRQHandler                          0x0800029b   Thumb Code     0  startup_stm32f427xx.o(.text)
    SPI1_IRQHandler                          0x0800029b   Thumb Code     0  startup_stm32f427xx.o(.text)
    SPI2_IRQHandler                          0x0800029b   Thumb Code     0  startup_stm32f427xx.o(.text)
    SPI3_IRQHandler                          0x0800029b   Thumb Code     0  startup_stm32f427xx.o(.text)
    SPI4_IRQHandler                          0x0800029b   Thumb Code     0  startup_stm32f427xx.o(.text)
    SPI5_IRQHandler                          0x0800029b   Thumb Code     0  startup_stm32f427xx.o(.text)
    SPI6_IRQHandler                          0x0800029b   Thumb Code     0  startup_stm32f427xx.o(.text)
    TAMP_STAMP_IRQHandler                    0x0800029b   Thumb Code     0  startup_stm32f427xx.o(.text)
    TIM1_BRK_TIM9_IRQHandler                 0x0800029b   Thumb Code     0  startup_stm32f427xx.o(.text)
    TIM1_CC_IRQHandler                       0x0800029b   Thumb Code     0  startup_stm32f427xx.o(.text)
    TIM1_TRG_COM_TIM11_IRQHandler            0x0800029b   Thumb Code     0  startup_stm32f427xx.o(.text)
    TIM2_IRQHandler                          0x0800029b   Thumb Code     0  startup_stm32f427xx.o(.text)
    TIM3_IRQHandler                          0x0800029b   Thumb Code     0  startup_stm32f427xx.o(.text)
    TIM4_IRQHandler                          0x0800029b   Thumb Code     0  startup_stm32f427xx.o(.text)
    TIM5_IRQHandler                          0x0800029b   Thumb Code     0  startup_stm32f427xx.o(.text)
    TIM6_DAC_IRQHandler                      0x0800029b   Thumb Code     0  startup_stm32f427xx.o(.text)
    TIM7_IRQHandler                          0x0800029b   Thumb Code     0  startup_stm32f427xx.o(.text)
    TIM8_BRK_TIM12_IRQHandler                0x0800029b   Thumb Code     0  startup_stm32f427xx.o(.text)
    TIM8_CC_IRQHandler                       0x0800029b   Thumb Code     0  startup_stm32f427xx.o(.text)
    TIM8_TRG_COM_TIM14_IRQHandler            0x0800029b   Thumb Code     0  startup_stm32f427xx.o(.text)
    TIM8_UP_TIM13_IRQHandler                 0x0800029b   Thumb Code     0  startup_stm32f427xx.o(.text)
    UART4_IRQHandler                         0x0800029b   Thumb Code     0  startup_stm32f427xx.o(.text)
    UART5_IRQHandler                         0x0800029b   Thumb Code     0  startup_stm32f427xx.o(.text)
    UART7_IRQHandler                         0x0800029b   Thumb Code     0  startup_stm32f427xx.o(.text)
    UART8_IRQHandler                         0x0800029b   Thumb Code     0  startup_stm32f427xx.o(.text)
    USART1_IRQHandler                        0x0800029b   Thumb Code     0  startup_stm32f427xx.o(.text)
    USART2_IRQHandler                        0x0800029b   Thumb Code     0  startup_stm32f427xx.o(.text)
    USART3_IRQHandler                        0x0800029b   Thumb Code     0  startup_stm32f427xx.o(.text)
    USART6_IRQHandler                        0x0800029b   Thumb Code     0  startup_stm32f427xx.o(.text)
    WWDG_IRQHandler                          0x0800029b   Thumb Code     0  startup_stm32f427xx.o(.text)
    arm_cos_f32                              0x080002a5   Thumb Code   108  arm_cos_f32.o(.text)
    arm_sin_f32                              0x0800031d   Thumb Code   104  arm_sin_f32.o(.text)
    arm_mat_add_f32                          0x08000391   Thumb Code   264  arm_mat_add_f32.o(.text)
    arm_mat_init_f32                         0x08000499   Thumb Code     8  arm_mat_init_f32.o(.text)
    arm_mat_inverse_f32                      0x080004a1   Thumb Code  1328  arm_mat_inverse_f32.o(.text)
    arm_mat_mult_f32                         0x080009d1   Thumb Code   312  arm_mat_mult_f32.o(.text)
    arm_mat_sub_f32                          0x08000b0d   Thumb Code   264  arm_mat_sub_f32.o(.text)
    arm_mat_trans_f32                        0x08000c15   Thumb Code   276  arm_mat_trans_f32.o(.text)
    __aeabi_uldivmod                         0x08000d29   Thumb Code    98  uldiv.o(.text)
    __aeabi_memcpy                           0x08000d8b   Thumb Code    36  memcpya.o(.text)
    __aeabi_memcpy4                          0x08000d8b   Thumb Code     0  memcpya.o(.text)
    __aeabi_memcpy8                          0x08000d8b   Thumb Code     0  memcpya.o(.text)
    __aeabi_memset                           0x08000daf   Thumb Code    14  memseta.o(.text)
    __aeabi_memset4                          0x08000daf   Thumb Code     0  memseta.o(.text)
    __aeabi_memset8                          0x08000daf   Thumb Code     0  memseta.o(.text)
    __aeabi_memclr                           0x08000dbd   Thumb Code     4  memseta.o(.text)
    __aeabi_memclr4                          0x08000dbd   Thumb Code     0  memseta.o(.text)
    __aeabi_memclr8                          0x08000dbd   Thumb Code     0  memseta.o(.text)
    memset                                   0x08000dc1   Thumb Code    18  memseta.o(.text)
    __aeabi_dadd                             0x08000dd3   Thumb Code   322  dadd.o(.text)
    __aeabi_dsub                             0x08000f15   Thumb Code     6  dadd.o(.text)
    __aeabi_drsub                            0x08000f1b   Thumb Code     6  dadd.o(.text)
    __aeabi_dmul                             0x08000f21   Thumb Code   228  dmul.o(.text)
    __aeabi_ddiv                             0x08001005   Thumb Code   222  ddiv.o(.text)
    __aeabi_i2d                              0x080010e3   Thumb Code    34  dflti.o(.text)
    __aeabi_d2iz                             0x08001105   Thumb Code    62  dfixi.o(.text)
    __aeabi_f2d                              0x08001143   Thumb Code    38  f2d.o(.text)
    __aeabi_cdcmpeq                          0x08001169   Thumb Code     0  cdcmple.o(.text)
    __aeabi_cdcmple                          0x08001169   Thumb Code    48  cdcmple.o(.text)
    __aeabi_cdrcmple                         0x08001199   Thumb Code    48  cdrcmple.o(.text)
    __aeabi_d2f                              0x080011c9   Thumb Code    56  d2f.o(.text)
    __aeabi_llsl                             0x08001201   Thumb Code    30  llshl.o(.text)
    _ll_shift_l                              0x08001201   Thumb Code     0  llshl.o(.text)
    __aeabi_llsr                             0x0800121f   Thumb Code    32  llushr.o(.text)
    _ll_ushift_r                             0x0800121f   Thumb Code     0  llushr.o(.text)
    __aeabi_lasr                             0x0800123f   Thumb Code    36  llsshr.o(.text)
    _ll_sshift_r                             0x0800123f   Thumb Code     0  llsshr.o(.text)
    __I$use$fp                               0x08001263   Thumb Code     0  iusefp.o(.text)
    _float_round                             0x08001263   Thumb Code    18  fepilogue.o(.text)
    _float_epilogue                          0x08001275   Thumb Code    92  fepilogue.o(.text)
    _double_round                            0x080012d1   Thumb Code    30  depilogue.o(.text)
    _double_epilogue                         0x080012ef   Thumb Code   156  depilogue.o(.text)
    __scatterload                            0x0800138d   Thumb Code    28  init.o(.text)
    __scatterload_rt2                        0x0800138d   Thumb Code     0  init.o(.text)
    __decompress                             0x080013b1   Thumb Code     0  __dczerorl2.o(.text)
    __decompress1                            0x080013b1   Thumb Code    86  __dczerorl2.o(.text)
    AHRS_asinf                               0x08001407   Thumb Code    24  ahrs_middleware.o(i.AHRS_asinf)
    AHRS_atan2f                              0x0800141f   Thumb Code    32  ahrs_middleware.o(i.AHRS_atan2f)
    AHRS_cosf                                0x0800143f   Thumb Code    24  ahrs_middleware.o(i.AHRS_cosf)
    AHRS_get_height                          0x08001471   Thumb Code    12  ahrs_middleware.o(i.AHRS_get_height)
    AHRS_get_latitude                        0x08001481   Thumb Code    12  ahrs_middleware.o(i.AHRS_get_latitude)
    AHRS_init                                0x08001491   Thumb Code   626  ahrs.o(i.AHRS_init)
    AHRS_invSqrt                             0x0800172d   Thumb Code    56  ahrs_middleware.o(i.AHRS_invSqrt)
    AHRS_sinf                                0x08001769   Thumb Code    24  ahrs_middleware.o(i.AHRS_sinf)
    AHRS_update                              0x08001781   Thumb Code   314  ahrs.o(i.AHRS_update)
    BusFault_Handler                         0x08001c11   Thumb Code     4  stm32f4xx_it.o(i.BusFault_Handler)
    CAN1_Getdata                             0x08001c15   Thumb Code    86  can_receive.o(i.CAN1_Getdata)
    CAN1_Init                                0x08001c7d   Thumb Code    62  can_receive.o(i.CAN1_Init)
    CAN1_RX0_IRQHandler                      0x08001cc1   Thumb Code    30  stm32f4xx_it.o(i.CAN1_RX0_IRQHandler)
    CAN1_TX_IRQHandler                       0x08001ced   Thumb Code    14  stm32f4xx_it.o(i.CAN1_TX_IRQHandler)
    CAN_CMD_Gimbal                           0x08001d01   Thumb Code    52  can_receive.o(i.CAN_CMD_Gimbal)
    Chebyshev100HzLPF                        0x08001e95   Thumb Code   282  filter.o(i.Chebyshev100HzLPF)
    Corrector_Yaw_Speed                      0x08001fb9   Thumb Code   360  filter.o(i.Corrector_Yaw_Speed)
    DMA1_Stream6_IRQHandler                  0x08002139   Thumb Code    14  stm32f4xx_it.o(i.DMA1_Stream6_IRQHandler)
    DMA2_Stream2_IRQHandler                  0x0800214d   Thumb Code    22  stm32f4xx_it.o(i.DMA2_Stream2_IRQHandler)
    DebugMon_Handler                         0x0800227b   Thumb Code     2  stm32f4xx_it.o(i.DebugMon_Handler)
    Error_Handler                            0x0800227d   Thumb Code     2  main.o(i.Error_Handler)
    Getdata_Camera                           0x08002281   Thumb Code   356  auto_aim_task.o(i.Getdata_Camera)
    HAL_CAN_ActivateNotification             0x08002955   Thumb Code    42  stm32f4xx_hal_can.o(i.HAL_CAN_ActivateNotification)
    HAL_CAN_AddTxMessage                     0x0800297f   Thumb Code   342  stm32f4xx_hal_can.o(i.HAL_CAN_AddTxMessage)
    HAL_CAN_ConfigFilter                     0x08002ad5   Thumb Code   286  stm32f4xx_hal_can.o(i.HAL_CAN_ConfigFilter)
    HAL_CAN_ErrorCallback                    0x08002bf9   Thumb Code     2  stm32f4xx_hal_can.o(i.HAL_CAN_ErrorCallback)
    HAL_CAN_GetRxMessage                     0x08002bfb   Thumb Code   380  stm32f4xx_hal_can.o(i.HAL_CAN_GetRxMessage)
    HAL_CAN_IRQHandler                       0x08002d77   Thumb Code   590  stm32f4xx_hal_can.o(i.HAL_CAN_IRQHandler)
    HAL_CAN_Init                             0x08002fc5   Thumb Code   372  stm32f4xx_hal_can.o(i.HAL_CAN_Init)
    HAL_CAN_MspInit                          0x08003139   Thumb Code   154  can.o(i.HAL_CAN_MspInit)
    HAL_CAN_RxFifo0FullCallback              0x080031e1   Thumb Code     2  stm32f4xx_hal_can.o(i.HAL_CAN_RxFifo0FullCallback)
    HAL_CAN_RxFifo0MsgPendingCallback        0x080031e3   Thumb Code     2  stm32f4xx_hal_can.o(i.HAL_CAN_RxFifo0MsgPendingCallback)
    HAL_CAN_RxFifo1FullCallback              0x080031e5   Thumb Code     2  stm32f4xx_hal_can.o(i.HAL_CAN_RxFifo1FullCallback)
    HAL_CAN_RxFifo1MsgPendingCallback        0x080031e7   Thumb Code     2  stm32f4xx_hal_can.o(i.HAL_CAN_RxFifo1MsgPendingCallback)
    HAL_CAN_SleepCallback                    0x080031e9   Thumb Code     2  stm32f4xx_hal_can.o(i.HAL_CAN_SleepCallback)
    HAL_CAN_Start                            0x080031eb   Thumb Code    94  stm32f4xx_hal_can.o(i.HAL_CAN_Start)
    HAL_CAN_TxMailbox0AbortCallback          0x08003249   Thumb Code     2  stm32f4xx_hal_can.o(i.HAL_CAN_TxMailbox0AbortCallback)
    HAL_CAN_TxMailbox0CompleteCallback       0x0800324b   Thumb Code     2  stm32f4xx_hal_can.o(i.HAL_CAN_TxMailbox0CompleteCallback)
    HAL_CAN_TxMailbox1AbortCallback          0x0800324d   Thumb Code     2  stm32f4xx_hal_can.o(i.HAL_CAN_TxMailbox1AbortCallback)
    HAL_CAN_TxMailbox1CompleteCallback       0x0800324f   Thumb Code     2  stm32f4xx_hal_can.o(i.HAL_CAN_TxMailbox1CompleteCallback)
    HAL_CAN_TxMailbox2AbortCallback          0x08003251   Thumb Code     2  stm32f4xx_hal_can.o(i.HAL_CAN_TxMailbox2AbortCallback)
    HAL_CAN_TxMailbox2CompleteCallback       0x08003253   Thumb Code     2  stm32f4xx_hal_can.o(i.HAL_CAN_TxMailbox2CompleteCallback)
    HAL_CAN_WakeUpFromRxMsgCallback          0x08003255   Thumb Code     2  stm32f4xx_hal_can.o(i.HAL_CAN_WakeUpFromRxMsgCallback)
    HAL_DMA_IRQHandler                       0x08003259   Thumb Code   570  stm32f4xx_hal_dma.o(i.HAL_DMA_IRQHandler)
    HAL_DMA_Init                             0x08003499   Thumb Code   232  stm32f4xx_hal_dma.o(i.HAL_DMA_Init)
    HAL_DMA_Start_IT                         0x08003585   Thumb Code   158  stm32f4xx_hal_dma.o(i.HAL_DMA_Start_IT)
    HAL_GPIO_Init                            0x08003625   Thumb Code   486  stm32f4xx_hal_gpio.o(i.HAL_GPIO_Init)
    HAL_GPIO_WritePin                        0x08003841   Thumb Code    12  stm32f4xx_hal_gpio.o(i.HAL_GPIO_WritePin)
    HAL_GetTick                              0x0800384d   Thumb Code     6  stm32f4xx_hal.o(i.HAL_GetTick)
    HAL_IncTick                              0x08003859   Thumb Code    16  stm32f4xx_hal.o(i.HAL_IncTick)
    HAL_Init                                 0x08003871   Thumb Code    54  stm32f4xx_hal.o(i.HAL_Init)
    HAL_InitTick                             0x080038ad   Thumb Code   122  stm32f4xx_hal_timebase_tim.o(i.HAL_InitTick)
    HAL_MspInit                              0x08003939   Thumb Code    78  stm32f4xx_hal_msp.o(i.HAL_MspInit)
    HAL_MultiProcessor_Init                  0x0800398d   Thumb Code   154  stm32f4xx_hal_uart.o(i.HAL_MultiProcessor_Init)
    HAL_NVIC_EnableIRQ                       0x08003a27   Thumb Code    32  stm32f4xx_hal_cortex.o(i.HAL_NVIC_EnableIRQ)
    HAL_NVIC_SetPriority                     0x08003a47   Thumb Code   124  stm32f4xx_hal_cortex.o(i.HAL_NVIC_SetPriority)
    HAL_NVIC_SetPriorityGrouping             0x08003ac5   Thumb Code    32  stm32f4xx_hal_cortex.o(i.HAL_NVIC_SetPriorityGrouping)
    HAL_PWREx_EnableOverDrive                0x08003aed   Thumb Code   128  stm32f4xx_hal_pwr_ex.o(i.HAL_PWREx_EnableOverDrive)
    HAL_RCC_ClockConfig                      0x08003b79   Thumb Code   366  stm32f4xx_hal_rcc.o(i.HAL_RCC_ClockConfig)
    HAL_RCC_GetClockConfig                   0x08003cf9   Thumb Code    58  stm32f4xx_hal_rcc.o(i.HAL_RCC_GetClockConfig)
    HAL_RCC_GetHCLKFreq                      0x08003d3d   Thumb Code     6  stm32f4xx_hal_rcc.o(i.HAL_RCC_GetHCLKFreq)
    HAL_RCC_GetPCLK1Freq                     0x08003d49   Thumb Code    22  stm32f4xx_hal_rcc.o(i.HAL_RCC_GetPCLK1Freq)
    HAL_RCC_GetPCLK2Freq                     0x08003d69   Thumb Code    22  stm32f4xx_hal_rcc.o(i.HAL_RCC_GetPCLK2Freq)
    HAL_RCC_GetSysClockFreq                  0x08003d89   Thumb Code   162  stm32f4xx_hal_rcc.o(i.HAL_RCC_GetSysClockFreq)
    HAL_RCC_OscConfig                        0x08003e39   Thumb Code  1086  stm32f4xx_hal_rcc.o(i.HAL_RCC_OscConfig)
    HAL_SPI_Init                             0x08004281   Thumb Code   140  stm32f4xx_hal_spi.o(i.HAL_SPI_Init)
    HAL_SPI_MspInit                          0x0800430d   Thumb Code   124  spi.o(i.HAL_SPI_MspInit)
    HAL_SPI_TransmitReceive                  0x08004395   Thumb Code   554  stm32f4xx_hal_spi.o(i.HAL_SPI_TransmitReceive)
    HAL_TIMEx_BreakCallback                  0x080045bf   Thumb Code     2  stm32f4xx_hal_tim_ex.o(i.HAL_TIMEx_BreakCallback)
    HAL_TIMEx_CommutCallback                 0x080045c1   Thumb Code     2  stm32f4xx_hal_tim_ex.o(i.HAL_TIMEx_CommutCallback)
    HAL_TIM_Base_Init                        0x080045c3   Thumb Code    52  stm32f4xx_hal_tim.o(i.HAL_TIM_Base_Init)
    HAL_TIM_Base_MspInit                     0x080045f7   Thumb Code     2  stm32f4xx_hal_tim.o(i.HAL_TIM_Base_MspInit)
    HAL_TIM_Base_Start_IT                    0x080045f9   Thumb Code    42  stm32f4xx_hal_tim.o(i.HAL_TIM_Base_Start_IT)
    HAL_TIM_IC_CaptureCallback               0x08004623   Thumb Code     2  stm32f4xx_hal_tim.o(i.HAL_TIM_IC_CaptureCallback)
    HAL_TIM_IRQHandler                       0x08004625   Thumb Code   406  stm32f4xx_hal_tim.o(i.HAL_TIM_IRQHandler)
    HAL_TIM_OC_DelayElapsedCallback          0x080047bb   Thumb Code     2  stm32f4xx_hal_tim.o(i.HAL_TIM_OC_DelayElapsedCallback)
    HAL_TIM_PWM_PulseFinishedCallback        0x080047bd   Thumb Code     2  stm32f4xx_hal_tim.o(i.HAL_TIM_PWM_PulseFinishedCallback)
    HAL_TIM_PeriodElapsedCallback            0x080047c1   Thumb Code    18  main.o(i.HAL_TIM_PeriodElapsedCallback)
    HAL_TIM_TriggerCallback                  0x080047d9   Thumb Code     2  stm32f4xx_hal_tim.o(i.HAL_TIM_TriggerCallback)
    HAL_UART_ErrorCallback                   0x080047db   Thumb Code     2  stm32f4xx_hal_uart.o(i.HAL_UART_ErrorCallback)
    HAL_UART_Init                            0x080047dd   Thumb Code   114  stm32f4xx_hal_uart.o(i.HAL_UART_Init)
    HAL_UART_MspInit                         0x08004851   Thumb Code   466  usart.o(i.HAL_UART_MspInit)
    HAL_UART_Receive_DMA                     0x08004a51   Thumb Code   182  stm32f4xx_hal_uart.o(i.HAL_UART_Receive_DMA)
    HAL_UART_RxCpltCallback                  0x08004b15   Thumb Code     2  stm32f4xx_hal_uart.o(i.HAL_UART_RxCpltCallback)
    HAL_UART_RxHalfCpltCallback              0x08004b17   Thumb Code     2  stm32f4xx_hal_uart.o(i.HAL_UART_RxHalfCpltCallback)
    HardFault_Handler                        0x08004b19   Thumb Code     4  stm32f4xx_it.o(i.HardFault_Handler)
    LEDFlash_Task                            0x08004ce5   Thumb Code    52  led_task.o(i.LEDFlash_Task)
    MPU6500_Read_Reg                         0x08005099   Thumb Code    56  mpu6500.o(i.MPU6500_Read_Reg)
    MPU6500_Read_Regs                        0x080050dd   Thumb Code    68  mpu6500.o(i.MPU6500_Read_Regs)
    MPU6500_Write_Reg                        0x08005131   Thumb Code    60  mpu6500.o(i.MPU6500_Write_Reg)
    MPU6500_Write_Regs                       0x08005179   Thumb Code    58  mpu6500.o(i.MPU6500_Write_Regs)
    MX_CAN1_Init                             0x080051c5   Thumb Code    60  can.o(i.MX_CAN1_Init)
    MX_DMA_Init                              0x08005209   Thumb Code    98  dma.o(i.MX_DMA_Init)
    MX_FREERTOS_Init                         0x08005271   Thumb Code   174  freertos.o(i.MX_FREERTOS_Init)
    MX_GPIO_Init                             0x08005341   Thumb Code   344  gpio.o(i.MX_GPIO_Init)
    MX_SPI5_Init                             0x080054a9   Thumb Code    58  spi.o(i.MX_SPI5_Init)
    MX_UART4_Init                            0x080054ed   Thumb Code    46  usart.o(i.MX_UART4_Init)
    MX_UART8_Init                            0x08005525   Thumb Code    46  usart.o(i.MX_UART8_Init)
    MX_USART1_UART_Init                      0x0800555d   Thumb Code    48  usart.o(i.MX_USART1_UART_Init)
    MemManage_Handler                        0x08005599   Thumb Code     4  stm32f4xx_it.o(i.MemManage_Handler)
    NMI_Handler                              0x08005619   Thumb Code     2  stm32f4xx_it.o(i.NMI_Handler)
    PID_Calculate                            0x080057a1   Thumb Code   444  pid.o(i.PID_Calculate)
    PID_Init                                 0x08005961   Thumb Code    46  pid.o(i.PID_Init)
    RC_data_is_error                         0x080059a5   Thumb Code   144  remote.o(i.RC_data_is_error)
    SBUS_TO_RC                               0x08005a39   Thumb Code   162  remote.o(i.SBUS_TO_RC)
    Sensor_task                              0x08005bf1   Thumb Code    78  sensor_task.o(i.Sensor_task)
    StartDefaultTask                         0x08005c55   Thumb Code    10  freertos.o(i.StartDefaultTask)
    SysTick_Handler                          0x08005c61   Thumb Code    46  port.o(i.SysTick_Handler)
    SystemClock_Config                       0x08005c95   Thumb Code   180  main.o(i.SystemClock_Config)
    SystemInit                               0x08005d51   Thumb Code    82  system_stm32f4xx.o(i.SystemInit)
    TIM1_UP_TIM10_IRQHandler                 0x08005db5   Thumb Code    10  stm32f4xx_it.o(i.TIM1_UP_TIM10_IRQHandler)
    TIM_Base_SetConfig                       0x08005dc5   Thumb Code   170  stm32f4xx_hal_tim.o(i.TIM_Base_SetConfig)
    Underpan_motor_output                    0x080062dd   Thumb Code    72  can_receive.o(i.Underpan_motor_output)
    UsageFault_Handler                       0x08006335   Thumb Code     4  stm32f4xx_it.o(i.UsageFault_Handler)
    __ARM_fpclassify                         0x08006339   Thumb Code    48  fpclassify.o(i.__ARM_fpclassify)
    __ARM_fpclassifyf                        0x08006369   Thumb Code    38  fpclassifyf.o(i.__ARM_fpclassifyf)
    __hardfp_asinf                           0x080063c9   Thumb Code   258  asinf.o(i.__hardfp_asinf)
    __hardfp_atan                            0x080064f9   Thumb Code   622  atan.o(i.__hardfp_atan)
    __hardfp_atan2f                          0x080067d1   Thumb Code   502  atan2f.o(i.__hardfp_atan2f)
    __kernel_poly                            0x08006a21   Thumb Code   248  poly.o(i.__kernel_poly)
    __mathlib_dbl_infnan                     0x08006b19   Thumb Code    20  dunder.o(i.__mathlib_dbl_infnan)
    __mathlib_dbl_underflow                  0x08006b31   Thumb Code    24  dunder.o(i.__mathlib_dbl_underflow)
    __mathlib_flt_infnan                     0x08006b51   Thumb Code     6  funder.o(i.__mathlib_flt_infnan)
    __mathlib_flt_infnan2                    0x08006b57   Thumb Code     6  funder.o(i.__mathlib_flt_infnan2)
    __mathlib_flt_invalid                    0x08006b5d   Thumb Code    10  funder.o(i.__mathlib_flt_invalid)
    __mathlib_flt_underflow                  0x08006b6d   Thumb Code    10  funder.o(i.__mathlib_flt_underflow)
    __scatterload_copy                       0x08006b7d   Thumb Code    14  handlers.o(i.__scatterload_copy)
    __scatterload_null                       0x08006b8b   Thumb Code     2  handlers.o(i.__scatterload_null)
    __scatterload_zeroinit                   0x08006b8d   Thumb Code    14  handlers.o(i.__scatterload_zeroinit)
    __set_errno                              0x08006b9d   Thumb Code     6  errno.o(i.__set_errno)
    auto_aim_task                            0x08007071   Thumb Code   110  auto_aim_task.o(i.auto_aim_task)
    chassis_task                             0x080070ed   Thumb Code   132  chassis_task.o(i.chassis_task)
    detect_task                              0x08007175   Thumb Code    10  detect_task.o(i.detect_task)
    fabs                                     0x0800717f   Thumb Code    24  fabs.o(i.fabs)
    get_Chassis_Motor_Measure_Point          0x08007199   Thumb Code    18  can_receive.o(i.get_Chassis_Motor_Measure_Point)
    get_INS_angle_point                      0x080071b1   Thumb Code     4  sensor_task.o(i.get_INS_angle_point)
    get_MPU6500_Gyro_Data_Point              0x080071b9   Thumb Code     4  sensor_task.o(i.get_MPU6500_Gyro_Data_Point)
    get_Pitch_Gimbal_Motor_Measure_Point     0x080071c1   Thumb Code     4  can_receive.o(i.get_Pitch_Gimbal_Motor_Measure_Point)
    get_Yaw_Gimbal_Motor_Measure_Point       0x080071c9   Thumb Code     4  can_receive.o(i.get_Yaw_Gimbal_Motor_Measure_Point)
    get_angle                                0x080071d1   Thumb Code   232  ahrs.o(i.get_angle)
    get_motor_measure                        0x080072b9   Thumb Code    46  can_receive.o(i.get_motor_measure)
    get_pitch_motor_point                    0x080072e9   Thumb Code     4  gimbal_task.o(i.get_pitch_motor_point)
    get_remote_control_point                 0x080072f1   Thumb Code     4  remote.o(i.get_remote_control_point)
    get_x_autoaim_point                      0x080072f9   Thumb Code     4  auto_aim_task.o(i.get_x_autoaim_point)
    get_y_autoaim_point                      0x08007301   Thumb Code     4  auto_aim_task.o(i.get_y_autoaim_point)
    get_yaw_motor_point                      0x08007309   Thumb Code     4  gimbal_task.o(i.get_yaw_motor_point)
    gimbal_task                              0x08007311   Thumb Code   194  gimbal_task.o(i.gimbal_task)
    ist8310_IIC_read_single_reg              0x080073e1   Thumb Code    38  ist8310.o(i.ist8310_IIC_read_single_reg)
    ist8310_IIC_write_single_reg             0x0800740d   Thumb Code    32  ist8310.o(i.ist8310_IIC_write_single_reg)
    ist8310_RST_H                            0x08007431   Thumb Code    14  ist8310.o(i.ist8310_RST_H)
    ist8310_RST_L                            0x08007445   Thumb Code    14  ist8310.o(i.ist8310_RST_L)
    ist8310_auto_com_by_mpu6500              0x08007459   Thumb Code    20  ist8310.o(i.ist8310_auto_com_by_mpu6500)
    ist8310_com_init                         0x08007471   Thumb Code     2  ist8310.o(i.ist8310_com_init)
    ist8310_delay_ms                         0x08007473   Thumb Code    12  ist8310.o(i.ist8310_delay_ms)
    ist8310_delay_us                         0x0800747f   Thumb Code     2  ist8310.o(i.ist8310_delay_us)
    ist8310_init                             0x08007481   Thumb Code   200  ist8310.o(i.ist8310_init)
    kalman_filter_calc                       0x08007555   Thumb Code   400  kalman_filter.o(i.kalman_filter_calc)
    kalman_filter_init                       0x080076e5   Thumb Code   256  kalman_filter.o(i.kalman_filter_init)
    main                                     0x080077e5   Thumb Code    62  main.o(i.main)
    mpu6500_SPI_NS_H                         0x0800783d   Thumb Code    14  mpu6500.o(i.mpu6500_SPI_NS_H)
    mpu6500_SPI_NS_L                         0x08007851   Thumb Code    14  mpu6500.o(i.mpu6500_SPI_NS_L)
    osDelay                                  0x08007865   Thumb Code    24  cmsis_os.o(i.osDelay)
    osDelayUntil                             0x0800787d   Thumb Code    28  cmsis_os.o(i.osDelayUntil)
    osKernelStart                            0x08007899   Thumb Code    10  cmsis_os.o(i.osKernelStart)
    osThreadCreate                           0x080078a3   Thumb Code    94  cmsis_os.o(i.osThreadCreate)
    pvPortMalloc                             0x08007d79   Thumb Code   296  heap_4.o(i.pvPortMalloc)
    pxPortInitialiseStack                    0x08007eb5   Thumb Code    38  port.o(i.pxPortInitialiseStack)
    sqrtf                                    0x08007f65   Thumb Code    62  sqrtf_full.o(i.sqrtf)
    uxListRemove                             0x0800801d   Thumb Code    40  list.o(i.uxListRemove)
    vApplicationGetIdleTaskMemory            0x08008045   Thumb Code    14  freertos.o(i.vApplicationGetIdleTaskMemory)
    vListInitialise                          0x0800805d   Thumb Code    26  list.o(i.vListInitialise)
    vListInitialiseItem                      0x08008077   Thumb Code     6  list.o(i.vListInitialiseItem)
    vListInsert                              0x0800807d   Thumb Code    52  list.o(i.vListInsert)
    vListInsertEnd                           0x080080b1   Thumb Code    24  list.o(i.vListInsertEnd)
    vPortEnterCritical                       0x080080c9   Thumb Code    76  port.o(i.vPortEnterCritical)
    vPortExitCritical                        0x0800811d   Thumb Code    56  port.o(i.vPortExitCritical)
    vPortFree                                0x08008159   Thumb Code   140  heap_4.o(i.vPortFree)
    vPortSetupTimerInterrupt                 0x080081ed   Thumb Code    36  port.o(i.vPortSetupTimerInterrupt)
    vTaskDelay                               0x08008215   Thumb Code    82  tasks.o(i.vTaskDelay)
    vTaskDelayUntil                          0x08008271   Thumb Code   200  tasks.o(i.vTaskDelayUntil)
    vTaskStartScheduler                      0x08008345   Thumb Code   146  tasks.o(i.vTaskStartScheduler)
    vTaskSuspendAll                          0x080083f5   Thumb Code    12  tasks.o(i.vTaskSuspendAll)
    vTaskSwitchContext                       0x08008405   Thumb Code   118  tasks.o(i.vTaskSwitchContext)
    xPortStartScheduler                      0x08008491   Thumb Code   330  port.o(i.xPortStartScheduler)
    xTaskCreate                              0x080085f9   Thumb Code   100  tasks.o(i.xTaskCreate)
    xTaskCreateStatic                        0x0800865d   Thumb Code   184  tasks.o(i.xTaskCreateStatic)
    xTaskGetTickCount                        0x08008715   Thumb Code     6  tasks.o(i.xTaskGetTickCount)
    xTaskIncrementTick                       0x08008721   Thumb Code   282  tasks.o(i.xTaskIncrementTick)
    xTaskResumeAll                           0x08008869   Thumb Code   224  tasks.o(i.xTaskResumeAll)
    AHBPrescTable                            0x08008a38   Data          16  system_stm32f4xx.o(.constdata)
    APBPrescTable                            0x08008a48   Data           8  system_stm32f4xx.o(.constdata)
    sinTable_f32                             0x08008a88   Data        2052  arm_common_tables.o(.constdata)
    Region$$Table$$Base                      0x08009380   Number         0  anon$$obj.o(Region$$Table)
    Region$$Table$$Limit                     0x080093a0   Number         0  anon$$obj.o(Region$$Table)
    defaultTaskHandle                        0x20000000   Data           4  freertos.o(.data)
    LEDFlashTaskHandle                       0x20000004   Data           4  freertos.o(.data)
    detecttaskHandle                         0x20000008   Data           4  freertos.o(.data)
    SensortaskHandle                         0x2000000c   Data           4  freertos.o(.data)
    gimbaltaskHandle                         0x20000010   Data           4  freertos.o(.data)
    chassistaskHandle                        0x20000014   Data           4  freertos.o(.data)
    autoaimtaskHandle                        0x20000018   Data           4  freertos.o(.data)
    uwTick                                   0x20000024   Data           4  stm32f4xx_hal.o(.data)
    uwTickPrio                               0x20000028   Data           4  stm32f4xx_hal.o(.data)
    uwTickFreq                               0x2000002c   Data           1  stm32f4xx_hal.o(.data)
    SystemCoreClock                          0x20000030   Data           4  system_stm32f4xx.o(.data)
    pxCurrentTCB                             0x20000034   Data           4  tasks.o(.data)
    pTxMailbox                               0x20000118   Data           4  can_receive.o(.data)
    point_all                                0x20000138   Data           4  gimbal_task.o(.data)
    t                                        0x2000013c   Data           4  gimbal_task.o(.data)
    once_lenth                               0x20000140   Data           4  gimbal_task.o(.data)
    x                                        0x20000144   Data           4  gimbal_task.o(.data)
    y                                        0x20000148   Data           4  gimbal_task.o(.data)
    T_aim                                    0x2000014c   Data           1  gimbal_task.o(.data)
    jlook_taget                              0x20000150   Data           4  gimbal_task.o(.data)
    jlook_remote                             0x20000154   Data           4  gimbal_task.o(.data)
    jlook_1                                  0x20000158   Data           4  gimbal_task.o(.data)
    jlook_2                                  0x2000015c   Data           4  gimbal_task.o(.data)
    jlook_3                                  0x20000160   Data           4  gimbal_task.o(.data)
    y1                                       0x20000168   Data           4  filter.o(.data)
    y2                                       0x2000016c   Data           4  filter.o(.data)
    y3                                       0x20000170   Data           4  filter.o(.data)
    y4                                       0x20000174   Data           4  filter.o(.data)
    NUM                                      0x20000178   Data          40  filter.o(.data)
    DEN                                      0x200001a0   Data          40  filter.o(.data)
    NUM1                                     0x200001c8   Data          40  filter.o(.data)
    DEN1                                     0x200001f0   Data          40  filter.o(.data)
    NUM_y_speed                              0x20000218   Data          24  filter.o(.data)
    DEN_y_speed                              0x20000230   Data          24  filter.o(.data)
    TX2_data                                 0x20000248   Data           1  auto_aim_task.o(.data)
    jx                                       0x2000024c   Data           4  auto_aim_task.o(.data)
    jy                                       0x20000250   Data           4  auto_aim_task.o(.data)
    jlook_x_filtespeed                       0x20000254   Data           4  auto_aim_task.o(.data)
    jlook_x_filterangle                      0x20000258   Data           4  auto_aim_task.o(.data)
    res                                      0x2000025c   Data           1  ist8310.o(.data)
    i                                        0x2000025d   Data           1  ist8310.o(.data)
    hcan1                                    0x20000298   Data          40  can.o(.bss)
    hspi5                                    0x20000514   Data          88  spi.o(.bss)
    huart4                                   0x2000056c   Data          64  usart.o(.bss)
    huart8                                   0x200005ac   Data          64  usart.o(.bss)
    huart1                                   0x200005ec   Data          64  usart.o(.bss)
    hdma_uart8_rx                            0x2000062c   Data          96  usart.o(.bss)
    hdma_usart1_rx                           0x2000068c   Data          96  usart.o(.bss)
    htim1                                    0x200006ec   Data          64  stm32f4xx_hal_timebase_tim.o(.bss)
    rc_ctrl                                  0x20004458   Data          22  remote.o(.bss)
    teledata_rx                              0x2000446e   Data          18  remote.o(.bss)
    Rx1Message                               0x20004598   Data          28  can_receive.o(.bss)
    Tx1Message                               0x200045b4   Data          24  can_receive.o(.bss)
    gimbal_control                           0x20004708   Data         332  gimbal_task.o(.bss)
    gimbal_pitch_out_filter                  0x20004858   Data          96  gimbal_task.o(.bss)
    gimbal_yaw_out_filter                    0x200048b8   Data          96  gimbal_task.o(.bss)
    corrector_yaw_speed                      0x20004918   Data          96  gimbal_task.o(.bss)
    corrector_yaw_position                   0x20004978   Data          96  gimbal_task.o(.bss)
    __initial_sp                             0x20004f88   Data           0  startup_stm32f427xx.o(STACK)



==============================================================================

Memory Map of the image

  Image Entry point : 0x080001ad

  Load Region LR_IROM1 (Base: 0x08000000, Size: 0x00009638, Max: 0x00200000, ABSOLUTE, COMPRESSED[0x00009478])

    Execution Region ER_IROM1 (Exec base: 0x08000000, Load base: 0x08000000, Size: 0x000093a0, Max: 0x00200000, ABSOLUTE)

    Exec Addr    Load Addr    Size         Type   Attr      Idx    E Section Name        Object

    0x08000000   0x08000000   0x000001ac   Data   RO            3    RESET               startup_stm32f427xx.o
    0x080001ac   0x080001ac   0x00000000   Code   RO         6443  * .ARM.Collect$$$$00000000  mc_w.l(entry.o)
    0x080001ac   0x080001ac   0x00000004   Code   RO         6531    .ARM.Collect$$$$00000001  mc_w.l(entry2.o)
    0x080001b0   0x080001b0   0x00000004   Code   RO         6534    .ARM.Collect$$$$00000004  mc_w.l(entry5.o)
    0x080001b4   0x080001b4   0x00000000   Code   RO         6536    .ARM.Collect$$$$00000008  mc_w.l(entry7b.o)
    0x080001b4   0x080001b4   0x00000000   Code   RO         6538    .ARM.Collect$$$$0000000A  mc_w.l(entry8b.o)
    0x080001b4   0x080001b4   0x00000008   Code   RO         6539    .ARM.Collect$$$$0000000B  mc_w.l(entry9a.o)
    0x080001bc   0x080001bc   0x00000000   Code   RO         6541    .ARM.Collect$$$$0000000D  mc_w.l(entry10a.o)
    0x080001bc   0x080001bc   0x00000000   Code   RO         6543    .ARM.Collect$$$$0000000F  mc_w.l(entry11a.o)
    0x080001bc   0x080001bc   0x00000004   Code   RO         6532    .ARM.Collect$$$$00002712  mc_w.l(entry2.o)
    0x080001c0   0x080001c0   0x000000be   Code   RO         4970    .emb_text           port.o
    0x0800027e   0x0800027e   0x00000002   PAD
    0x08000280   0x08000280   0x00000024   Code   RO            4    .text               startup_stm32f427xx.o
    0x080002a4   0x080002a4   0x00000078   Code   RO         5994    .text               arm_cortexM4lf_math.lib(arm_cos_f32.o)
    0x0800031c   0x0800031c   0x00000074   Code   RO         6047    .text               arm_cortexM4lf_math.lib(arm_sin_f32.o)
    0x08000390   0x08000390   0x00000108   Code   RO         6071    .text               arm_cortexM4lf_math.lib(arm_mat_add_f32.o)
    0x08000498   0x08000498   0x00000008   Code   RO         6095    .text               arm_cortexM4lf_math.lib(arm_mat_init_f32.o)
    0x080004a0   0x080004a0   0x00000530   Code   RO         6119    .text               arm_cortexM4lf_math.lib(arm_mat_inverse_f32.o)
    0x080009d0   0x080009d0   0x0000013c   Code   RO         6143    .text               arm_cortexM4lf_math.lib(arm_mat_mult_f32.o)
    0x08000b0c   0x08000b0c   0x00000108   Code   RO         6167    .text               arm_cortexM4lf_math.lib(arm_mat_sub_f32.o)
    0x08000c14   0x08000c14   0x00000114   Code   RO         6191    .text               arm_cortexM4lf_math.lib(arm_mat_trans_f32.o)
    0x08000d28   0x08000d28   0x00000062   Code   RO         6446    .text               mc_w.l(uldiv.o)
    0x08000d8a   0x08000d8a   0x00000024   Code   RO         6448    .text               mc_w.l(memcpya.o)
    0x08000dae   0x08000dae   0x00000024   Code   RO         6452    .text               mc_w.l(memseta.o)
    0x08000dd2   0x08000dd2   0x0000014e   Code   RO         6456    .text               mf_w.l(dadd.o)
    0x08000f20   0x08000f20   0x000000e4   Code   RO         6458    .text               mf_w.l(dmul.o)
    0x08001004   0x08001004   0x000000de   Code   RO         6460    .text               mf_w.l(ddiv.o)
    0x080010e2   0x080010e2   0x00000022   Code   RO         6464    .text               mf_w.l(dflti.o)
    0x08001104   0x08001104   0x0000003e   Code   RO         6466    .text               mf_w.l(dfixi.o)
    0x08001142   0x08001142   0x00000026   Code   RO         6468    .text               mf_w.l(f2d.o)
    0x08001168   0x08001168   0x00000030   Code   RO         6470    .text               mf_w.l(cdcmple.o)
    0x08001198   0x08001198   0x00000030   Code   RO         6472    .text               mf_w.l(cdrcmple.o)
    0x080011c8   0x080011c8   0x00000038   Code   RO         6474    .text               mf_w.l(d2f.o)
    0x08001200   0x08001200   0x0000001e   Code   RO         6545    .text               mc_w.l(llshl.o)
    0x0800121e   0x0800121e   0x00000020   Code   RO         6547    .text               mc_w.l(llushr.o)
    0x0800123e   0x0800123e   0x00000024   Code   RO         6549    .text               mc_w.l(llsshr.o)
    0x08001262   0x08001262   0x00000000   Code   RO         6558    .text               mc_w.l(iusefp.o)
    0x08001262   0x08001262   0x0000006e   Code   RO         6559    .text               mf_w.l(fepilogue.o)
    0x080012d0   0x080012d0   0x000000ba   Code   RO         6561    .text               mf_w.l(depilogue.o)
    0x0800138a   0x0800138a   0x00000002   PAD
    0x0800138c   0x0800138c   0x00000024   Code   RO         6563    .text               mc_w.l(init.o)
    0x080013b0   0x080013b0   0x00000056   Code   RO         6573    .text               mc_w.l(__dczerorl2.o)
    0x08001406   0x08001406   0x00000018   Code   RO         5684    i.AHRS_asinf        ahrs_middleware.o
    0x0800141e   0x0800141e   0x00000020   Code   RO         5685    i.AHRS_atan2f       ahrs_middleware.o
    0x0800143e   0x0800143e   0x00000018   Code   RO         5686    i.AHRS_cosf         ahrs_middleware.o
    0x08001456   0x08001456   0x0000001a   Code   RO         6212    i.AHRS_fabs         AHRS.lib(ahrs.o)
    0x08001470   0x08001470   0x00000010   Code   RO         5687    i.AHRS_get_height   ahrs_middleware.o
    0x08001480   0x08001480   0x00000010   Code   RO         5688    i.AHRS_get_latitude  ahrs_middleware.o
    0x08001490   0x08001490   0x0000029c   Code   RO         6213    i.AHRS_init         AHRS.lib(ahrs.o)
    0x0800172c   0x0800172c   0x0000003c   Code   RO         5689    i.AHRS_invSqrt      ahrs_middleware.o
    0x08001768   0x08001768   0x00000018   Code   RO         5690    i.AHRS_sinf         ahrs_middleware.o
    0x08001780   0x08001780   0x0000013a   Code   RO         6214    i.AHRS_update       AHRS.lib(ahrs.o)
    0x080018ba   0x080018ba   0x000000d2   Code   RO         5603    i.Aim_Feedback_Update  auto_aim_task.o
    0x0800198c   0x0800198c   0x000000e0   Code   RO         5604    i.Aim_Init          auto_aim_task.o
    0x08001a6c   0x08001a6c   0x000001a4   Code   RO         5605    i.Aim_Position_to_Angle  auto_aim_task.o
    0x08001c10   0x08001c10   0x00000004   Code   RO          474    i.BusFault_Handler  stm32f4xx_it.o
    0x08001c14   0x08001c14   0x00000068   Code   RO         5274    i.CAN1_Getdata      can_receive.o
    0x08001c7c   0x08001c7c   0x00000044   Code   RO         5275    i.CAN1_Init         can_receive.o
    0x08001cc0   0x08001cc0   0x0000002c   Code   RO          475    i.CAN1_RX0_IRQHandler  stm32f4xx_it.o
    0x08001cec   0x08001cec   0x00000014   Code   RO          476    i.CAN1_TX_IRQHandler  stm32f4xx_it.o
    0x08001d00   0x08001d00   0x00000044   Code   RO         5276    i.CAN_CMD_Gimbal    can_receive.o
    0x08001d44   0x08001d44   0x00000046   Code   RO         5353    i.Chassis_Feedback_Update  chassis_task.o
    0x08001d8a   0x08001d8a   0x00000002   PAD
    0x08001d8c   0x08001d8c   0x00000074   Code   RO         5354    i.Chassis_Init      chassis_task.o
    0x08001e00   0x08001e00   0x00000060   Code   RO         5355    i.Chassis_PID       chassis_task.o
    0x08001e60   0x08001e60   0x00000034   Code   RO         5356    i.Chassis_Set_Control  chassis_task.o
    0x08001e94   0x08001e94   0x00000124   Code   RO         5537    i.Chebyshev100HzLPF  filter.o
    0x08001fb8   0x08001fb8   0x00000180   Code   RO         5539    i.Corrector_Yaw_Speed  filter.o
    0x08002138   0x08002138   0x00000014   Code   RO          477    i.DMA1_Stream6_IRQHandler  stm32f4xx_it.o
    0x0800214c   0x0800214c   0x00000024   Code   RO          478    i.DMA2_Stream2_IRQHandler  stm32f4xx_it.o
    0x08002170   0x08002170   0x00000034   Code   RO         3014    i.DMA_CalcBaseAndBitshift  stm32f4xx_hal_dma.o
    0x080021a4   0x080021a4   0x000000aa   Code   RO         3015    i.DMA_CheckFifoParam  stm32f4xx_hal_dma.o
    0x0800224e   0x0800224e   0x0000002c   Code   RO         3016    i.DMA_SetConfig     stm32f4xx_hal_dma.o
    0x0800227a   0x0800227a   0x00000002   Code   RO          479    i.DebugMon_Handler  stm32f4xx_it.o
    0x0800227c   0x0800227c   0x00000002   Code   RO           13    i.Error_Handler     main.o
    0x0800227e   0x0800227e   0x00000002   PAD
    0x08002280   0x08002280   0x00000174   Code   RO         5606    i.Getdata_Camera    auto_aim_task.o
    0x080023f4   0x080023f4   0x00000002   Code   RO         5607    i.Getdata_Internal  auto_aim_task.o
    0x080023f6   0x080023f6   0x00000002   PAD
    0x080023f8   0x080023f8   0x000001a4   Code   RO         5412    i.Gimbal_AnglePID_Calculate  gimbal_task.o
    0x0800259c   0x0800259c   0x00000086   Code   RO         5413    i.Gimbal_Feedback_Update  gimbal_task.o
    0x08002622   0x08002622   0x00000002   PAD
    0x08002624   0x08002624   0x000000e0   Code   RO         5414    i.Gimbal_Init       gimbal_task.o
    0x08002704   0x08002704   0x000000cc   Code   RO         5415    i.Gimbal_PID        gimbal_task.o
    0x080027d0   0x080027d0   0x000000c8   Code   RO         5416    i.Gimbal_Position_Reset  gimbal_task.o
    0x08002898   0x08002898   0x000000bc   Code   RO         5417    i.Gimbal_Set_Contorl  gimbal_task.o
    0x08002954   0x08002954   0x0000002a   Code   RO          628    i.HAL_CAN_ActivateNotification  stm32f4xx_hal_can.o
    0x0800297e   0x0800297e   0x00000156   Code   RO          629    i.HAL_CAN_AddTxMessage  stm32f4xx_hal_can.o
    0x08002ad4   0x08002ad4   0x00000124   Code   RO          630    i.HAL_CAN_ConfigFilter  stm32f4xx_hal_can.o
    0x08002bf8   0x08002bf8   0x00000002   Code   RO          633    i.HAL_CAN_ErrorCallback  stm32f4xx_hal_can.o
    0x08002bfa   0x08002bfa   0x0000017c   Code   RO          636    i.HAL_CAN_GetRxMessage  stm32f4xx_hal_can.o
    0x08002d76   0x08002d76   0x0000024e   Code   RO          640    i.HAL_CAN_IRQHandler  stm32f4xx_hal_can.o
    0x08002fc4   0x08002fc4   0x00000174   Code   RO          641    i.HAL_CAN_Init      stm32f4xx_hal_can.o
    0x08003138   0x08003138   0x000000a8   Code   RO          260    i.HAL_CAN_MspInit   can.o
    0x080031e0   0x080031e0   0x00000002   Code   RO          648    i.HAL_CAN_RxFifo0FullCallback  stm32f4xx_hal_can.o
    0x080031e2   0x080031e2   0x00000002   Code   RO          649    i.HAL_CAN_RxFifo0MsgPendingCallback  stm32f4xx_hal_can.o
    0x080031e4   0x080031e4   0x00000002   Code   RO          650    i.HAL_CAN_RxFifo1FullCallback  stm32f4xx_hal_can.o
    0x080031e6   0x080031e6   0x00000002   Code   RO          651    i.HAL_CAN_RxFifo1MsgPendingCallback  stm32f4xx_hal_can.o
    0x080031e8   0x080031e8   0x00000002   Code   RO          652    i.HAL_CAN_SleepCallback  stm32f4xx_hal_can.o
    0x080031ea   0x080031ea   0x0000005e   Code   RO          653    i.HAL_CAN_Start     stm32f4xx_hal_can.o
    0x08003248   0x08003248   0x00000002   Code   RO          655    i.HAL_CAN_TxMailbox0AbortCallback  stm32f4xx_hal_can.o
    0x0800324a   0x0800324a   0x00000002   Code   RO          656    i.HAL_CAN_TxMailbox0CompleteCallback  stm32f4xx_hal_can.o
    0x0800324c   0x0800324c   0x00000002   Code   RO          657    i.HAL_CAN_TxMailbox1AbortCallback  stm32f4xx_hal_can.o
    0x0800324e   0x0800324e   0x00000002   Code   RO          658    i.HAL_CAN_TxMailbox1CompleteCallback  stm32f4xx_hal_can.o
    0x08003250   0x08003250   0x00000002   Code   RO          659    i.HAL_CAN_TxMailbox2AbortCallback  stm32f4xx_hal_can.o
    0x08003252   0x08003252   0x00000002   Code   RO          660    i.HAL_CAN_TxMailbox2CompleteCallback  stm32f4xx_hal_can.o
    0x08003254   0x08003254   0x00000002   Code   RO          662    i.HAL_CAN_WakeUpFromRxMsgCallback  stm32f4xx_hal_can.o
    0x08003256   0x08003256   0x00000002   PAD
    0x08003258   0x08003258   0x00000240   Code   RO         3022    i.HAL_DMA_IRQHandler  stm32f4xx_hal_dma.o
    0x08003498   0x08003498   0x000000ec   Code   RO         3023    i.HAL_DMA_Init      stm32f4xx_hal_dma.o
    0x08003584   0x08003584   0x0000009e   Code   RO         3027    i.HAL_DMA_Start_IT  stm32f4xx_hal_dma.o
    0x08003622   0x08003622   0x00000002   PAD
    0x08003624   0x08003624   0x0000021c   Code   RO         2910    i.HAL_GPIO_Init     stm32f4xx_hal_gpio.o
    0x08003840   0x08003840   0x0000000c   Code   RO         2914    i.HAL_GPIO_WritePin  stm32f4xx_hal_gpio.o
    0x0800384c   0x0800384c   0x0000000c   Code   RO         3467    i.HAL_GetTick       stm32f4xx_hal.o
    0x08003858   0x08003858   0x00000018   Code   RO         3473    i.HAL_IncTick       stm32f4xx_hal.o
    0x08003870   0x08003870   0x0000003c   Code   RO         3474    i.HAL_Init          stm32f4xx_hal.o
    0x080038ac   0x080038ac   0x0000008c   Code   RO          588    i.HAL_InitTick      stm32f4xx_hal_timebase_tim.o
    0x08003938   0x08003938   0x00000054   Code   RO          564    i.HAL_MspInit       stm32f4xx_hal_msp.o
    0x0800398c   0x0800398c   0x0000009a   Code   RO         2129    i.HAL_MultiProcessor_Init  stm32f4xx_hal_uart.o
    0x08003a26   0x08003a26   0x00000020   Code   RO         3317    i.HAL_NVIC_EnableIRQ  stm32f4xx_hal_cortex.o
    0x08003a46   0x08003a46   0x0000007c   Code   RO         3323    i.HAL_NVIC_SetPriority  stm32f4xx_hal_cortex.o
    0x08003ac2   0x08003ac2   0x00000002   PAD
    0x08003ac4   0x08003ac4   0x00000028   Code   RO         3324    i.HAL_NVIC_SetPriorityGrouping  stm32f4xx_hal_cortex.o
    0x08003aec   0x08003aec   0x0000008c   Code   RO         3246    i.HAL_PWREx_EnableOverDrive  stm32f4xx_hal_pwr_ex.o
    0x08003b78   0x08003b78   0x00000180   Code   RO         2454    i.HAL_RCC_ClockConfig  stm32f4xx_hal_rcc.o
    0x08003cf8   0x08003cf8   0x00000044   Code   RO         2458    i.HAL_RCC_GetClockConfig  stm32f4xx_hal_rcc.o
    0x08003d3c   0x08003d3c   0x0000000c   Code   RO         2459    i.HAL_RCC_GetHCLKFreq  stm32f4xx_hal_rcc.o
    0x08003d48   0x08003d48   0x00000020   Code   RO         2461    i.HAL_RCC_GetPCLK1Freq  stm32f4xx_hal_rcc.o
    0x08003d68   0x08003d68   0x00000020   Code   RO         2462    i.HAL_RCC_GetPCLK2Freq  stm32f4xx_hal_rcc.o
    0x08003d88   0x08003d88   0x000000b0   Code   RO         2463    i.HAL_RCC_GetSysClockFreq  stm32f4xx_hal_rcc.o
    0x08003e38   0x08003e38   0x00000448   Code   RO         2466    i.HAL_RCC_OscConfig  stm32f4xx_hal_rcc.o
    0x08004280   0x08004280   0x0000008c   Code   RO          872    i.HAL_SPI_Init      stm32f4xx_hal_spi.o
    0x0800430c   0x0800430c   0x00000088   Code   RO          379    i.HAL_SPI_MspInit   spi.o
    0x08004394   0x08004394   0x0000022a   Code   RO          881    i.HAL_SPI_TransmitReceive  stm32f4xx_hal_spi.o
    0x080045be   0x080045be   0x00000002   Code   RO         1871    i.HAL_TIMEx_BreakCallback  stm32f4xx_hal_tim_ex.o
    0x080045c0   0x080045c0   0x00000002   Code   RO         1872    i.HAL_TIMEx_CommutCallback  stm32f4xx_hal_tim_ex.o
    0x080045c2   0x080045c2   0x00000034   Code   RO         1185    i.HAL_TIM_Base_Init  stm32f4xx_hal_tim.o
    0x080045f6   0x080045f6   0x00000002   Code   RO         1187    i.HAL_TIM_Base_MspInit  stm32f4xx_hal_tim.o
    0x080045f8   0x080045f8   0x0000002a   Code   RO         1190    i.HAL_TIM_Base_Start_IT  stm32f4xx_hal_tim.o
    0x08004622   0x08004622   0x00000002   Code   RO         1214    i.HAL_TIM_IC_CaptureCallback  stm32f4xx_hal_tim.o
    0x08004624   0x08004624   0x00000196   Code   RO         1228    i.HAL_TIM_IRQHandler  stm32f4xx_hal_tim.o
    0x080047ba   0x080047ba   0x00000002   Code   RO         1231    i.HAL_TIM_OC_DelayElapsedCallback  stm32f4xx_hal_tim.o
    0x080047bc   0x080047bc   0x00000002   Code   RO         1258    i.HAL_TIM_PWM_PulseFinishedCallback  stm32f4xx_hal_tim.o
    0x080047be   0x080047be   0x00000002   PAD
    0x080047c0   0x080047c0   0x00000018   Code   RO           14    i.HAL_TIM_PeriodElapsedCallback  main.o
    0x080047d8   0x080047d8   0x00000002   Code   RO         1271    i.HAL_TIM_TriggerCallback  stm32f4xx_hal_tim.o
    0x080047da   0x080047da   0x00000002   Code   RO         2143    i.HAL_UART_ErrorCallback  stm32f4xx_hal_uart.o
    0x080047dc   0x080047dc   0x00000072   Code   RO         2147    i.HAL_UART_Init     stm32f4xx_hal_uart.o
    0x0800484e   0x0800484e   0x00000002   PAD
    0x08004850   0x08004850   0x00000200   Code   RO          421    i.HAL_UART_MspInit  usart.o
    0x08004a50   0x08004a50   0x000000c4   Code   RO         2151    i.HAL_UART_Receive_DMA  stm32f4xx_hal_uart.o
    0x08004b14   0x08004b14   0x00000002   Code   RO         2153    i.HAL_UART_RxCpltCallback  stm32f4xx_hal_uart.o
    0x08004b16   0x08004b16   0x00000002   Code   RO         2154    i.HAL_UART_RxHalfCpltCallback  stm32f4xx_hal_uart.o
    0x08004b18   0x08004b18   0x00000004   Code   RO          480    i.HardFault_Handler  stm32f4xx_it.o
    0x08004b1c   0x08004b1c   0x0000012c   Code   RO         5163    i.IMU_Cali_Slove    sensor_task.o
    0x08004c48   0x08004c48   0x00000074   Code   RO         5418    i.Jscope_Watch_gimbal  gimbal_task.o
    0x08004cbc   0x08004cbc   0x00000028   Code   RO         5608    i.Jscope_Watch_gimbal  auto_aim_task.o
    0x08004ce4   0x08004ce4   0x0000003c   Code   RO         5050    i.LEDFlash_Task     led_task.o
    0x08004d20   0x08004d20   0x000001a4   Code   RO         5164    i.MPU6500_GetAngle  sensor_task.o
    0x08004ec4   0x08004ec4   0x00000180   Code   RO         5165    i.MPU6500_GetData   sensor_task.o
    0x08005044   0x08005044   0x00000054   Code   RO         5166    i.MPU6500_Init      sensor_task.o
    0x08005098   0x08005098   0x00000044   Code   RO         5927    i.MPU6500_Read_Reg  mpu6500.o
    0x080050dc   0x080050dc   0x00000054   Code   RO         5928    i.MPU6500_Read_Regs  mpu6500.o
    0x08005130   0x08005130   0x00000048   Code   RO         5931    i.MPU6500_Write_Reg  mpu6500.o
    0x08005178   0x08005178   0x0000004c   Code   RO         5932    i.MPU6500_Write_Regs  mpu6500.o
    0x080051c4   0x080051c4   0x00000044   Code   RO          261    i.MX_CAN1_Init      can.o
    0x08005208   0x08005208   0x00000068   Code   RO          301    i.MX_DMA_Init       dma.o
    0x08005270   0x08005270   0x000000d0   Code   RO          325    i.MX_FREERTOS_Init  freertos.o
    0x08005340   0x08005340   0x00000168   Code   RO          235    i.MX_GPIO_Init      gpio.o
    0x080054a8   0x080054a8   0x00000044   Code   RO          380    i.MX_SPI5_Init      spi.o
    0x080054ec   0x080054ec   0x00000038   Code   RO          422    i.MX_UART4_Init     usart.o
    0x08005524   0x08005524   0x00000038   Code   RO          423    i.MX_UART8_Init     usart.o
    0x0800555c   0x0800555c   0x0000003c   Code   RO          424    i.MX_USART1_UART_Init  usart.o
    0x08005598   0x08005598   0x00000004   Code   RO          481    i.MemManage_Handler  stm32f4xx_it.o
    0x0800559c   0x0800559c   0x0000004c   Code   RO         5419    i.Motor_Absolute_to_Relative_Change  gimbal_task.o
    0x080055e8   0x080055e8   0x00000030   Code   RO         5420    i.Motor_ecd_to_angle_Change  gimbal_task.o
    0x08005618   0x08005618   0x00000002   Code   RO          482    i.NMI_Handler       stm32f4xx_it.o
    0x0800561a   0x0800561a   0x00000002   PAD
    0x0800561c   0x0800561c   0x00000048   Code   RO         5167    i.Offset_Cal        sensor_task.o
    0x08005664   0x08005664   0x0000013c   Code   RO         5168    i.Offset_Getdata    sensor_task.o
    0x080057a0   0x080057a0   0x000001c0   Code   RO         5510    i.PID_Calculate     pid.o
    0x08005960   0x08005960   0x00000034   Code   RO         5511    i.PID_Init          pid.o
    0x08005994   0x08005994   0x00000010   Code   RO         5089    i.RC_abs            remote.o
    0x080059a4   0x080059a4   0x00000094   Code   RO         5090    i.RC_data_is_error  remote.o
    0x08005a38   0x08005a38   0x000000a2   Code   RO         5091    i.SBUS_TO_RC        remote.o
    0x08005ada   0x08005ada   0x00000002   PAD
    0x08005adc   0x08005adc   0x0000006c   Code   RO          910    i.SPI_EndRxTxTransaction  stm32f4xx_hal_spi.o
    0x08005b48   0x08005b48   0x000000a8   Code   RO          915    i.SPI_WaitFlagStateUntilTimeout  stm32f4xx_hal_spi.o
    0x08005bf0   0x08005bf0   0x00000064   Code   RO         5169    i.Sensor_task       sensor_task.o
    0x08005c54   0x08005c54   0x0000000a   Code   RO          326    i.StartDefaultTask  freertos.o
    0x08005c5e   0x08005c5e   0x00000002   PAD
    0x08005c60   0x08005c60   0x00000034   Code   RO         4971    i.SysTick_Handler   port.o
    0x08005c94   0x08005c94   0x000000bc   Code   RO           15    i.SystemClock_Config  main.o
    0x08005d50   0x08005d50   0x00000064   Code   RO         3720    i.SystemInit        system_stm32f4xx.o
    0x08005db4   0x08005db4   0x00000010   Code   RO          483    i.TIM1_UP_TIM10_IRQHandler  stm32f4xx_it.o
    0x08005dc4   0x08005dc4   0x000000d8   Code   RO         1273    i.TIM_Base_SetConfig  stm32f4xx_hal_tim.o
    0x08005e9c   0x08005e9c   0x00000050   Code   RO         2161    i.UART_DMAError     stm32f4xx_hal_uart.o
    0x08005eec   0x08005eec   0x00000046   Code   RO         2162    i.UART_DMAReceiveCplt  stm32f4xx_hal_uart.o
    0x08005f32   0x08005f32   0x0000000e   Code   RO         2164    i.UART_DMARxHalfCplt  stm32f4xx_hal_uart.o
    0x08005f40   0x08005f40   0x00000020   Code   RO         2170    i.UART_EndRxTransfer  stm32f4xx_hal_uart.o
    0x08005f60   0x08005f60   0x00000014   Code   RO         2172    i.UART_EndTxTransfer  stm32f4xx_hal_uart.o
    0x08005f74   0x08005f74   0x00000368   Code   RO         2174    i.UART_SetConfig    stm32f4xx_hal_uart.o
    0x080062dc   0x080062dc   0x00000058   Code   RO         5277    i.Underpan_motor_output  can_receive.o
    0x08006334   0x08006334   0x00000004   Code   RO          484    i.UsageFault_Handler  stm32f4xx_it.o
    0x08006338   0x08006338   0x00000030   Code   RO         6496    i.__ARM_fpclassify  m_wm.l(fpclassify.o)
    0x08006368   0x08006368   0x00000026   Code   RO         6498    i.__ARM_fpclassifyf  m_wm.l(fpclassifyf.o)
    0x0800638e   0x0800638e   0x00000002   PAD
    0x08006390   0x08006390   0x00000010   Code   RO         3330    i.__NVIC_GetPriorityGrouping  stm32f4xx_hal_cortex.o
    0x080063a0   0x080063a0   0x00000028   Code   RO         3331    i.__NVIC_SetPriority  stm32f4xx_hal_cortex.o
    0x080063c8   0x080063c8   0x0000012c   Code   RO         6393    i.__hardfp_asinf    m_wm.l(asinf.o)
    0x080064f4   0x080064f4   0x00000004   PAD
    0x080064f8   0x080064f8   0x000002d8   Code   RO         6405    i.__hardfp_atan     m_wm.l(atan.o)
    0x080067d0   0x080067d0   0x00000250   Code   RO         6419    i.__hardfp_atan2f   m_wm.l(atan2f.o)
    0x08006a20   0x08006a20   0x000000f8   Code   RO         6514    i.__kernel_poly     m_wm.l(poly.o)
    0x08006b18   0x08006b18   0x00000014   Code   RO         6477    i.__mathlib_dbl_infnan  m_wm.l(dunder.o)
    0x08006b2c   0x08006b2c   0x00000004   PAD
    0x08006b30   0x08006b30   0x00000020   Code   RO         6482    i.__mathlib_dbl_underflow  m_wm.l(dunder.o)
    0x08006b50   0x08006b50   0x00000006   Code   RO         6501    i.__mathlib_flt_infnan  m_wm.l(funder.o)
    0x08006b56   0x08006b56   0x00000006   Code   RO         6502    i.__mathlib_flt_infnan2  m_wm.l(funder.o)
    0x08006b5c   0x08006b5c   0x00000010   Code   RO         6503    i.__mathlib_flt_invalid  m_wm.l(funder.o)
    0x08006b6c   0x08006b6c   0x00000010   Code   RO         6506    i.__mathlib_flt_underflow  m_wm.l(funder.o)
    0x08006b7c   0x08006b7c   0x0000000e   Code   RO         6567    i.__scatterload_copy  mc_w.l(handlers.o)
    0x08006b8a   0x08006b8a   0x00000002   Code   RO         6568    i.__scatterload_null  mc_w.l(handlers.o)
    0x08006b8c   0x08006b8c   0x0000000e   Code   RO         6569    i.__scatterload_zeroinit  mc_w.l(handlers.o)
    0x08006b9a   0x08006b9a   0x00000002   PAD
    0x08006b9c   0x08006b9c   0x0000000c   Code   RO         6553    i.__set_errno       mc_w.l(errno.o)
    0x08006ba8   0x08006ba8   0x000001d0   Code   RO         6215    i.accel_comple_filter  AHRS.lib(ahrs.o)
    0x08006d78   0x08006d78   0x0000018c   Code   RO         6216    i.accel_update_kp_ki  AHRS.lib(ahrs.o)
    0x08006f04   0x08006f04   0x0000016c   Code   RO         6217    i.angle_to_quat     AHRS.lib(ahrs.o)
    0x08007070   0x08007070   0x0000007c   Code   RO         5609    i.auto_aim_task     auto_aim_task.o
    0x080070ec   0x080070ec   0x00000088   Code   RO         5357    i.chassis_task      chassis_task.o
    0x08007174   0x08007174   0x0000000a   Code   RO         5136    i.detect_task       detect_task.o
    0x0800717e   0x0800717e   0x00000018   Code   RO         6492    i.fabs              m_wm.l(fabs.o)
    0x08007196   0x08007196   0x00000002   PAD
    0x08007198   0x08007198   0x00000018   Code   RO         5278    i.get_Chassis_Motor_Measure_Point  can_receive.o
    0x080071b0   0x080071b0   0x00000008   Code   RO         5170    i.get_INS_angle_point  sensor_task.o
    0x080071b8   0x080071b8   0x00000008   Code   RO         5172    i.get_MPU6500_Gyro_Data_Point  sensor_task.o
    0x080071c0   0x080071c0   0x00000008   Code   RO         5279    i.get_Pitch_Gimbal_Motor_Measure_Point  can_receive.o
    0x080071c8   0x080071c8   0x00000008   Code   RO         5281    i.get_Yaw_Gimbal_Motor_Measure_Point  can_receive.o
    0x080071d0   0x080071d0   0x000000e8   Code   RO         6218    i.get_angle         AHRS.lib(ahrs.o)
    0x080072b8   0x080072b8   0x0000002e   Code   RO         5282    i.get_motor_measure  can_receive.o
    0x080072e6   0x080072e6   0x00000002   PAD
    0x080072e8   0x080072e8   0x00000008   Code   RO         5421    i.get_pitch_motor_point  gimbal_task.o
    0x080072f0   0x080072f0   0x00000008   Code   RO         5092    i.get_remote_control_point  remote.o
    0x080072f8   0x080072f8   0x00000008   Code   RO         5610    i.get_x_autoaim_point  auto_aim_task.o
    0x08007300   0x08007300   0x00000008   Code   RO         5611    i.get_y_autoaim_point  auto_aim_task.o
    0x08007308   0x08007308   0x00000008   Code   RO         5422    i.get_yaw_motor_point  gimbal_task.o
    0x08007310   0x08007310   0x000000d0   Code   RO         5423    i.gimbal_task       gimbal_task.o
    0x080073e0   0x080073e0   0x0000002c   Code   RO         5824    i.ist8310_IIC_read_single_reg  ist8310.o
    0x0800740c   0x0800740c   0x00000024   Code   RO         5826    i.ist8310_IIC_write_single_reg  ist8310.o
    0x08007430   0x08007430   0x00000014   Code   RO         5827    i.ist8310_RST_H     ist8310.o
    0x08007444   0x08007444   0x00000014   Code   RO         5828    i.ist8310_RST_L     ist8310.o
    0x08007458   0x08007458   0x00000018   Code   RO         5829    i.ist8310_auto_com_by_mpu6500  ist8310.o
    0x08007470   0x08007470   0x00000002   Code   RO         5830    i.ist8310_com_init  ist8310.o
    0x08007472   0x08007472   0x0000000c   Code   RO         5831    i.ist8310_delay_ms  ist8310.o
    0x0800747e   0x0800747e   0x00000002   Code   RO         5832    i.ist8310_delay_us  ist8310.o
    0x08007480   0x08007480   0x000000d4   Code   RO         5833    i.ist8310_init      ist8310.o
    0x08007554   0x08007554   0x00000190   Code   RO         5567    i.kalman_filter_calc  kalman_filter.o
    0x080076e4   0x080076e4   0x00000100   Code   RO         5568    i.kalman_filter_init  kalman_filter.o
    0x080077e4   0x080077e4   0x00000048   Code   RO           16    i.main              main.o
    0x0800782c   0x0800782c   0x0000000e   Code   RO         4542    i.makeFreeRtosPriority  cmsis_os.o
    0x0800783a   0x0800783a   0x00000002   PAD
    0x0800783c   0x0800783c   0x00000014   Code   RO         5933    i.mpu6500_SPI_NS_H  mpu6500.o
    0x08007850   0x08007850   0x00000014   Code   RO         5934    i.mpu6500_SPI_NS_L  mpu6500.o
    0x08007864   0x08007864   0x00000018   Code   RO         4544    i.osDelay           cmsis_os.o
    0x0800787c   0x0800787c   0x0000001c   Code   RO         4545    i.osDelayUntil      cmsis_os.o
    0x08007898   0x08007898   0x0000000a   Code   RO         4547    i.osKernelStart     cmsis_os.o
    0x080078a2   0x080078a2   0x0000005e   Code   RO         4581    i.osThreadCreate    cmsis_os.o
    0x08007900   0x08007900   0x00000098   Code   RO         4222    i.prvAddCurrentTaskToDelayedList  tasks.o
    0x08007998   0x08007998   0x000000b4   Code   RO         4223    i.prvAddNewTaskToReadyList  tasks.o
    0x08007a4c   0x08007a4c   0x00000048   Code   RO         4224    i.prvCheckTasksWaitingTermination  tasks.o
    0x08007a94   0x08007a94   0x00000050   Code   RO         4225    i.prvDeleteTCB      tasks.o
    0x08007ae4   0x08007ae4   0x0000007c   Code   RO         4909    i.prvHeapInit       heap_4.o
    0x08007b60   0x08007b60   0x00000028   Code   RO         4226    i.prvIdleTask       tasks.o
    0x08007b88   0x08007b88   0x000000aa   Code   RO         4227    i.prvInitialiseNewTask  tasks.o
    0x08007c32   0x08007c32   0x00000002   PAD
    0x08007c34   0x08007c34   0x00000068   Code   RO         4228    i.prvInitialiseTaskLists  tasks.o
    0x08007c9c   0x08007c9c   0x00000068   Code   RO         4910    i.prvInsertBlockIntoFreeList  heap_4.o
    0x08007d04   0x08007d04   0x00000034   Code   RO         4229    i.prvResetNextTaskUnblockTime  tasks.o
    0x08007d38   0x08007d38   0x00000040   Code   RO         4972    i.prvTaskExitError  port.o
    0x08007d78   0x08007d78   0x0000013c   Code   RO         4911    i.pvPortMalloc      heap_4.o
    0x08007eb4   0x08007eb4   0x0000002c   Code   RO         4973    i.pxPortInitialiseStack  port.o
    0x08007ee0   0x08007ee0   0x00000084   Code   RO         6223    i.quat_normalization  AHRS.lib(ahrs.o)
    0x08007f64   0x08007f64   0x0000003e   Code   RO         6521    i.sqrtf             m_wm.l(sqrtf_full.o)
    0x08007fa2   0x08007fa2   0x0000007a   Code   RO         6224    i.update_w          AHRS.lib(ahrs.o)
    0x0800801c   0x0800801c   0x00000028   Code   RO         3857    i.uxListRemove      list.o
    0x08008044   0x08008044   0x00000018   Code   RO          327    i.vApplicationGetIdleTaskMemory  freertos.o
    0x0800805c   0x0800805c   0x0000001a   Code   RO         3858    i.vListInitialise   list.o
    0x08008076   0x08008076   0x00000006   Code   RO         3859    i.vListInitialiseItem  list.o
    0x0800807c   0x0800807c   0x00000034   Code   RO         3860    i.vListInsert       list.o
    0x080080b0   0x080080b0   0x00000018   Code   RO         3861    i.vListInsertEnd    list.o
    0x080080c8   0x080080c8   0x00000054   Code   RO         4975    i.vPortEnterCritical  port.o
    0x0800811c   0x0800811c   0x0000003c   Code   RO         4976    i.vPortExitCritical  port.o
    0x08008158   0x08008158   0x00000094   Code   RO         4912    i.vPortFree         heap_4.o
    0x080081ec   0x080081ec   0x00000028   Code   RO         4977    i.vPortSetupTimerInterrupt  port.o
    0x08008214   0x08008214   0x0000005c   Code   RO         4237    i.vTaskDelay        tasks.o
    0x08008270   0x08008270   0x000000d4   Code   RO         4238    i.vTaskDelayUntil   tasks.o
    0x08008344   0x08008344   0x000000b0   Code   RO         4251    i.vTaskStartScheduler  tasks.o
    0x080083f4   0x080083f4   0x00000010   Code   RO         4253    i.vTaskSuspendAll   tasks.o
    0x08008404   0x08008404   0x0000008c   Code   RO         4254    i.vTaskSwitchContext  tasks.o
    0x08008490   0x08008490   0x00000168   Code   RO         4979    i.xPortStartScheduler  port.o
    0x080085f8   0x080085f8   0x00000064   Code   RO         4256    i.xTaskCreate       tasks.o
    0x0800865c   0x0800865c   0x000000b8   Code   RO         4257    i.xTaskCreateStatic  tasks.o
    0x08008714   0x08008714   0x0000000c   Code   RO         4262    i.xTaskGetTickCount  tasks.o
    0x08008720   0x08008720   0x00000148   Code   RO         4264    i.xTaskIncrementTick  tasks.o
    0x08008868   0x08008868   0x00000104   Code   RO         4270    i.xTaskResumeAll    tasks.o
    0x0800896c   0x0800896c   0x000000c4   Data   RO          329    .constdata          freertos.o
    0x08008a30   0x08008a30   0x00000008   Data   RO         3029    .constdata          stm32f4xx_hal_dma.o
    0x08008a38   0x08008a38   0x00000018   Data   RO         3721    .constdata          system_stm32f4xx.o
    0x08008a50   0x08008a50   0x00000020   Data   RO         5174    .constdata          sensor_task.o
    0x08008a70   0x08008a70   0x0000000c   Data   RO         5837    .constdata          ist8310.o
    0x08008a7c   0x08008a7c   0x0000000c   Data   RO         6225    .constdata          AHRS.lib(ahrs.o)
    0x08008a88   0x08008a88   0x00000804   Data   RO         6358    .constdata          arm_cortexM4lf_math.lib(arm_common_tables.o)
    0x0800928c   0x0800928c   0x00000004   PAD
    0x08009290   0x08009290   0x00000098   Data   RO         6408    .constdata          m_wm.l(atan.o)
    0x08009328   0x08009328   0x00000057   Data   RO          330    .conststring        freertos.o
    0x0800937f   0x0800937f   0x00000001   PAD
    0x08009380   0x08009380   0x00000020   Data   RO         6565    Region$$Table       anon$$obj.o


    Execution Region RW_IRAM1 (Exec base: 0x20000000, Load base: 0x080093a0, Size: 0x00004f88, Max: 0x00030000, ABSOLUTE, COMPRESSED[0x000000d8])

    Exec Addr    Load Addr    Size         Type   Attr      Idx    E Section Name        Object

    0x20000000   COMPRESSED   0x0000001c   Data   RW          331    .data               freertos.o
    0x2000001c   COMPRESSED   0x00000008   Data   RW          485    .data               stm32f4xx_it.o
    0x20000024   COMPRESSED   0x00000009   Data   RW         3481    .data               stm32f4xx_hal.o
    0x2000002d   COMPRESSED   0x00000003   PAD
    0x20000030   COMPRESSED   0x00000004   Data   RW         3722    .data               system_stm32f4xx.o
    0x20000034   COMPRESSED   0x0000003c   Data   RW         4273    .data               tasks.o
    0x20000070   COMPRESSED   0x00000018   Data   RW         4917    .data               heap_4.o
    0x20000088   COMPRESSED   0x0000000c   Data   RW         4980    .data               port.o
    0x20000094   COMPRESSED   0x00000079   Data   RW         5175    .data               sensor_task.o
    0x2000010d   COMPRESSED   0x00000003   PAD
    0x20000110   COMPRESSED   0x0000001d   Data   RW         5284    .data               can_receive.o
    0x2000012d   COMPRESSED   0x00000003   PAD
    0x20000130   COMPRESSED   0x00000034   Data   RW         5425    .data               gimbal_task.o
    0x20000164   COMPRESSED   0x00000004   PAD
    0x20000168   COMPRESSED   0x000000e0   Data   RW         5540    .data               filter.o
    0x20000248   COMPRESSED   0x00000014   Data   RW         5613    .data               auto_aim_task.o
    0x2000025c   COMPRESSED   0x00000002   Data   RW         5838    .data               ist8310.o
    0x2000025e   COMPRESSED   0x00000024   Data   RW         5935    .data               mpu6500.o
    0x20000282   COMPRESSED   0x00000002   PAD
    0x20000284   COMPRESSED   0x00000010   Data   RW         6226    .data               AHRS.lib(ahrs.o)
    0x20000294   COMPRESSED   0x00000004   Data   RW         6554    .data               mc_w.l(errno.o)
    0x20000298        -       0x00000028   Zero   RW          262    .bss                can.o
    0x200002c0        -       0x00000254   Zero   RW          328    .bss                freertos.o
    0x20000514        -       0x00000058   Zero   RW          381    .bss                spi.o
    0x2000056c        -       0x00000180   Zero   RW          425    .bss                usart.o
    0x200006ec        -       0x00000040   Zero   RW          591    .bss                stm32f4xx_hal_timebase_tim.o
    0x2000072c        -       0x0000012c   Zero   RW         4272    .bss                tasks.o
    0x20000858        -       0x00003c00   Zero   RW         4916    .bss                heap_4.o
    0x20004458        -       0x00000028   Zero   RW         5093    .bss                remote.o
    0x20004480        -       0x000000d0   Zero   RW         5173    .bss                sensor_task.o
    0x20004550        -       0x0000007c   Zero   RW         5283    .bss                can_receive.o
    0x200045cc        -       0x0000013c   Zero   RW         5358    .bss                chassis_task.o
    0x20004708        -       0x000002d0   Zero   RW         5424    .bss                gimbal_task.o
    0x200049d8        -       0x000001b0   Zero   RW         5612    .bss                auto_aim_task.o
    0x20004b88        -       0x00000400   Zero   RW            1    STACK               startup_stm32f427xx.o


==============================================================================

Image component sizes


      Code (inc. data)   RO Data    RW Data    ZI Data      Debug   Object Name

       196         12          0          0          0       5140   ahrs_middleware.o
      1408        112          0         20        432       8401   auto_aim_task.o
       236         22          0          0         40       1585   can.o
       414         76          0         29        124       6249   can_receive.o
       470         16          0          0        316       7183   chassis_task.o
       170          0          0          0          0      22734   cmsis_os.o
        10          0          0          0          0        494   detect_task.o
       104          6          0          0          0        758   dma.o
         0          0          0          0          0      18072   event_groups.o
       676         34          0        224          0       2230   filter.o
       242         44        283         28        596       7400   freertos.o
      1834        154          0         52        720      22315   gimbal_task.o
       360         16          0          0          0       1071   gpio.o
       692         62          0         24      15360       7215   heap_4.o
       372         38         12          2          0       6240   ist8310.o
       656          0          0          0          0      16598   kalman_filter.o
        60          8          0          0          0       5016   led_task.o
       148          0          0          0          0       3474   list.o
       286         24          0          0          0     787570   main.o
       340         70          0         36          0       4258   mpu6500.o
       500         10          0          0          0       1839   pid.o
       894         78          0         12          0      10964   port.o
       334          8          0          0         40       3425   remote.o
      1692        156         32        121        208       6730   sensor_task.o
       204         22          0          0         88       1565   spi.o
        36          8        428          0       1024        820   startup_stm32f427xx.o
        96         20          0          9          0       3166   stm32f4xx_hal.o
      2138          6          0          0          0      14583   stm32f4xx_hal_can.o
       252         22          0          0          0      33586   stm32f4xx_hal_cortex.o
      1236         16          8          0          0       5443   stm32f4xx_hal_dma.o
       552         54          0          0          0       2276   stm32f4xx_hal_gpio.o
        84          6          0          0          0        802   stm32f4xx_hal_msp.o
       140         12          0          0          0       1248   stm32f4xx_hal_pwr_ex.o
      1800         94          0          0          0       6065   stm32f4xx_hal_rcc.o
       970          8          0          0          0       4429   stm32f4xx_hal_spi.o
       726         46          0          0          0       6166   stm32f4xx_hal_tim.o
         4          0          0          0          0       1521   stm32f4xx_hal_tim_ex.o
       140         18          0          0         64       1395   stm32f4xx_hal_timebase_tim.o
      1558         22          0          0          0       8062   stm32f4xx_hal_uart.o
       156         46          0          8          0       5227   stm32f4xx_it.o
         0          0          0          0          0        396   stream_buffer.o
       100         18         24          4          0       1107   system_stm32f4xx.o
      2370        288          0         60        300      18991   tasks.o
       684         78          0          0        384       3029   usart.o

    ----------------------------------------------------------------------
     25372       1730        820        644      19696    1076838   Object Totals
         0          0         32          0          0          0   (incl. Generated)
        32          0          1         15          0          0   (incl. Padding)

    ----------------------------------------------------------------------

      Code (inc. data)   RO Data    RW Data    ZI Data      Debug   Library Member Name

      2718         84         12         16          0       9922   ahrs.o
         0          0       2052          0          0       4636   arm_common_tables.o
       120         12          0          0          0      16970   arm_cos_f32.o
       264          0          0          0          0       1482   arm_mat_add_f32.o
         8          0          0          0          0        843   arm_mat_init_f32.o
      1328          4          0          0          0       2718   arm_mat_inverse_f32.o
       316          4          0          0          0       1627   arm_mat_mult_f32.o
       264          0          0          0          0       1482   arm_mat_sub_f32.o
       276          0          0          0          0       1516   arm_mat_trans_f32.o
       116         12          0          0          0        658   arm_sin_f32.o
       300         42          0          0          0        176   asinf.o
       728        106        152          0          0        228   atan.o
       592         90          0          0          0        184   atan2f.o
        52          8          0          0          0        248   dunder.o
        24          0          0          0          0        124   fabs.o
        48          0          0          0          0        124   fpclassify.o
        38          0          0          0          0        116   fpclassifyf.o
        44         12          0          0          0        464   funder.o
       248          0          0          0          0        152   poly.o
        62          0          0          0          0        136   sqrtf_full.o
        86          0          0          0          0          0   __dczerorl2.o
         0          0          0          0          0          0   entry.o
         0          0          0          0          0          0   entry10a.o
         0          0          0          0          0          0   entry11a.o
         8          4          0          0          0          0   entry2.o
         4          0          0          0          0          0   entry5.o
         0          0          0          0          0          0   entry7b.o
         0          0          0          0          0          0   entry8b.o
         8          4          0          0          0          0   entry9a.o
        12          6          0          4          0         68   errno.o
        30          0          0          0          0          0   handlers.o
        36          8          0          0          0         68   init.o
         0          0          0          0          0          0   iusefp.o
        30          0          0          0          0         68   llshl.o
        36          0          0          0          0         68   llsshr.o
        32          0          0          0          0         68   llushr.o
        36          0          0          0          0         68   memcpya.o
        36          0          0          0          0        108   memseta.o
        98          0          0          0          0         92   uldiv.o
        48          0          0          0          0         68   cdcmple.o
        48          0          0          0          0         68   cdrcmple.o
        56          0          0          0          0         88   d2f.o
       334          0          0          0          0        148   dadd.o
       222          0          0          0          0        100   ddiv.o
       186          0          0          0          0        176   depilogue.o
        62          0          0          0          0         80   dfixi.o
        34          0          0          0          0         76   dflti.o
       228          0          0          0          0         96   dmul.o
        38          0          0          0          0         68   f2d.o
       110          0          0          0          0        168   fepilogue.o

    ----------------------------------------------------------------------
      9380        400       2220         20          0      45550   Library Totals
        16          4          4          0          0          0   (incl. Padding)

    ----------------------------------------------------------------------

      Code (inc. data)   RO Data    RW Data    ZI Data      Debug   Library Name

      2718         84         12         16          0       9922   AHRS.lib
      2692         32       2052          0          0      31932   arm_cortexM4lf_math.lib
      2136        258        152          0          0       1952   m_wm.l
       452         22          0          4          0        608   mc_w.l
      1366          0          0          0          0       1136   mf_w.l

    ----------------------------------------------------------------------
      9380        400       2220         20          0      45550   Library Totals

    ----------------------------------------------------------------------

==============================================================================


      Code (inc. data)   RO Data    RW Data    ZI Data      Debug   

     34752       2130       3040        664      19696    1098340   Grand Totals
     34752       2130       3040        216      19696    1098340   ELF Image Totals (compressed)
     34752       2130       3040        216          0          0   ROM Totals

==============================================================================

    Total RO  Size (Code + RO Data)                37792 (  36.91kB)
    Total RW  Size (RW Data + ZI Data)             20360 (  19.88kB)
    Total ROM Size (Code + RO Data + RW Data)      38008 (  37.12kB)

==============================================================================

