Component: ARM Compiler 5.06 update 6 (build 750) Tool: armlink [4d35ed]

==============================================================================

Section Cross References

    startup_stm32f427xx.o(RESET) refers to startup_stm32f427xx.o(STACK) for __initial_sp
    startup_stm32f427xx.o(RESET) refers to startup_stm32f427xx.o(.text) for Reset_Handler
    startup_stm32f427xx.o(RESET) refers to stm32f4xx_it.o(i.NMI_Handler) for NMI_Handler
    startup_stm32f427xx.o(RESET) refers to stm32f4xx_it.o(i.HardFault_Handler) for HardFault_Handler
    startup_stm32f427xx.o(RESET) refers to stm32f4xx_it.o(i.MemManage_Handler) for MemManage_Handler
    startup_stm32f427xx.o(RESET) refers to stm32f4xx_it.o(i.BusFault_Handler) for BusFault_Handler
    startup_stm32f427xx.o(RESET) refers to stm32f4xx_it.o(i.UsageFault_Handler) for UsageFault_Handler
    startup_stm32f427xx.o(RESET) refers to port.o(.emb_text) for SVC_Handler
    startup_stm32f427xx.o(RESET) refers to stm32f4xx_it.o(i.DebugMon_Handler) for DebugMon_Handler
    startup_stm32f427xx.o(RESET) refers to port.o(i.SysTick_Handler) for SysTick_Handler
    startup_stm32f427xx.o(RESET) refers to stm32f4xx_it.o(i.CAN1_TX_IRQHandler) for CAN1_TX_IRQHandler
    startup_stm32f427xx.o(RESET) refers to stm32f4xx_it.o(i.CAN1_RX0_IRQHandler) for CAN1_RX0_IRQHandler
    startup_stm32f427xx.o(RESET) refers to stm32f4xx_it.o(i.TIM1_UP_TIM10_IRQHandler) for TIM1_UP_TIM10_IRQHandler
    startup_stm32f427xx.o(RESET) refers to stm32f4xx_it.o(i.DMA2_Stream2_IRQHandler) for DMA2_Stream2_IRQHandler
    startup_stm32f427xx.o(.text) refers to system_stm32f4xx.o(i.SystemInit) for SystemInit
    startup_stm32f427xx.o(.text) refers to entry.o(.ARM.Collect$$$$00000000) for __main
    main.o(i.HAL_TIM_PeriodElapsedCallback) refers to stm32f4xx_hal.o(i.HAL_IncTick) for HAL_IncTick
    main.o(i.SystemClock_Config) refers to memseta.o(.text) for __aeabi_memclr4
    main.o(i.SystemClock_Config) refers to stm32f4xx_hal_rcc.o(i.HAL_RCC_OscConfig) for HAL_RCC_OscConfig
    main.o(i.SystemClock_Config) refers to stm32f4xx_hal_pwr_ex.o(i.HAL_PWREx_EnableOverDrive) for HAL_PWREx_EnableOverDrive
    main.o(i.SystemClock_Config) refers to stm32f4xx_hal_rcc.o(i.HAL_RCC_ClockConfig) for HAL_RCC_ClockConfig
    main.o(i.main) refers to stm32f4xx_hal.o(i.HAL_Init) for HAL_Init
    main.o(i.main) refers to main.o(i.SystemClock_Config) for SystemClock_Config
    main.o(i.main) refers to gpio.o(i.MX_GPIO_Init) for MX_GPIO_Init
    main.o(i.main) refers to dma.o(i.MX_DMA_Init) for MX_DMA_Init
    main.o(i.main) refers to spi.o(i.MX_SPI5_Init) for MX_SPI5_Init
    main.o(i.main) refers to usart.o(i.MX_USART1_UART_Init) for MX_USART1_UART_Init
    main.o(i.main) refers to can.o(i.MX_CAN1_Init) for MX_CAN1_Init
    main.o(i.main) refers to usart.o(i.MX_UART4_Init) for MX_UART4_Init
    main.o(i.main) refers to can_receive.o(i.CAN1_Init) for CAN1_Init
    main.o(i.main) refers to stm32f4xx_hal_uart.o(i.HAL_UART_Receive_DMA) for HAL_UART_Receive_DMA
    main.o(i.main) refers to freertos.o(i.MX_FREERTOS_Init) for MX_FREERTOS_Init
    main.o(i.main) refers to cmsis_os.o(i.osKernelStart) for osKernelStart
    main.o(i.main) refers to remote.o(.bss) for teledata_rx
    main.o(i.main) refers to usart.o(.bss) for huart1
    gpio.o(i.MX_GPIO_Init) refers to memseta.o(.text) for __aeabi_memclr4
    gpio.o(i.MX_GPIO_Init) refers to stm32f4xx_hal_gpio.o(i.HAL_GPIO_WritePin) for HAL_GPIO_WritePin
    gpio.o(i.MX_GPIO_Init) refers to stm32f4xx_hal_gpio.o(i.HAL_GPIO_Init) for HAL_GPIO_Init
    can.o(i.HAL_CAN_MspDeInit) refers to stm32f4xx_hal_gpio.o(i.HAL_GPIO_DeInit) for HAL_GPIO_DeInit
    can.o(i.HAL_CAN_MspDeInit) refers to stm32f4xx_hal_cortex.o(i.HAL_NVIC_DisableIRQ) for HAL_NVIC_DisableIRQ
    can.o(i.HAL_CAN_MspInit) refers to memseta.o(.text) for __aeabi_memclr4
    can.o(i.HAL_CAN_MspInit) refers to stm32f4xx_hal_gpio.o(i.HAL_GPIO_Init) for HAL_GPIO_Init
    can.o(i.HAL_CAN_MspInit) refers to stm32f4xx_hal_cortex.o(i.HAL_NVIC_SetPriority) for HAL_NVIC_SetPriority
    can.o(i.HAL_CAN_MspInit) refers to stm32f4xx_hal_cortex.o(i.HAL_NVIC_EnableIRQ) for HAL_NVIC_EnableIRQ
    can.o(i.MX_CAN1_Init) refers to stm32f4xx_hal_can.o(i.HAL_CAN_Init) for HAL_CAN_Init
    can.o(i.MX_CAN1_Init) refers to main.o(i.Error_Handler) for Error_Handler
    can.o(i.MX_CAN1_Init) refers to can.o(.bss) for .bss
    dma.o(i.MX_DMA_Init) refers to stm32f4xx_hal_cortex.o(i.HAL_NVIC_SetPriority) for HAL_NVIC_SetPriority
    dma.o(i.MX_DMA_Init) refers to stm32f4xx_hal_cortex.o(i.HAL_NVIC_EnableIRQ) for HAL_NVIC_EnableIRQ
    freertos.o(i.MX_FREERTOS_Init) refers to memcpya.o(.text) for __aeabi_memcpy4
    freertos.o(i.MX_FREERTOS_Init) refers to cmsis_os.o(i.osThreadCreate) for osThreadCreate
    freertos.o(i.MX_FREERTOS_Init) refers to freertos.o(.constdata) for .constdata
    freertos.o(i.MX_FREERTOS_Init) refers to freertos.o(.data) for .data
    freertos.o(i.StartDefaultTask) refers to cmsis_os.o(i.osDelay) for osDelay
[...]
    Offset_Getdata                           0x08002c21   Thumb Code   234  sensor_task.o(i.Offset_Getdata)
    i.PID_Calculate                          0x08002d18   Section        0  pid.o(i.PID_Calculate)
    i.PID_Init                               0x08002e14   Section        0  pid.o(i.PID_Init)
    i.SBUS_TO_RC                             0x08002e40   Section        0  remote.o(i.SBUS_TO_RC)
    i.SPI_EndRxTxTransaction                 0x08002eb4   Section        0  stm32f4xx_hal_spi.o(i.SPI_EndRxTxTransaction)
    SPI_EndRxTxTransaction                   0x08002eb5   Thumb Code    80  stm32f4xx_hal_spi.o(i.SPI_EndRxTxTransaction)
    i.SPI_WaitFlagStateUntilTimeout          0x08002f0c   Section        0  stm32f4xx_hal_spi.o(i.SPI_WaitFlagStateUntilTimeout)
    SPI_WaitFlagStateUntilTimeout            0x08002f0d   Thumb Code   148  stm32f4xx_hal_spi.o(i.SPI_WaitFlagStateUntilTimeout)
    i.Sensor_task                            0x08002fa0   Section        0  sensor_task.o(i.Sensor_task)
    i.StartDefaultTask                       0x08003064   Section        0  freertos.o(i.StartDefaultTask)
    i.SysTick_Handler                        0x0800306c   Section        0  port.o(i.SysTick_Handler)
    i.SystemClock_Config                     0x08003098   Section        0  main.o(i.SystemClock_Config)
    i.SystemInit                             0x08003120   Section        0  system_stm32f4xx.o(i.SystemInit)
    i.TIM1_UP_TIM10_IRQHandler               0x08003174   Section        0  stm32f4xx_it.o(i.TIM1_UP_TIM10_IRQHandler)
    i.TIM_Base_SetConfig                     0x08003180   Section        0  stm32f4xx_hal_tim.o(i.TIM_Base_SetConfig)
    i.UART_DMAError                          0x08003248   Section        0  stm32f4xx_hal_uart.o(i.UART_DMAError)
    UART_DMAError                            0x08003249   Thumb Code    74  stm32f4xx_hal_uart.o(i.UART_DMAError)
    i.UART_DMAReceiveCplt                    0x08003292   Section        0  stm32f4xx_hal_uart.o(i.UART_DMAReceiveCplt)
    UART_DMAReceiveCplt                      0x08003293   Thumb Code    60  stm32f4xx_hal_uart.o(i.UART_DMAReceiveCplt)
    i.UART_DMARxHalfCplt                     0x080032ce   Section        0  stm32f4xx_hal_uart.o(i.UART_DMARxHalfCplt)
    UART_DMARxHalfCplt                       0x080032cf   Thumb Code    10  stm32f4xx_hal_uart.o(i.UART_DMARxHalfCplt)
    i.UART_EndRxTransfer                     0x080032d8   Section        0  stm32f4xx_hal_uart.o(i.UART_EndRxTransfer)
    UART_EndRxTransfer                       0x080032d9   Thumb Code    28  stm32f4xx_hal_uart.o(i.UART_EndRxTransfer)
    i.UART_EndTxTransfer                     0x080032f4   Section        0  stm32f4xx_hal_uart.o(i.UART_EndTxTransfer)
    UART_EndTxTransfer                       0x080032f5   Thumb Code    18  stm32f4xx_hal_uart.o(i.UART_EndTxTransfer)
    i.UART_SetConfig                         0x08003308   Section        0  stm32f4xx_hal_uart.o(i.UART_SetConfig)
    UART_SetConfig                           0x08003309   Thumb Code   676  stm32f4xx_hal_uart.o(i.UART_SetConfig)
    i.UsageFault_Handler                     0x080035b4   Section        0  stm32f4xx_it.o(i.UsageFault_Handler)
    i.__ARM_fpclassifyf                      0x080035b6   Section        0  fpclassifyf.o(i.__ARM_fpclassifyf)
    i.__NVIC_SetPriority                     0x080035dc   Section        0  stm32f4xx_hal_cortex.o(i.__NVIC_SetPriority)
    __NVIC_SetPriority                       0x080035dd   Thumb Code    32  stm32f4xx_hal_cortex.o(i.__NVIC_SetPriority)
    i.__hardfp_asinf                         0x080035fc   Section        0  asinf.o(i.__hardfp_asinf)
    i.__hardfp_atan2f                        0x08003728   Section        0  atan2f.o(i.__hardfp_atan2f)
    i.__mathlib_flt_infnan                   0x08003978   Section        0  funder.o(i.__mathlib_flt_infnan)
    i.__mathlib_flt_infnan2                  0x0800397e   Section        0  funder.o(i.__mathlib_flt_infnan2)
    i.__mathlib_flt_invalid                  0x08003984   Section        0  funder.o(i.__mathlib_flt_invalid)
    i.__mathlib_flt_underflow                0x08003994   Section        0  funder.o(i.__mathlib_flt_underflow)
    i.__scatterload_copy                     0x080039a4   Section       14  handlers.o(i.__scatterload_copy)
    i.__scatterload_null                     0x080039b2   Section        2  handlers.o(i.__scatterload_null)
    i.__scatterload_zeroinit                 0x080039b4   Section       14  handlers.o(i.__scatterload_zeroinit)
    i.__set_errno                            0x080039c4   Section        0  errno.o(i.__set_errno)
    i.accel_comple_filter                    0x080039d0   Section        0  ahrs.o(i.accel_comple_filter)
    accel_comple_filter                      0x080039d1   Thumb Code   454  ahrs.o(i.accel_comple_filter)
    i.accel_update_kp_ki                     0x08003ba0   Section        0  ahrs.o(i.accel_update_kp_ki)
    accel_update_kp_ki                       0x08003ba1   Thumb Code   370  ahrs.o(i.accel_update_kp_ki)
    i.angle_to_quat                          0x08003d2c   Section        0  ahrs.o(i.angle_to_quat)
    angle_to_quat                            0x08003d2d   Thumb Code   364  ahrs.o(i.angle_to_quat)
    i.chassis_task                           0x08003e98   Section        0  chassis_task.o(i.chassis_task)
    i.detect_task                            0x08003ea4   Section        0  detect_task.o(i.detect_task)
    i.get_INS_angle_point                    0x08003eac   Section        0  sensor_task.o(i.get_INS_angle_point)
    i.get_MPU6500_Gyro_Data_Point            0x08003eb4   Section        0  sensor_task.o(i.get_MPU6500_Gyro_Data_Point)
    i.get_Pitch_Gimbal_Motor_Measure_Point   0x08003ebc   Section        0  can_receive.o(i.get_Pitch_Gimbal_Motor_Measure_Point)
    i.get_Yaw_Gimbal_Motor_Measure_Point     0x08003ec4   Section        0  can_receive.o(i.get_Yaw_Gimbal_Motor_Measure_Point)
    i.get_angle                              0x08003ecc   Section        0  ahrs.o(i.get_angle)
    i.get_motor_measure                      0x08003fb4   Section        0  can_receive.o(i.get_motor_measure)
    i.get_remote_control_point               0x08003fd0   Section        0  remote.o(i.get_remote_control_point)
    i.gimbal_task                            0x08003fd8   Section        0  gimbal_task.o(i.gimbal_task)
    i.ist8310_IIC_read_single_reg            0x08004084   Section        0  ist8310.o(i.ist8310_IIC_read_single_reg)
    i.ist8310_IIC_write_single_reg           0x080040ac   Section        0  ist8310.o(i.ist8310_IIC_write_single_reg)
    i.ist8310_RST_H                          0x080040cc   Section        0  ist8310.o(i.ist8310_RST_H)
    i.ist8310_RST_L                          0x080040dc   Section        0  ist8310.o(i.ist8310_RST_L)
    i.ist8310_auto_com_by_mpu6500            0x080040ec   Section        0  ist8310.o(i.ist8310_auto_com_by_mpu6500)
    i.ist8310_init                           0x08004104   Section        0  ist8310.o(i.ist8310_init)
    i.main                                   0x080041a8   Section        0  main.o(i.main)
    i.makeFreeRtosPriority                   0x080041e8   Section        0  cmsis_os.o(i.makeFreeRtosPriority)
    makeFreeRtosPriority                     0x080041e9   Thumb Code    12  cmsis_os.o(i.makeFreeRtosPriority)
    i.mpu6500_SPI_NS_H                       0x080041f4   Section        0  mpu6500.o(i.mpu6500_SPI_NS_H)
    i.mpu6500_SPI_NS_L                       0x08004204   Section        0  mpu6500.o(i.mpu6500_SPI_NS_L)
    i.osDelay                                0x08004214   Section        0  cmsis_os.o(i.osDelay)
    i.osDelayUntil                           0x08004222   Section        0  cmsis_os.o(i.osDelayUntil)
    i.osKernelStart                          0x08004230   Section        0  cmsis_os.o(i.osKernelStart)
    i.osThreadCreate                         0x0800423a   Section        0  cmsis_os.o(i.osThreadCreate)
    i.prvAddCurrentTaskToDelayedList         0x08004290   Section        0  tasks.o(i.prvAddCurrentTaskToDelayedList)
    prvAddCurrentTaskToDelayedList           0x08004291   Thumb Code   102  tasks.o(i.prvAddCurrentTaskToDelayedList)
    i.prvAddNewTaskToReadyList               0x08004300   Section        0  tasks.o(i.prvAddNewTaskToReadyList)
    prvAddNewTaskToReadyList                 0x08004301   Thumb Code   192  tasks.o(i.prvAddNewTaskToReadyList)
    i.prvDeleteTCB                           0x080043d0   Section        0  tasks.o(i.prvDeleteTCB)
    prvDeleteTCB                             0x080043d1   Thumb Code    52  tasks.o(i.prvDeleteTCB)
    i.prvHeapInit                            0x08004404   Section        0  heap_4.o(i.prvHeapInit)
    prvHeapInit                              0x08004405   Thumb Code    66  heap_4.o(i.prvHeapInit)
    i.prvIdleTask                            0x08004450   Section        0  tasks.o(i.prvIdleTask)
    prvIdleTask                              0x08004451   Thumb Code    82  tasks.o(i.prvIdleTask)
    i.prvInitialiseNewTask                   0x080044b0   Section        0  tasks.o(i.prvInitialiseNewTask)
    prvInitialiseNewTask                     0x080044b1   Thumb Code   142  tasks.o(i.prvInitialiseNewTask)
    i.prvInsertBlockIntoFreeList             0x08004540   Section        0  heap_4.o(i.prvInsertBlockIntoFreeList)
    prvInsertBlockIntoFreeList               0x08004541   Thumb Code    72  heap_4.o(i.prvInsertBlockIntoFreeList)
    i.prvResetNextTaskUnblockTime            0x0800458c   Section        0  tasks.o(i.prvResetNextTaskUnblockTime)
    prvResetNextTaskUnblockTime              0x0800458d   Thumb Code    26  tasks.o(i.prvResetNextTaskUnblockTime)
    i.prvTaskExitError                       0x080045ac   Section        0  port.o(i.prvTaskExitError)
    prvTaskExitError                         0x080045ad   Thumb Code    36  port.o(i.prvTaskExitError)
    i.pvPortMalloc                           0x080045d4   Section        0  heap_4.o(i.pvPortMalloc)
    i.pxPortInitialiseStack                  0x080046ac   Section        0  port.o(i.pxPortInitialiseStack)
    i.quat_normalization                     0x080046d8   Section        0  ahrs.o(i.quat_normalization)
    quat_normalization                       0x080046d9   Thumb Code   126  ahrs.o(i.quat_normalization)
    i.sqrtf                                  0x0800475c   Section        0  sqrtf_full.o(i.sqrtf)
    i.update_w                               0x0800479a   Section        0  ahrs.o(i.update_w)
    update_w                                 0x0800479b   Thumb Code   122  ahrs.o(i.update_w)
    i.uxListRemove                           0x08004814   Section        0  list.o(i.uxListRemove)
    i.vApplicationGetIdleTaskMemory          0x0800483c   Section        0  freertos.o(i.vApplicationGetIdleTaskMemory)
    i.vListInitialise                        0x08004850   Section        0  list.o(i.vListInitialise)
    i.vListInitialiseItem                    0x08004866   Section        0  list.o(i.vListInitialiseItem)
    i.vListInsert                            0x0800486c   Section        0  list.o(i.vListInsert)
    i.vListInsertEnd                         0x0800489c   Section        0  list.o(i.vListInsertEnd)
    i.vPortEnterCritical                     0x080048b4   Section        0  port.o(i.vPortEnterCritical)
    i.vPortExitCritical                      0x080048f4   Section        0  port.o(i.vPortExitCritical)
    i.vPortFree                              0x0800491c   Section        0  heap_4.o(i.vPortFree)
    i.vPortSetupTimerInterrupt               0x08004978   Section        0  port.o(i.vPortSetupTimerInterrupt)
    i.vTaskDelay                             0x0800499c   Section        0  tasks.o(i.vTaskDelay)
    i.vTaskDelayUntil                        0x080049e8   Section        0  tasks.o(i.vTaskDelayUntil)
    i.vTaskStartScheduler                    0x08004a74   Section        0  tasks.o(i.vTaskStartScheduler)
    i.vTaskSuspendAll                        0x08004ae0   Section        0  tasks.o(i.vTaskSuspendAll)
    i.vTaskSwitchContext                     0x08004af0   Section        0  tasks.o(i.vTaskSwitchContext)
    i.xPortStartScheduler                    0x08004b4c   Section        0  port.o(i.xPortStartScheduler)
    i.xTaskCreate                            0x08004c40   Section        0  tasks.o(i.xTaskCreate)
    i.xTaskCreateStatic                      0x08004c9a   Section        0  tasks.o(i.xTaskCreateStatic)
    i.xTaskGetTickCount                      0x08004cf0   Section        0  tasks.o(i.xTaskGetTickCount)
    i.xTaskIncrementTick                     0x08004cfc   Section        0  tasks.o(i.xTaskIncrementTick)
    i.xTaskResumeAll                         0x08004dc4   Section        0  tasks.o(i.xTaskResumeAll)
    .constdata                               0x08004e88   Section      168  freertos.o(.constdata)
    .constdata                               0x08004f30   Section        8  stm32f4xx_hal_dma.o(.constdata)
    flagBitshiftOffset                       0x08004f30   Data           8  stm32f4xx_hal_dma.o(.constdata)
    .constdata                               0x08004f38   Section       16  system_stm32f4xx.o(.constdata)
    .constdata                               0x08004f48   Section        8  system_stm32f4xx.o(.constdata)
    .constdata                               0x08004f50   Section       20  sensor_task.o(.constdata)
    .constdata                               0x08004f64   Section       12  ist8310.o(.constdata)
    ist8310_write_reg_data_error             0x08004f64   Data          12  ist8310.o(.constdata)
    .constdata                               0x08004f70   Section       12  ahrs.o(.constdata)
    .constdata                               0x08004f7c   Section     2052  arm_common_tables.o(.constdata)
    .conststring                             0x08005780   Section       75  freertos.o(.conststring)
    .data                                    0x20000000   Section       24  freertos.o(.data)
    .data                                    0x20000018   Section        8  stm32f4xx_it.o(.data)
    aData                                    0x20000018   Data           8  stm32f4xx_it.o(.data)
    .data                                    0x20000020   Section       12  stm32f4xx_hal.o(.data)
    .data                                    0x2000002c   Section        4  system_stm32f4xx.o(.data)
    .data                                    0x20000030   Section       60  tasks.o(.data)
    pxDelayedTaskList                        0x20000034   Data           4  tasks.o(.data)
    pxOverflowDelayedTaskList                0x20000038   Data           4  tasks.o(.data)
    uxDeletedTasksWaitingCleanUp             0x2000003c   Data           4  tasks.o(.data)
    uxCurrentNumberOfTasks                   0x20000040   Data           4  tasks.o(.data)
    xTickCount                               0x20000044   Data           4  tasks.o(.data)
    uxTopReadyPriority                       0x20000048   Data           4  tasks.o(.data)
    xSchedulerRunning                        0x2000004c   Data           4  tasks.o(.data)
    uxPendedTicks                            0x20000050   Data           4  tasks.o(.data)
    xYieldPending                            0x20000054   Data           4  tasks.o(.data)
    xNumOfOverflows                          0x20000058   Data           4  tasks.o(.data)
    uxTaskNumber                             0x2000005c   Data           4  tasks.o(.data)
    xNextTaskUnblockTime                     0x20000060   Data           4  tasks.o(.data)
    xIdleTaskHandle                          0x20000064   Data           4  tasks.o(.data)
    uxSchedulerSuspended                     0x20000068   Data           4  tasks.o(.data)
    .data                                    0x2000006c   Section       24  heap_4.o(.data)
    pxEnd                                    0x2000006c   Data           4  heap_4.o(.data)
    xFreeBytesRemaining                      0x20000070   Data           4  heap_4.o(.data)
    xMinimumEverFreeBytesRemaining           0x20000074   Data           4  heap_4.o(.data)
    xBlockAllocatedBit                       0x20000078   Data           4  heap_4.o(.data)
    xStart                                   0x2000007c   Data           8  heap_4.o(.data)
    .data                                    0x20000084   Section       12  port.o(.data)
    ucMaxSysCallPriority                     0x20000084   Data           1  port.o(.data)
    uxCriticalNesting                        0x20000088   Data           4  port.o(.data)
    ulMaxPRIGROUPValue                       0x2000008c   Data           4  port.o(.data)
    .data                                    0x20000090   Section        4  remote.o(.data)
    .data                                    0x20000094   Section      112  sensor_task.o(.data)
    MPU_id                                   0x20000094   Data           1  sensor_task.o(.data)
    updata_count                             0x20000095   Data           1  sensor_task.o(.data)
    Gyro_Scale_Factor                        0x20000098   Data          36  sensor_task.o(.data)
    Accel_Scale_Factor                       0x200000bc   Data          36  sensor_task.o(.data)
    Mag_Scale_Factor                         0x200000e0   Data          36  sensor_task.o(.data)
    .data                                    0x20000104   Section       24  can_receive.o(.data)
    i                                        0x20000104   Data           1  can_receive.o(.data)
    TxData                                   0x2000010c   Data           8  can_receive.o(.data)
    TxData                                   0x20000114   Data           8  can_receive.o(.data)
    .data                                    0x2000011c   Section        2  ist8310.o(.data)
    .data                                    0x2000011e   Section       36  mpu6500.o(.data)
    MPU_Rx                                   0x2000011e   Data           1  mpu6500.o(.data)
    MPU_Tx                                   0x2000011f   Data           1  mpu6500.o(.data)
    MPU_Rx                                   0x20000120   Data           1  mpu6500.o(.data)
    MPU_Tx                                   0x20000121   Data           1  mpu6500.o(.data)
    MPU_Rx                                   0x20000122   Data           1  mpu6500.o(.data)
    MPU_Tx                                   0x20000123   Data           1  mpu6500.o(.data)
    MPU_Rx                                   0x20000124   Data           1  mpu6500.o(.data)
    MPU_Tx                                   0x20000125   Data           1  mpu6500.o(.data)
    MPU_Rx_buff                              0x20000126   Data          14  mpu6500.o(.data)
    MPU_Tx_buff                              0x20000134   Data          14  mpu6500.o(.data)
    .data                                    0x20000144   Section       16  ahrs.o(.data)
    local_hight                              0x20000144   Data           4  ahrs.o(.data)
    latitude                                 0x20000148   Data           4  ahrs.o(.data)
    local_gravity                            0x2000014c   Data           4  ahrs.o(.data)
    carrier_gravity                          0x20000150   Data           4  ahrs.o(.data)
    .data                                    0x20000154   Section        4  errno.o(.data)
    _errno                                   0x20000154   Data           4  errno.o(.data)
    .bss                                     0x20000158   Section       40  can.o(.bss)
    .bss                                     0x20000180   Section      596  freertos.o(.bss)
    xIdleTaskTCBBuffer                       0x20000180   Data          84  freertos.o(.bss)
    xIdleStack                               0x200001d4   Data         512  freertos.o(.bss)
    .bss                                     0x200003d4   Section       88  spi.o(.bss)
    .bss                                     0x2000042c   Section      224  usart.o(.bss)
    .bss                                     0x2000050c   Section       64  stm32f4xx_hal_timebase_tim.o(.bss)
    .bss                                     0x2000054c   Section      300  tasks.o(.bss)
    pxReadyTasksLists                        0x2000054c   Data         200  tasks.o(.bss)
    xDelayedTaskList1                        0x20000614   Data          20  tasks.o(.bss)
    xDelayedTaskList2                        0x20000628   Data          20  tasks.o(.bss)
    xPendingReadyList                        0x2000063c   Data          20  tasks.o(.bss)
    xTasksWaitingTermination                 0x20000650   Data          20  tasks.o(.bss)
    xSuspendedTaskList                       0x20000664   Data          20  tasks.o(.bss)
    .bss                                     0x20000678   Section    15360  heap_4.o(.bss)
    ucHeap                                   0x20000678   Data       15360  heap_4.o(.bss)
    .bss                                     0x20004278   Section       22  remote.o(.bss)
    .bss                                     0x2000428e   Section       18  remote.o(.bss)
    .bss                                     0x200042a0   Section      196  sensor_task.o(.bss)
    Gyro_Offset                              0x200042a0   Data          12  sensor_task.o(.bss)
    Accel_Offset                             0x200042ac   Data          12  sensor_task.o(.bss)
    Mag_Offset                               0x200042b8   Data          12  sensor_task.o(.bss)
    INS_gyro                                 0x200042c4   Data          12  sensor_task.o(.bss)
    INS_accel                                0x200042d0   Data          12  sensor_task.o(.bss)
    INS_mag                                  0x200042dc   Data          12  sensor_task.o(.bss)
    INS_Angle                                0x200042e8   Data          12  sensor_task.o(.bss)
    INS_quat                                 0x200042f4   Data          16  sensor_task.o(.bss)
    accel_fliter_1                           0x20004304   Data          12  sensor_task.o(.bss)
    accel_fliter_2                           0x20004310   Data          12  sensor_task.o(.bss)
    accel_fliter_3                           0x2000431c   Data          12  sensor_task.o(.bss)
    mpu6500                                  0x20004328   Data          24  sensor_task.o(.bss)
    mpu6500_off                              0x20004340   Data          24  sensor_task.o(.bss)
    ist8310                                  0x20004358   Data          12  sensor_task.o(.bss)
    .bss                                     0x20004364   Section       96  can_receive.o(.bss)
    motor_yaw                                0x20004364   Data          10  can_receive.o(.bss)
    motor_pit                                0x2000436e   Data          10  can_receive.o(.bss)
    motor_trigger                            0x20004378   Data          10  can_receive.o(.bss)
    motor_chassis                            0x20004382   Data          40  can_receive.o(.bss)
    .bss                                     0x200043c4   Section       28  can_receive.o(.bss)
    .bss                                     0x200043e0   Section      316  gimbal_task.o(.bss)
    STACK                                    0x20004520   Section     1024  startup_stm32f427xx.o(STACK)

    Global Symbols

    Symbol Name                              Value     Ov Type        Size  Object(Section)

    BuildAttributes$$THM_ISAv4$E$P$D$K$B$S$7EM$VFPi3$EXTD16$VFPS$VFMA$PE$A:L22UL41UL21$X:L11$S22US41US21$IEEE1$IW$USESV6$~STKCKD$USESV7$~SHL$OTIME$ROPI$IEEEX$EBA8$MICROLIB$REQ8$PRES8$EABIv2 0x00000000   Number         0  anon$$obj.o ABSOLUTE
    __ARM_use_no_argv                        0x00000000   Number         0  main.o ABSOLUTE
    __cpp_initialize__aeabi_                  - Undefined Weak Reference
    __cxa_finalize                            - Undefined Weak Reference
    _clock_init                               - Undefined Weak Reference
    _microlib_exit                            - Undefined Weak Reference
    __Vectors_Size                           0x000001ac   Number         0  startup_stm32f427xx.o ABSOLUTE
    __Vectors                                0x08000000   Data           4  startup_stm32f427xx.o(RESET)
    __Vectors_End                            0x080001ac   Data           0  startup_stm32f427xx.o(RESET)
    __main                                   0x080001ad   Thumb Code     0  entry.o(.ARM.Collect$$$$00000000)
    _main_stk                                0x080001ad   Thumb Code     0  entry2.o(.ARM.Collect$$$$00000001)
    _main_scatterload                        0x080001b1   Thumb Code     0  entry5.o(.ARM.Collect$$$$00000004)
    __main_after_scatterload                 0x080001b5   Thumb Code     0  entry5.o(.ARM.Collect$$$$00000004)
    _main_clock                              0x080001b5   Thumb Code     0  entry7b.o(.ARM.Collect$$$$00000008)
    _main_cpp_init                           0x080001b5   Thumb Code     0  entry8b.o(.ARM.Collect$$$$0000000A)
    _main_init                               0x080001b5   Thumb Code     0  entry9a.o(.ARM.Collect$$$$0000000B)
    __rt_final_cpp                           0x080001bd   Thumb Code     0  entry10a.o(.ARM.Collect$$$$0000000D)
    __rt_final_exit                          0x080001bd   Thumb Code     0  entry11a.o(.ARM.Collect$$$$0000000F)
    SVC_Handler                              0x080001c1   Thumb Code    28  port.o(.emb_text)
    __asm___6_port_c_39a90d8d__prvStartFirstTask 0x080001e1   Thumb Code    36  port.o(.emb_text)
    __asm___6_port_c_39a90d8d__prvEnableVFP  0x08000209   Thumb Code    16  port.o(.emb_text)
    PendSV_Handler                           0x0800021d   Thumb Code    88  port.o(.emb_text)
    vPortGetIPSR                             0x08000279   Thumb Code     6  port.o(.emb_text)
    Reset_Handler                            0x08000281   Thumb Code     8  startup_stm32f427xx.o(.text)
    ADC_IRQHandler                           0x0800029b   Thumb Code     0  startup_stm32f427xx.o(.text)
    CAN1_RX1_IRQHandler                      0x0800029b   Thumb Code     0  startup_stm32f427xx.o(.text)
    CAN1_SCE_IRQHandler                      0x0800029b   Thumb Code     0  startup_stm32f427xx.o(.text)
    CAN2_RX0_IRQHandler                      0x0800029b   Thumb Code     0  startup_stm32f427xx.o(.text)
    CAN2_RX1_IRQHandler                      0x0800029b   Thumb Code     0  startup_stm32f427xx.o(.text)
    CAN2_SCE_IRQHandler                      0x0800029b   Thumb Code     0  startup_stm32f427xx.o(.text)
    CAN2_TX_IRQHandler                       0x0800029b   Thumb Code     0  startup_stm32f427xx.o(.text)
    DCMI_IRQHandler                          0x0800029b   Thumb Code     0  startup_stm32f427xx.o(.text)
    DMA1_Stream0_IRQHandler                  0x0800029b   Thumb Code     0  startup_stm32f427xx.o(.text)
    DMA1_Stream1_IRQHandler                  0x0800029b   Thumb Code     0  startup_stm32f427xx.o(.text)
    DMA1_Stream2_IRQHandler                  0x0800029b   Thumb Code     0  startup_stm32f427xx.o(.text)
    DMA1_Stream3_IRQHandler                  0x0800029b   Thumb Code     0  startup_stm32f427xx.o(.text)
    DMA1_Stream4_IRQHandler                  0x0800029b   Thumb Code     0  startup_stm32f427xx.o(.text)
    DMA1_Stream5_IRQHandler                  0x0800029b   Thumb Code     0  startup_stm32f427xx.o(.text)
    DMA1_Stream6_IRQHandler                  0x0800029b   Thumb Code     0  startup_stm32f427xx.o(.text)
    DMA1_Stream7_IRQHandler                  0x0800029b   Thumb Code     0  startup_stm32f427xx.o(.text)
    DMA2D_IRQHandler                         0x0800029b   Thumb Code     0  startup_stm32f427xx.o(.text)
    DMA2_Stream0_IRQHandler                  0x0800029b   Thumb Code     0  startup_stm32f427xx.o(.text)
    DMA2_Stream1_IRQHandler                  0x0800029b   Thumb Code     0  startup_stm32f427xx.o(.text)
    DMA2_Stream3_IRQHandler                  0x0800029b   Thumb Code     0  startup_stm32f427xx.o(.text)
    DMA2_Stream4_IRQHandler                  0x0800029b   Thumb Code     0  startup_stm32f427xx.o(.text)
    DMA2_Stream5_IRQHandler                  0x0800029b   Thumb Code     0  startup_stm32f427xx.o(.text)
    DMA2_Stream6_IRQHandler                  0x0800029b   Thumb Code     0  startup_stm32f427xx.o(.text)
    DMA2_Stream7_IRQHandler                  0x0800029b   Thumb Code     0  startup_stm32f427xx.o(.text)
    ETH_IRQHandler                           0x0800029b   Thumb Code     0  startup_stm32f427xx.o(.text)
    ETH_WKUP_IRQHandler                      0x0800029b   Thumb Code     0  startup_stm32f427xx.o(.text)
    EXTI0_IRQHandler                         0x0800029b   Thumb Code     0  startup_stm32f427xx.o(.text)
    EXTI15_10_IRQHandler                     0x0800029b   Thumb Code     0  startup_stm32f427xx.o(.text)
    EXTI1_IRQHandler                         0x0800029b   Thumb Code     0  startup_stm32f427xx.o(.text)
    EXTI2_IRQHandler                         0x0800029b   Thumb Code     0  startup_stm32f427xx.o(.text)
    EXTI3_IRQHandler                         0x0800029b   Thumb Code     0  startup_stm32f427xx.o(.text)
    EXTI4_IRQHandler                         0x0800029b   Thumb Code     0  startup_stm32f427xx.o(.text)
    EXTI9_5_IRQHandler                       0x0800029b   Thumb Code     0  startup_stm32f427xx.o(.text)
    FLASH_IRQHandler                         0x0800029b   Thumb Code     0  startup_stm32f427xx.o(.text)
    FMC_IRQHandler                           0x0800029b   Thumb Code     0  startup_stm32f427xx.o(.text)
    FPU_IRQHandler                           0x0800029b   Thumb Code     0  startup_stm32f427xx.o(.text)
    HASH_RNG_IRQHandler                      0x0800029b   Thumb Code     0  startup_stm32f427xx.o(.text)
    I2C1_ER_IRQHandler                       0x0800029b   Thumb Code     0  startup_stm32f427xx.o(.text)
    I2C1_EV_IRQHandler                       0x0800029b   Thumb Code     0  startup_stm32f427xx.o(.text)
    I2C2_ER_IRQHandler                       0x0800029b   Thumb Code     0  startup_stm32f427xx.o(.text)
    I2C2_EV_IRQHandler                       0x0800029b   Thumb Code     0  startup_stm32f427xx.o(.text)
    I2C3_ER_IRQHandler                       0x0800029b   Thumb Code     0  startup_stm32f427xx.o(.text)
    I2C3_EV_IRQHandler                       0x0800029b   Thumb Code     0  startup_stm32f427xx.o(.text)
    OTG_FS_IRQHandler                        0x0800029b   Thumb Code     0  startup_stm32f427xx.o(.text)
    OTG_FS_WKUP_IRQHandler                   0x0800029b   Thumb Code     0  startup_stm32f427xx.o(.text)
    OTG_HS_EP1_IN_IRQHandler                 0x0800029b   Thumb Code     0  startup_stm32f427xx.o(.text)
    OTG_HS_EP1_OUT_IRQHandler                0x0800029b   Thumb Code     0  startup_stm32f427xx.o(.text)
    OTG_HS_IRQHandler                        0x0800029b   Thumb Code     0  startup_stm32f427xx.o(.text)
    OTG_HS_WKUP_IRQHandler                   0x0800029b   Thumb Code     0  startup_stm32f427xx.o(.text)
    PVD_IRQHandler                           0x0800029b   Thumb Code     0  startup_stm32f427xx.o(.text)
    RCC_IRQHandler                           0x0800029b   Thumb Code     0  startup_stm32f427xx.o(.text)
    RTC_Alarm_IRQHandler                     0x0800029b   Thumb Code     0  startup_stm32f427xx.o(.text)
    RTC_WKUP_IRQHandler                      0x0800029b   Thumb Code     0  startup_stm32f427xx.o(.text)
    SAI1_IRQHandler                          0x0800029b   Thumb Code     0  startup_stm32f427xx.o(.text)
    SDIO_IRQHandler                          0x0800029b   Thumb Code     0  startup_stm32f427xx.o(.text)
    SPI1_IRQHandler                          0x0800029b   Thumb Code     0  startup_stm32f427xx.o(.text)
    SPI2_IRQHandler                          0x0800029b   Thumb Code     0  startup_stm32f427xx.o(.text)
    SPI3_IRQHandler                          0x0800029b   Thumb Code     0  startup_stm32f427xx.o(.text)
    SPI4_IRQHandler                          0x0800029b   Thumb Code     0  startup_stm32f427xx.o(.text)
    SPI5_IRQHandler                          0x0800029b   Thumb Code     0  startup_stm32f427xx.o(.text)
    SPI6_IRQHandler                          0x0800029b   Thumb Code     0  startup_stm32f427xx.o(.text)
    TAMP_STAMP_IRQHandler                    0x0800029b   Thumb Code     0  startup_stm32f427xx.o(.text)
    TIM1_BRK_TIM9_IRQHandler                 0x0800029b   Thumb Code     0  startup_stm32f427xx.o(.text)
    TIM1_CC_IRQHandler                       0x0800029b   Thumb Code     0  startup_stm32f427xx.o(.text)
    TIM1_TRG_COM_TIM11_IRQHandler            0x0800029b   Thumb Code     0  startup_stm32f427xx.o(.text)
    TIM2_IRQHandler                          0x0800029b   Thumb Code     0  startup_stm32f427xx.o(.text)
    TIM3_IRQHandler                          0x0800029b   Thumb Code     0  startup_stm32f427xx.o(.text)
    TIM4_IRQHandler                          0x0800029b   Thumb Code     0  startup_stm32f427xx.o(.text)
    TIM5_IRQHandler                          0x0800029b   Thumb Code     0  startup_stm32f427xx.o(.text)
    TIM6_DAC_IRQHandler                      0x0800029b   Thumb Code     0  startup_stm32f427xx.o(.text)
    TIM7_IRQHandler                          0x0800029b   Thumb Code     0  startup_stm32f427xx.o(.text)
    TIM8_BRK_TIM12_IRQHandler                0x0800029b   Thumb Code     0  startup_stm32f427xx.o(.text)
    TIM8_CC_IRQHandler                       0x0800029b   Thumb Code     0  startup_stm32f427xx.o(.text)
    TIM8_TRG_COM_TIM14_IRQHandler            0x0800029b   Thumb Code     0  startup_stm32f427xx.o(.text)
    TIM8_UP_TIM13_IRQHandler                 0x0800029b   Thumb Code     0  startup_stm32f427xx.o(.text)
    UART4_IRQHandler                         0x0800029b   Thumb Code     0  startup_stm32f427xx.o(.text)
    UART5_IRQHandler                         0x0800029b   Thumb Code     0  startup_stm32f427xx.o(.text)
    UART7_IRQHandler                         0x0800029b   Thumb Code     0  startup_stm32f427xx.o(.text)
    UART8_IRQHandler                         0x0800029b   Thumb Code     0  startup_stm32f427xx.o(.text)
    USART1_IRQHandler                        0x0800029b   Thumb Code     0  startup_stm32f427xx.o(.text)
    USART2_IRQHandler                        0x0800029b   Thumb Code     0  startup_stm32f427xx.o(.text)
    USART3_IRQHandler                        0x0800029b   Thumb Code     0  startup_stm32f427xx.o(.text)
    USART6_IRQHandler                        0x0800029b   Thumb Code     0  startup_stm32f427xx.o(.text)
    WWDG_IRQHandler                          0x0800029b   Thumb Code     0  startup_stm32f427xx.o(.text)
    arm_cos_f32                              0x080002a5   Thumb Code   108  arm_cos_f32.o(.text)
    arm_sin_f32                              0x0800031d   Thumb Code   104  arm_sin_f32.o(.text)
    __aeabi_uldivmod                         0x08000391   Thumb Code    98  uldiv.o(.text)
    __aeabi_memcpy                           0x080003f3   Thumb Code    36  memcpya.o(.text)
    __aeabi_memcpy4                          0x080003f3   Thumb Code     0  memcpya.o(.text)
    __aeabi_memcpy8                          0x080003f3   Thumb Code     0  memcpya.o(.text)
    __aeabi_memset                           0x08000417   Thumb Code    14  memseta.o(.text)
    __aeabi_memset4                          0x08000417   Thumb Code     0  memseta.o(.text)
    __aeabi_memset8                          0x08000417   Thumb Code     0  memseta.o(.text)
    __aeabi_memclr                           0x08000425   Thumb Code     4  memseta.o(.text)
    __aeabi_memclr4                          0x08000425   Thumb Code     0  memseta.o(.text)
    __aeabi_memclr8                          0x08000425   Thumb Code     0  memseta.o(.text)
    memset                                   0x08000429   Thumb Code    18  memseta.o(.text)
    __aeabi_llsl                             0x0800043b   Thumb Code    30  llshl.o(.text)
    _ll_shift_l                              0x0800043b   Thumb Code     0  llshl.o(.text)
    __aeabi_llsr                             0x08000459   Thumb Code    32  llushr.o(.text)
    _ll_ushift_r                             0x08000459   Thumb Code     0  llushr.o(.text)
    __I$use$fp                               0x08000479   Thumb Code     0  iusefp.o(.text)
    __scatterload                            0x08000479   Thumb Code    28  init.o(.text)
    __scatterload_rt2                        0x08000479   Thumb Code     0  init.o(.text)
    __decompress                             0x0800049d   Thumb Code     0  __dczerorl2.o(.text)
    __decompress1                            0x0800049d   Thumb Code    86  __dczerorl2.o(.text)
    AHRS_asinf                               0x080004f3   Thumb Code     4  ahrs_middleware.o(i.AHRS_asinf)
    AHRS_atan2f                              0x080004f7   Thumb Code     4  ahrs_middleware.o(i.AHRS_atan2f)
    AHRS_cosf                                0x080004fb   Thumb Code     4  ahrs_middleware.o(i.AHRS_cosf)
    AHRS_get_height                          0x08000519   Thumb Code    14  ahrs_middleware.o(i.AHRS_get_height)
    AHRS_get_latitude                        0x0800052d   Thumb Code    14  ahrs_middleware.o(i.AHRS_get_latitude)
    AHRS_init                                0x08000541   Thumb Code   626  ahrs.o(i.AHRS_init)
    AHRS_invSqrt                             0x080007dd   Thumb Code    40  ahrs_middleware.o(i.AHRS_invSqrt)
    AHRS_sinf                                0x08000809   Thumb Code     4  ahrs_middleware.o(i.AHRS_sinf)
    AHRS_update                              0x0800080d   Thumb Code   314  ahrs.o(i.AHRS_update)
    BusFault_Handler                         0x08000947   Thumb Code     2  stm32f4xx_it.o(i.BusFault_Handler)
    CAN1_Getdata                             0x08000949   Thumb Code    54  can_receive.o(i.CAN1_Getdata)
    CAN1_Init                                0x08000989   Thumb Code    56  can_receive.o(i.CAN1_Init)
    CAN1_RX0_IRQHandler                      0x080009c5   Thumb Code    32  stm32f4xx_it.o(i.CAN1_RX0_IRQHandler)
    CAN1_TX_IRQHandler                       0x080009f1   Thumb Code     6  stm32f4xx_it.o(i.CAN1_TX_IRQHandler)
    DMA2_Stream2_IRQHandler                  0x080009fd   Thumb Code    20  stm32f4xx_it.o(i.DMA2_Stream2_IRQHandler)
    DebugMon_Handler                         0x08000ac1   Thumb Code     2  stm32f4xx_it.o(i.DebugMon_Handler)
    Error_Handler                            0x08000ac3   Thumb Code     2  main.o(i.Error_Handler)
    HAL_CAN_ActivateNotification             0x08000b99   Thumb Code    36  stm32f4xx_hal_can.o(i.HAL_CAN_ActivateNotification)
    HAL_CAN_ConfigFilter                     0x08000bbd   Thumb Code   262  stm32f4xx_hal_can.o(i.HAL_CAN_ConfigFilter)
    HAL_CAN_ErrorCallback                    0x08000cc9   Thumb Code     2  stm32f4xx_hal_can.o(i.HAL_CAN_ErrorCallback)
    HAL_CAN_GetRxMessage                     0x08000ccb   Thumb Code   232  stm32f4xx_hal_can.o(i.HAL_CAN_GetRxMessage)
    HAL_CAN_IRQHandler                       0x08000db3   Thumb Code   508  stm32f4xx_hal_can.o(i.HAL_CAN_IRQHandler)
    HAL_CAN_Init                             0x08000faf   Thumb Code   282  stm32f4xx_hal_can.o(i.HAL_CAN_Init)
    HAL_CAN_MspInit                          0x080010c9   Thumb Code   122  can.o(i.HAL_CAN_MspInit)
    HAL_CAN_RxFifo0FullCallback              0x08001151   Thumb Code     2  stm32f4xx_hal_can.o(i.HAL_CAN_RxFifo0FullCallback)
    HAL_CAN_RxFifo0MsgPendingCallback        0x08001153   Thumb Code     2  stm32f4xx_hal_can.o(i.HAL_CAN_RxFifo0MsgPendingCallback)
    HAL_CAN_RxFifo1FullCallback              0x08001155   Thumb Code     2  stm32f4xx_hal_can.o(i.HAL_CAN_RxFifo1FullCallback)
    HAL_CAN_RxFifo1MsgPendingCallback        0x08001157   Thumb Code     2  stm32f4xx_hal_can.o(i.HAL_CAN_RxFifo1MsgPendingCallback)
    HAL_CAN_SleepCallback                    0x08001159   Thumb Code     2  stm32f4xx_hal_can.o(i.HAL_CAN_SleepCallback)
    HAL_CAN_Start                            0x0800115d   Thumb Code    88  stm32f4xx_hal_can.o(i.HAL_CAN_Start)
    HAL_CAN_TxMailbox0AbortCallback          0x080011b5   Thumb Code     2  stm32f4xx_hal_can.o(i.HAL_CAN_TxMailbox0AbortCallback)
    HAL_CAN_TxMailbox0CompleteCallback       0x080011b7   Thumb Code     2  stm32f4xx_hal_can.o(i.HAL_CAN_TxMailbox0CompleteCallback)
    HAL_CAN_TxMailbox1AbortCallback          0x080011b9   Thumb Code     2  stm32f4xx_hal_can.o(i.HAL_CAN_TxMailbox1AbortCallback)
    HAL_CAN_TxMailbox1CompleteCallback       0x080011bb   Thumb Code     2  stm32f4xx_hal_can.o(i.HAL_CAN_TxMailbox1CompleteCallback)
    HAL_CAN_TxMailbox2AbortCallback          0x080011bd   Thumb Code     2  stm32f4xx_hal_can.o(i.HAL_CAN_TxMailbox2AbortCallback)
    HAL_CAN_TxMailbox2CompleteCallback       0x080011bf   Thumb Code     2  stm32f4xx_hal_can.o(i.HAL_CAN_TxMailbox2CompleteCallback)
    HAL_CAN_WakeUpFromRxMsgCallback          0x080011c1   Thumb Code     2  stm32f4xx_hal_can.o(i.HAL_CAN_WakeUpFromRxMsgCallback)
    HAL_DMA_IRQHandler                       0x080011c5   Thumb Code   412  stm32f4xx_hal_dma.o(i.HAL_DMA_IRQHandler)
    HAL_DMA_Init                             0x08001365   Thumb Code   206  stm32f4xx_hal_dma.o(i.HAL_DMA_Init)
    HAL_DMA_Start_IT                         0x08001439   Thumb Code   120  stm32f4xx_hal_dma.o(i.HAL_DMA_Start_IT)
    HAL_GPIO_Init                            0x080014b1   Thumb Code   408  stm32f4xx_hal_gpio.o(i.HAL_GPIO_Init)
    HAL_GPIO_WritePin                        0x0800167d   Thumb Code    10  stm32f4xx_hal_gpio.o(i.HAL_GPIO_WritePin)
    HAL_GetTick                              0x08001689   Thumb Code     6  stm32f4xx_hal.o(i.HAL_GetTick)
    HAL_IncTick                              0x08001695   Thumb Code    12  stm32f4xx_hal.o(i.HAL_IncTick)
    HAL_Init                                 0x080016a5   Thumb Code    48  stm32f4xx_hal.o(i.HAL_Init)
    HAL_InitTick                             0x080016d9   Thumb Code   100  stm32f4xx_hal_timebase_tim.o(i.HAL_InitTick)
    HAL_MspInit                              0x0800174d   Thumb Code    52  stm32f4xx_hal_msp.o(i.HAL_MspInit)
    HAL_MultiProcessor_Init                  0x08001785   Thumb Code   142  stm32f4xx_hal_uart.o(i.HAL_MultiProcessor_Init)
    HAL_NVIC_EnableIRQ                       0x08001813   Thumb Code    26  stm32f4xx_hal_cortex.o(i.HAL_NVIC_EnableIRQ)
    HAL_NVIC_SetPriority                     0x0800182d   Thumb Code    60  stm32f4xx_hal_cortex.o(i.HAL_NVIC_SetPriority)
    HAL_NVIC_SetPriorityGrouping             0x0800186d   Thumb Code    26  stm32f4xx_hal_cortex.o(i.HAL_NVIC_SetPriorityGrouping)
    HAL_PWREx_EnableOverDrive                0x08001891   Thumb Code    98  stm32f4xx_hal_pwr_ex.o(i.HAL_PWREx_EnableOverDrive)
    HAL_RCC_ClockConfig                      0x08001901   Thumb Code   286  stm32f4xx_hal_rcc.o(i.HAL_RCC_ClockConfig)
    HAL_RCC_GetClockConfig                   0x08001a31   Thumb Code    54  stm32f4xx_hal_rcc.o(i.HAL_RCC_GetClockConfig)
    HAL_RCC_GetPCLK1Freq                     0x08001a71   Thumb Code    20  stm32f4xx_hal_rcc.o(i.HAL_RCC_GetPCLK1Freq)
    HAL_RCC_GetPCLK2Freq                     0x08001a91   Thumb Code    20  stm32f4xx_hal_rcc.o(i.HAL_RCC_GetPCLK2Freq)
    HAL_RCC_GetSysClockFreq                  0x08001ab1   Thumb Code    88  stm32f4xx_hal_rcc.o(i.HAL_RCC_GetSysClockFreq)
    HAL_RCC_OscConfig                        0x08001b15   Thumb Code   770  stm32f4xx_hal_rcc.o(i.HAL_RCC_OscConfig)
    HAL_SPI_Init                             0x08001e31   Thumb Code   128  stm32f4xx_hal_spi.o(i.HAL_SPI_Init)
    HAL_SPI_MspInit                          0x08001eb1   Thumb Code    94  spi.o(i.HAL_SPI_MspInit)
    HAL_SPI_TransmitReceive                  0x08001f1d   Thumb Code   482  stm32f4xx_hal_spi.o(i.HAL_SPI_TransmitReceive)
    HAL_TIMEx_BreakCallback                  0x080020ff   Thumb Code     2  stm32f4xx_hal_tim_ex.o(i.HAL_TIMEx_BreakCallback)
    HAL_TIMEx_CommutCallback                 0x08002101   Thumb Code     2  stm32f4xx_hal_tim_ex.o(i.HAL_TIMEx_CommutCallback)
    HAL_TIM_Base_Init                        0x08002103   Thumb Code    54  stm32f4xx_hal_tim.o(i.HAL_TIM_Base_Init)
    HAL_TIM_Base_MspInit                     0x08002139   Thumb Code     2  stm32f4xx_hal_tim.o(i.HAL_TIM_Base_MspInit)
    HAL_TIM_Base_Start_IT                    0x0800213b   Thumb Code    34  stm32f4xx_hal_tim.o(i.HAL_TIM_Base_Start_IT)
    HAL_TIM_IC_CaptureCallback               0x0800215d   Thumb Code     2  stm32f4xx_hal_tim.o(i.HAL_TIM_IC_CaptureCallback)
    HAL_TIM_IRQHandler                       0x0800215f   Thumb Code   358  stm32f4xx_hal_tim.o(i.HAL_TIM_IRQHandler)
    HAL_TIM_OC_DelayElapsedCallback          0x080022c5   Thumb Code     2  stm32f4xx_hal_tim.o(i.HAL_TIM_OC_DelayElapsedCallback)
    HAL_TIM_PWM_PulseFinishedCallback        0x080022c7   Thumb Code     2  stm32f4xx_hal_tim.o(i.HAL_TIM_PWM_PulseFinishedCallback)
    HAL_TIM_PeriodElapsedCallback            0x080022c9   Thumb Code    14  main.o(i.HAL_TIM_PeriodElapsedCallback)
    HAL_TIM_TriggerCallback                  0x080022dd   Thumb Code     2  stm32f4xx_hal_tim.o(i.HAL_TIM_TriggerCallback)
    HAL_UART_ErrorCallback                   0x080022df   Thumb Code     2  stm32f4xx_hal_uart.o(i.HAL_UART_ErrorCallback)
    HAL_UART_Init                            0x080022e1   Thumb Code    98  stm32f4xx_hal_uart.o(i.HAL_UART_Init)
    HAL_UART_MspInit                         0x08002345   Thumb Code   208  usart.o(i.HAL_UART_MspInit)
    HAL_UART_Receive_DMA                     0x08002431   Thumb Code   138  stm32f4xx_hal_uart.o(i.HAL_UART_Receive_DMA)
    HAL_UART_RxCpltCallback                  0x080024c9   Thumb Code     2  stm32f4xx_hal_uart.o(i.HAL_UART_RxCpltCallback)
    HAL_UART_RxHalfCpltCallback              0x080024cb   Thumb Code     2  stm32f4xx_hal_uart.o(i.HAL_UART_RxHalfCpltCallback)
    HardFault_Handler                        0x080024cd   Thumb Code     2  stm32f4xx_it.o(i.HardFault_Handler)
    LEDFlash_Task                            0x080025bd   Thumb Code    44  led_task.o(i.LEDFlash_Task)
    MPU6500_Read_Reg                         0x08002831   Thumb Code    54  mpu6500.o(i.MPU6500_Read_Reg)
    MPU6500_Read_Regs                        0x08002871   Thumb Code    66  mpu6500.o(i.MPU6500_Read_Regs)
    MPU6500_Write_Reg                        0x080028bd   Thumb Code    58  mpu6500.o(i.MPU6500_Write_Reg)
    MPU6500_Write_Regs                       0x08002901   Thumb Code    60  mpu6500.o(i.MPU6500_Write_Regs)
    MX_CAN1_Init                             0x08002945   Thumb Code    60  can.o(i.MX_CAN1_Init)
    MX_DMA_Init                              0x08002989   Thumb Code    40  dma.o(i.MX_DMA_Init)
    MX_FREERTOS_Init                         0x080029b5   Thumb Code   140  freertos.o(i.MX_FREERTOS_Init)
    MX_GPIO_Init                             0x08002a49   Thumb Code   218  gpio.o(i.MX_GPIO_Init)
    MX_SPI5_Init                             0x08002b31   Thumb Code    60  spi.o(i.MX_SPI5_Init)
    MX_UART4_Init                            0x08002b75   Thumb Code    48  usart.o(i.MX_UART4_Init)
    MX_USART1_UART_Init                      0x08002bad   Thumb Code    48  usart.o(i.MX_USART1_UART_Init)
    MemManage_Handler                        0x08002be9   Thumb Code     2  stm32f4xx_it.o(i.MemManage_Handler)
    NMI_Handler                              0x08002c1d   Thumb Code     2  stm32f4xx_it.o(i.NMI_Handler)
    PID_Calculate                            0x08002d19   Thumb Code   248  pid.o(i.PID_Calculate)
    PID_Init                                 0x08002e15   Thumb Code    38  pid.o(i.PID_Init)
    SBUS_TO_RC                               0x08002e41   Thumb Code   112  remote.o(i.SBUS_TO_RC)
    Sensor_task                              0x08002fa1   Thumb Code   182  sensor_task.o(i.Sensor_task)
    StartDefaultTask                         0x08003065   Thumb Code     8  freertos.o(i.StartDefaultTask)
    SysTick_Handler                          0x0800306d   Thumb Code    38  port.o(i.SysTick_Handler)
    SystemClock_Config                       0x08003099   Thumb Code   128  main.o(i.SystemClock_Config)
    SystemInit                               0x08003121   Thumb Code    66  system_stm32f4xx.o(i.SystemInit)
    TIM1_UP_TIM10_IRQHandler                 0x08003175   Thumb Code     6  stm32f4xx_it.o(i.TIM1_UP_TIM10_IRQHandler)
    TIM_Base_SetConfig                       0x08003181   Thumb Code   156  stm32f4xx_hal_tim.o(i.TIM_Base_SetConfig)
    UsageFault_Handler                       0x080035b5   Thumb Code     2  stm32f4xx_it.o(i.UsageFault_Handler)
    __ARM_fpclassifyf                        0x080035b7   Thumb Code    38  fpclassifyf.o(i.__ARM_fpclassifyf)
    __hardfp_asinf                           0x080035fd   Thumb Code   258  asinf.o(i.__hardfp_asinf)
    __hardfp_atan2f                          0x08003729   Thumb Code   502  atan2f.o(i.__hardfp_atan2f)
    __mathlib_flt_infnan                     0x08003979   Thumb Code     6  funder.o(i.__mathlib_flt_infnan)
    __mathlib_flt_infnan2                    0x0800397f   Thumb Code     6  funder.o(i.__mathlib_flt_infnan2)
    __mathlib_flt_invalid                    0x08003985   Thumb Code    10  funder.o(i.__mathlib_flt_invalid)
    __mathlib_flt_underflow                  0x08003995   Thumb Code    10  funder.o(i.__mathlib_flt_underflow)
    __scatterload_copy                       0x080039a5   Thumb Code    14  handlers.o(i.__scatterload_copy)
    __scatterload_null                       0x080039b3   Thumb Code     2  handlers.o(i.__scatterload_null)
    __scatterload_zeroinit                   0x080039b5   Thumb Code    14  handlers.o(i.__scatterload_zeroinit)
    __set_errno                              0x080039c5   Thumb Code     6  errno.o(i.__set_errno)
    chassis_task                             0x08003e99   Thumb Code    12  chassis_task.o(i.chassis_task)
    detect_task                              0x08003ea5   Thumb Code     8  detect_task.o(i.detect_task)
    get_INS_angle_point                      0x08003ead   Thumb Code     4  sensor_task.o(i.get_INS_angle_point)
    get_MPU6500_Gyro_Data_Point              0x08003eb5   Thumb Code     4  sensor_task.o(i.get_MPU6500_Gyro_Data_Point)
    get_Pitch_Gimbal_Motor_Measure_Point     0x08003ebd   Thumb Code     4  can_receive.o(i.get_Pitch_Gimbal_Motor_Measure_Point)
    get_Yaw_Gimbal_Motor_Measure_Point       0x08003ec5   Thumb Code     4  can_receive.o(i.get_Yaw_Gimbal_Motor_Measure_Point)
    get_angle                                0x08003ecd   Thumb Code   232  ahrs.o(i.get_angle)
    get_motor_measure                        0x08003fb5   Thumb Code    28  can_receive.o(i.get_motor_measure)
    get_remote_control_point                 0x08003fd1   Thumb Code     4  remote.o(i.get_remote_control_point)
    gimbal_task                              0x08003fd9   Thumb Code   162  gimbal_task.o(i.gimbal_task)
    ist8310_IIC_read_single_reg              0x08004085   Thumb Code    36  ist8310.o(i.ist8310_IIC_read_single_reg)
    ist8310_IIC_write_single_reg             0x080040ad   Thumb Code    28  ist8310.o(i.ist8310_IIC_write_single_reg)
    ist8310_RST_H                            0x080040cd   Thumb Code    10  ist8310.o(i.ist8310_RST_H)
    ist8310_RST_L                            0x080040dd   Thumb Code    10  ist8310.o(i.ist8310_RST_L)
    ist8310_auto_com_by_mpu6500              0x080040ed   Thumb Code    20  ist8310.o(i.ist8310_auto_com_by_mpu6500)
    ist8310_init                             0x08004105   Thumb Code   154  ist8310.o(i.ist8310_init)
    main                                     0x080041a9   Thumb Code    56  main.o(i.main)
    mpu6500_SPI_NS_H                         0x080041f5   Thumb Code    10  mpu6500.o(i.mpu6500_SPI_NS_H)
    mpu6500_SPI_NS_L                         0x08004205   Thumb Code    10  mpu6500.o(i.mpu6500_SPI_NS_L)
    osDelay                                  0x08004215   Thumb Code    14  cmsis_os.o(i.osDelay)
    osDelayUntil                             0x08004223   Thumb Code    14  cmsis_os.o(i.osDelayUntil)
    osKernelStart                            0x08004231   Thumb Code    10  cmsis_os.o(i.osKernelStart)
    osThreadCreate                           0x0800423b   Thumb Code    84  cmsis_os.o(i.osThreadCreate)
    pvPortMalloc                             0x080045d5   Thumb Code   210  heap_4.o(i.pvPortMalloc)
    pxPortInitialiseStack                    0x080046ad   Thumb Code    40  port.o(i.pxPortInitialiseStack)
    sqrtf                                    0x0800475d   Thumb Code    62  sqrtf_full.o(i.sqrtf)
    uxListRemove                             0x08004815   Thumb Code    38  list.o(i.uxListRemove)
    vApplicationGetIdleTaskMemory            0x0800483d   Thumb Code    16  freertos.o(i.vApplicationGetIdleTaskMemory)
    vListInitialise                          0x08004851   Thumb Code    22  list.o(i.vListInitialise)
    vListInitialiseItem                      0x08004867   Thumb Code     6  list.o(i.vListInitialiseItem)
    vListInsert                              0x0800486d   Thumb Code    48  list.o(i.vListInsert)
    vListInsertEnd                           0x0800489d   Thumb Code    24  list.o(i.vListInsertEnd)
    vPortEnterCritical                       0x080048b5   Thumb Code    54  port.o(i.vPortEnterCritical)
    vPortExitCritical                        0x080048f5   Thumb Code    34  port.o(i.vPortExitCritical)
    vPortFree                                0x0800491d   Thumb Code    88  heap_4.o(i.vPortFree)
    vPortSetupTimerInterrupt                 0x08004979   Thumb Code    32  port.o(i.vPortSetupTimerInterrupt)
    vTaskDelay                               0x0800499d   Thumb Code    66  tasks.o(i.vTaskDelay)
    vTaskDelayUntil                          0x080049e9   Thumb Code   132  tasks.o(i.vTaskDelayUntil)
    vTaskStartScheduler                      0x08004a75   Thumb Code    90  tasks.o(i.vTaskStartScheduler)
    vTaskSuspendAll                          0x08004ae1   Thumb Code    10  tasks.o(i.vTaskSuspendAll)
    vTaskSwitchContext                       0x08004af1   Thumb Code    82  tasks.o(i.vTaskSwitchContext)
    xPortStartScheduler                      0x08004b4d   Thumb Code   222  port.o(i.xPortStartScheduler)
    xTaskCreate                              0x08004c41   Thumb Code    90  tasks.o(i.xTaskCreate)
    xTaskCreateStatic                        0x08004c9b   Thumb Code    86  tasks.o(i.xTaskCreateStatic)
    xTaskGetTickCount                        0x08004cf1   Thumb Code     6  tasks.o(i.xTaskGetTickCount)
    xTaskIncrementTick                       0x08004cfd   Thumb Code   192  tasks.o(i.xTaskIncrementTick)
    xTaskResumeAll                           0x08004dc5   Thumb Code   182  tasks.o(i.xTaskResumeAll)
    AHBPrescTable                            0x08004f38   Data          16  system_stm32f4xx.o(.constdata)
    APBPrescTable                            0x08004f48   Data           8  system_stm32f4xx.o(.constdata)
    sinTable_f32                             0x08004f7c   Data        2052  arm_common_tables.o(.constdata)
    Region$$Table$$Base                      0x080057cc   Number         0  anon$$obj.o(Region$$Table)
    Region$$Table$$Limit                     0x080057ec   Number         0  anon$$obj.o(Region$$Table)
    defaultTaskHandle                        0x20000000   Data           4  freertos.o(.data)
    LEDFlashTaskHandle                       0x20000004   Data           4  freertos.o(.data)
    detecttaskHandle                         0x20000008   Data           4  freertos.o(.data)
    SensortaskHandle                         0x2000000c   Data           4  freertos.o(.data)
    gimbaltaskHandle                         0x20000010   Data           4  freertos.o(.data)
    chassistaskHandle                        0x20000014   Data           4  freertos.o(.data)
    uwTickFreq                               0x20000020   Data           1  stm32f4xx_hal.o(.data)
    uwTickPrio                               0x20000024   Data           4  stm32f4xx_hal.o(.data)
    uwTick                                   0x20000028   Data           4  stm32f4xx_hal.o(.data)
    SystemCoreClock                          0x2000002c   Data           4  system_stm32f4xx.o(.data)
    pxCurrentTCB                             0x20000030   Data           4  tasks.o(.data)
    jcope                                    0x20000090   Data           4  remote.o(.data)
    pTxMailbox                               0x20000108   Data           4  can_receive.o(.data)
    res                                      0x2000011c   Data           1  ist8310.o(.data)
    i                                        0x2000011d   Data           1  ist8310.o(.data)
    hcan1                                    0x20000158   Data          40  can.o(.bss)
    hspi5                                    0x200003d4   Data          88  spi.o(.bss)
    huart4                                   0x2000042c   Data          64  usart.o(.bss)
    huart1                                   0x2000046c   Data          64  usart.o(.bss)
    hdma_usart1_rx                           0x200004ac   Data          96  usart.o(.bss)
    htim1                                    0x2000050c   Data          64  stm32f4xx_hal_timebase_tim.o(.bss)
    rc_ctrl                                  0x20004278   Data          22  remote.o(.bss)
    teledata_rx                              0x2000428e   Data          18  remote.o(.bss)
    Tx1Message                               0x200043ac   Data          24  can_receive.o(.bss)
    Rx1Message                               0x200043c4   Data          28  can_receive.o(.bss)
    gimbal_control                           0x200043e0   Data         316  gimbal_task.o(.bss)
    __initial_sp                             0x20004920   Data           0  startup_stm32f427xx.o(STACK)



==============================================================================

Memory Map of the image

  Image Entry point : 0x080001ad

  Load Region LR_IROM1 (Base: 0x08000000, Size: 0x00005944, Max: 0x00200000, ABSOLUTE, COMPRESSED[0x0000581c])

    Execution Region ER_IROM1 (Exec base: 0x08000000, Load base: 0x08000000, Size: 0x000057ec, Max: 0x00200000, ABSOLUTE)

    Exec Addr    Load Addr    Size         Type   Attr      Idx    E Section Name        Object

    0x08000000   0x08000000   0x000001ac   Data   RO            3    RESET               startup_stm32f427xx.o
    0x080001ac   0x080001ac   0x00000000   Code   RO         5935  * .ARM.Collect$$$$00000000  mc_w.l(entry.o)
    0x080001ac   0x080001ac   0x00000004   Code   RO         5979    .ARM.Collect$$$$00000001  mc_w.l(entry2.o)
    0x080001b0   0x080001b0   0x00000004   Code   RO         5982    .ARM.Collect$$$$00000004  mc_w.l(entry5.o)
    0x080001b4   0x080001b4   0x00000000   Code   RO         5984    .ARM.Collect$$$$00000008  mc_w.l(entry7b.o)
    0x080001b4   0x080001b4   0x00000000   Code   RO         5986    .ARM.Collect$$$$0000000A  mc_w.l(entry8b.o)
    0x080001b4   0x080001b4   0x00000008   Code   RO         5987    .ARM.Collect$$$$0000000B  mc_w.l(entry9a.o)
    0x080001bc   0x080001bc   0x00000000   Code   RO         5989    .ARM.Collect$$$$0000000D  mc_w.l(entry10a.o)
    0x080001bc   0x080001bc   0x00000000   Code   RO         5991    .ARM.Collect$$$$0000000F  mc_w.l(entry11a.o)
    0x080001bc   0x080001bc   0x00000004   Code   RO         5980    .ARM.Collect$$$$00002712  mc_w.l(entry2.o)
    0x080001c0   0x080001c0   0x000000be   Code   RO         4862    .emb_text           port.o
    0x0800027e   0x0800027e   0x00000002   PAD
    0x08000280   0x08000280   0x00000024   Code   RO            4    .text               startup_stm32f427xx.o
    0x080002a4   0x080002a4   0x00000078   Code   RO         5644    .text               arm_cortexM4lf_math.lib(arm_cos_f32.o)
    0x0800031c   0x0800031c   0x00000074   Code   RO         5697    .text               arm_cortexM4lf_math.lib(arm_sin_f32.o)
    0x08000390   0x08000390   0x00000062   Code   RO         5938    .text               mc_w.l(uldiv.o)
    0x080003f2   0x080003f2   0x00000024   Code   RO         5940    .text               mc_w.l(memcpya.o)
    0x08000416   0x08000416   0x00000024   Code   RO         5944    .text               mc_w.l(memseta.o)
    0x0800043a   0x0800043a   0x0000001e   Code   RO         5993    .text               mc_w.l(llshl.o)
    0x08000458   0x08000458   0x00000020   Code   RO         5995    .text               mc_w.l(llushr.o)
    0x08000478   0x08000478   0x00000000   Code   RO         6004    .text               mc_w.l(iusefp.o)
    0x08000478   0x08000478   0x00000024   Code   RO         6005    .text               mc_w.l(init.o)
    0x0800049c   0x0800049c   0x00000056   Code   RO         6019    .text               mc_w.l(__dczerorl2.o)
    0x080004f2   0x080004f2   0x00000004   Code   RO         5343    i.AHRS_asinf        ahrs_middleware.o
    0x080004f6   0x080004f6   0x00000004   Code   RO         5344    i.AHRS_atan2f       ahrs_middleware.o
    0x080004fa   0x080004fa   0x00000004   Code   RO         5345    i.AHRS_cosf         ahrs_middleware.o
    0x080004fe   0x080004fe   0x0000001a   Code   RO         5718    i.AHRS_fabs         AHRS.lib(ahrs.o)
    0x08000518   0x08000518   0x00000014   Code   RO         5346    i.AHRS_get_height   ahrs_middleware.o
    0x0800052c   0x0800052c   0x00000014   Code   RO         5347    i.AHRS_get_latitude  ahrs_middleware.o
    0x08000540   0x08000540   0x0000029c   Code   RO         5719    i.AHRS_init         AHRS.lib(ahrs.o)
    0x080007dc   0x080007dc   0x0000002c   Code   RO         5348    i.AHRS_invSqrt      ahrs_middleware.o
    0x08000808   0x08000808   0x00000004   Code   RO         5349    i.AHRS_sinf         ahrs_middleware.o
    0x0800080c   0x0800080c   0x0000013a   Code   RO         5720    i.AHRS_update       AHRS.lib(ahrs.o)
    0x08000946   0x08000946   0x00000002   Code   RO          459    i.BusFault_Handler  stm32f4xx_it.o
    0x08000948   0x08000948   0x00000040   Code   RO         5162    i.CAN1_Getdata      can_receive.o
    0x08000988   0x08000988   0x0000003c   Code   RO         5163    i.CAN1_Init         can_receive.o
    0x080009c4   0x080009c4   0x0000002c   Code   RO          460    i.CAN1_RX0_IRQHandler  stm32f4xx_it.o
    0x080009f0   0x080009f0   0x0000000c   Code   RO          461    i.CAN1_TX_IRQHandler  stm32f4xx_it.o
    0x080009fc   0x080009fc   0x00000020   Code   RO          462    i.DMA2_Stream2_IRQHandler  stm32f4xx_it.o
    0x08000a1c   0x08000a1c   0x00000028   Code   RO         2931    i.DMA_CalcBaseAndBitshift  stm32f4xx_hal_dma.o
    0x08000a44   0x08000a44   0x00000054   Code   RO         2932    i.DMA_CheckFifoParam  stm32f4xx_hal_dma.o
    0x08000a98   0x08000a98   0x00000028   Code   RO         2933    i.DMA_SetConfig     stm32f4xx_hal_dma.o
    0x08000ac0   0x08000ac0   0x00000002   Code   RO          463    i.DebugMon_Handler  stm32f4xx_it.o
    0x08000ac2   0x08000ac2   0x00000002   Code   RO           13    i.Error_Handler     main.o
    0x08000ac4   0x08000ac4   0x000000d4   Code   RO         5269    i.Gimbal_Init       gimbal_task.o
    0x08000b98   0x08000b98   0x00000024   Code   RO          611    i.HAL_CAN_ActivateNotification  stm32f4xx_hal_can.o
    0x08000bbc   0x08000bbc   0x0000010c   Code   RO          613    i.HAL_CAN_ConfigFilter  stm32f4xx_hal_can.o
    0x08000cc8   0x08000cc8   0x00000002   Code   RO          616    i.HAL_CAN_ErrorCallback  stm32f4xx_hal_can.o
    0x08000cca   0x08000cca   0x000000e8   Code   RO          619    i.HAL_CAN_GetRxMessage  stm32f4xx_hal_can.o
    0x08000db2   0x08000db2   0x000001fc   Code   RO          623    i.HAL_CAN_IRQHandler  stm32f4xx_hal_can.o
    0x08000fae   0x08000fae   0x0000011a   Code   RO          624    i.HAL_CAN_Init      stm32f4xx_hal_can.o
    0x080010c8   0x080010c8   0x00000088   Code   RO          254    i.HAL_CAN_MspInit   can.o
    0x08001150   0x08001150   0x00000002   Code   RO          631    i.HAL_CAN_RxFifo0FullCallback  stm32f4xx_hal_can.o
    0x08001152   0x08001152   0x00000002   Code   RO          632    i.HAL_CAN_RxFifo0MsgPendingCallback  stm32f4xx_hal_can.o
    0x08001154   0x08001154   0x00000002   Code   RO          633    i.HAL_CAN_RxFifo1FullCallback  stm32f4xx_hal_can.o
    0x08001156   0x08001156   0x00000002   Code   RO          634    i.HAL_CAN_RxFifo1MsgPendingCallback  stm32f4xx_hal_can.o
    0x08001158   0x08001158   0x00000002   Code   RO          635    i.HAL_CAN_SleepCallback  stm32f4xx_hal_can.o
    0x0800115a   0x0800115a   0x00000002   PAD
    0x0800115c   0x0800115c   0x00000058   Code   RO          636    i.HAL_CAN_Start     stm32f4xx_hal_can.o
    0x080011b4   0x080011b4   0x00000002   Code   RO          638    i.HAL_CAN_TxMailbox0AbortCallback  stm32f4xx_hal_can.o
    0x080011b6   0x080011b6   0x00000002   Code   RO          639    i.HAL_CAN_TxMailbox0CompleteCallback  stm32f4xx_hal_can.o
    0x080011b8   0x080011b8   0x00000002   Code   RO          640    i.HAL_CAN_TxMailbox1AbortCallback  stm32f4xx_hal_can.o
    0x080011ba   0x080011ba   0x00000002   Code   RO          641    i.HAL_CAN_TxMailbox1CompleteCallback  stm32f4xx_hal_can.o
    0x080011bc   0x080011bc   0x00000002   Code   RO          642    i.HAL_CAN_TxMailbox2AbortCallback  stm32f4xx_hal_can.o
    0x080011be   0x080011be   0x00000002   Code   RO          643    i.HAL_CAN_TxMailbox2CompleteCallback  stm32f4xx_hal_can.o
    0x080011c0   0x080011c0   0x00000002   Code   RO          645    i.HAL_CAN_WakeUpFromRxMsgCallback  stm32f4xx_hal_can.o
    0x080011c2   0x080011c2   0x00000002   PAD
    0x080011c4   0x080011c4   0x000001a0   Code   RO         2939    i.HAL_DMA_IRQHandler  stm32f4xx_hal_dma.o
    0x08001364   0x08001364   0x000000d4   Code   RO         2940    i.HAL_DMA_Init      stm32f4xx_hal_dma.o
    0x08001438   0x08001438   0x00000078   Code   RO         2944    i.HAL_DMA_Start_IT  stm32f4xx_hal_dma.o
    0x080014b0   0x080014b0   0x000001cc   Code   RO         2827    i.HAL_GPIO_Init     stm32f4xx_hal_gpio.o
    0x0800167c   0x0800167c   0x0000000a   Code   RO         2831    i.HAL_GPIO_WritePin  stm32f4xx_hal_gpio.o
    0x08001686   0x08001686   0x00000002   PAD
    0x08001688   0x08001688   0x0000000c   Code   RO         3379    i.HAL_GetTick       stm32f4xx_hal.o
    0x08001694   0x08001694   0x00000010   Code   RO         3385    i.HAL_IncTick       stm32f4xx_hal.o
    0x080016a4   0x080016a4   0x00000034   Code   RO         3386    i.HAL_Init          stm32f4xx_hal.o
    0x080016d8   0x080016d8   0x00000074   Code   RO          571    i.HAL_InitTick      stm32f4xx_hal_timebase_tim.o
    0x0800174c   0x0800174c   0x00000038   Code   RO          547    i.HAL_MspInit       stm32f4xx_hal_msp.o
    0x08001784   0x08001784   0x0000008e   Code   RO         2101    i.HAL_MultiProcessor_Init  stm32f4xx_hal_uart.o
    0x08001812   0x08001812   0x0000001a   Code   RO         3234    i.HAL_NVIC_EnableIRQ  stm32f4xx_hal_cortex.o
    0x0800182c   0x0800182c   0x00000040   Code   RO         3240    i.HAL_NVIC_SetPriority  stm32f4xx_hal_cortex.o
    0x0800186c   0x0800186c   0x00000024   Code   RO         3241    i.HAL_NVIC_SetPriorityGrouping  stm32f4xx_hal_cortex.o
    0x08001890   0x08001890   0x00000070   Code   RO         3163    i.HAL_PWREx_EnableOverDrive  stm32f4xx_hal_pwr_ex.o
    0x08001900   0x08001900   0x00000130   Code   RO         2421    i.HAL_RCC_ClockConfig  stm32f4xx_hal_rcc.o
    0x08001a30   0x08001a30   0x00000040   Code   RO         2425    i.HAL_RCC_GetClockConfig  stm32f4xx_hal_rcc.o
    0x08001a70   0x08001a70   0x00000020   Code   RO         2428    i.HAL_RCC_GetPCLK1Freq  stm32f4xx_hal_rcc.o
    0x08001a90   0x08001a90   0x00000020   Code   RO         2429    i.HAL_RCC_GetPCLK2Freq  stm32f4xx_hal_rcc.o
    0x08001ab0   0x08001ab0   0x00000064   Code   RO         2430    i.HAL_RCC_GetSysClockFreq  stm32f4xx_hal_rcc.o
    0x08001b14   0x08001b14   0x0000031c   Code   RO         2433    i.HAL_RCC_OscConfig  stm32f4xx_hal_rcc.o
    0x08001e30   0x08001e30   0x00000080   Code   RO          855    i.HAL_SPI_Init      stm32f4xx_hal_spi.o
    0x08001eb0   0x08001eb0   0x0000006c   Code   RO          370    i.HAL_SPI_MspInit   spi.o
    0x08001f1c   0x08001f1c   0x000001e2   Code   RO          864    i.HAL_SPI_TransmitReceive  stm32f4xx_hal_spi.o
    0x080020fe   0x080020fe   0x00000002   Code   RO         1843    i.HAL_TIMEx_BreakCallback  stm32f4xx_hal_tim_ex.o
    0x08002100   0x08002100   0x00000002   Code   RO         1844    i.HAL_TIMEx_CommutCallback  stm32f4xx_hal_tim_ex.o
    0x08002102   0x08002102   0x00000036   Code   RO         1168    i.HAL_TIM_Base_Init  stm32f4xx_hal_tim.o
    0x08002138   0x08002138   0x00000002   Code   RO         1170    i.HAL_TIM_Base_MspInit  stm32f4xx_hal_tim.o
    0x0800213a   0x0800213a   0x00000022   Code   RO         1173    i.HAL_TIM_Base_Start_IT  stm32f4xx_hal_tim.o
    0x0800215c   0x0800215c   0x00000002   Code   RO         1197    i.HAL_TIM_IC_CaptureCallback  stm32f4xx_hal_tim.o
    0x0800215e   0x0800215e   0x00000166   Code   RO         1211    i.HAL_TIM_IRQHandler  stm32f4xx_hal_tim.o
    0x080022c4   0x080022c4   0x00000002   Code   RO         1214    i.HAL_TIM_OC_DelayElapsedCallback  stm32f4xx_hal_tim.o
    0x080022c6   0x080022c6   0x00000002   Code   RO         1241    i.HAL_TIM_PWM_PulseFinishedCallback  stm32f4xx_hal_tim.o
    0x080022c8   0x080022c8   0x00000014   Code   RO           14    i.HAL_TIM_PeriodElapsedCallback  main.o
    0x080022dc   0x080022dc   0x00000002   Code   RO         1254    i.HAL_TIM_TriggerCallback  stm32f4xx_hal_tim.o
    0x080022de   0x080022de   0x00000002   Code   RO         2115    i.HAL_UART_ErrorCallback  stm32f4xx_hal_uart.o
    0x080022e0   0x080022e0   0x00000062   Code   RO         2119    i.HAL_UART_Init     stm32f4xx_hal_uart.o
    0x08002342   0x08002342   0x00000002   PAD
    0x08002344   0x08002344   0x000000ec   Code   RO          412    i.HAL_UART_MspInit  usart.o
    0x08002430   0x08002430   0x00000098   Code   RO         2123    i.HAL_UART_Receive_DMA  stm32f4xx_hal_uart.o
    0x080024c8   0x080024c8   0x00000002   Code   RO         2125    i.HAL_UART_RxCpltCallback  stm32f4xx_hal_uart.o
    0x080024ca   0x080024ca   0x00000002   Code   RO         2126    i.HAL_UART_RxHalfCpltCallback  stm32f4xx_hal_uart.o
    0x080024cc   0x080024cc   0x00000002   Code   RO          464    i.HardFault_Handler  stm32f4xx_it.o
    0x080024ce   0x080024ce   0x00000002   PAD
    0x080024d0   0x080024d0   0x000000ec   Code   RO         5060    i.IMU_Cali_Slove    sensor_task.o
    0x080025bc   0x080025bc   0x00000030   Code   RO         4942    i.LEDFlash_Task     led_task.o
    0x080025ec   0x080025ec   0x0000013c   Code   RO         5061    i.MPU6500_GetAngle  sensor_task.o
    0x08002728   0x08002728   0x00000108   Code   RO         5062    i.MPU6500_GetData   sensor_task.o
    0x08002830   0x08002830   0x00000040   Code   RO         5578    i.MPU6500_Read_Reg  mpu6500.o
    0x08002870   0x08002870   0x0000004c   Code   RO         5579    i.MPU6500_Read_Regs  mpu6500.o
    0x080028bc   0x080028bc   0x00000044   Code   RO         5582    i.MPU6500_Write_Reg  mpu6500.o
    0x08002900   0x08002900   0x00000044   Code   RO         5583    i.MPU6500_Write_Regs  mpu6500.o
    0x08002944   0x08002944   0x00000044   Code   RO          255    i.MX_CAN1_Init      can.o
    0x08002988   0x08002988   0x0000002c   Code   RO          295    i.MX_DMA_Init       dma.o
    0x080029b4   0x080029b4   0x00000094   Code   RO          319    i.MX_FREERTOS_Init  freertos.o
    0x08002a48   0x08002a48   0x000000e8   Code   RO          229    i.MX_GPIO_Init      gpio.o
    0x08002b30   0x08002b30   0x00000044   Code   RO          371    i.MX_SPI5_Init      spi.o
    0x08002b74   0x08002b74   0x00000038   Code   RO          413    i.MX_UART4_Init     usart.o
    0x08002bac   0x08002bac   0x0000003c   Code   RO          414    i.MX_USART1_UART_Init  usart.o
    0x08002be8   0x08002be8   0x00000002   Code   RO          465    i.MemManage_Handler  stm32f4xx_it.o
    0x08002bea   0x08002bea   0x00000002   PAD
    0x08002bec   0x08002bec   0x00000030   Code   RO         5270    i.Motor_ecd_to_angle_Change  gimbal_task.o
    0x08002c1c   0x08002c1c   0x00000002   Code   RO          466    i.NMI_Handler       stm32f4xx_it.o
    0x08002c1e   0x08002c1e   0x00000002   PAD
    0x08002c20   0x08002c20   0x000000f8   Code   RO         5063    i.Offset_Getdata    sensor_task.o
    0x08002d18   0x08002d18   0x000000fc   Code   RO         5312    i.PID_Calculate     pid.o
    0x08002e14   0x08002e14   0x0000002c   Code   RO         5313    i.PID_Init          pid.o
    0x08002e40   0x08002e40   0x00000074   Code   RO         4986    i.SBUS_TO_RC        remote.o
    0x08002eb4   0x08002eb4   0x00000058   Code   RO          893    i.SPI_EndRxTxTransaction  stm32f4xx_hal_spi.o
    0x08002f0c   0x08002f0c   0x00000094   Code   RO          898    i.SPI_WaitFlagStateUntilTimeout  stm32f4xx_hal_spi.o
    0x08002fa0   0x08002fa0   0x000000c4   Code   RO         5064    i.Sensor_task       sensor_task.o
    0x08003064   0x08003064   0x00000008   Code   RO          320    i.StartDefaultTask  freertos.o
    0x0800306c   0x0800306c   0x0000002c   Code   RO         4863    i.SysTick_Handler   port.o
    0x08003098   0x08003098   0x00000088   Code   RO           15    i.SystemClock_Config  main.o
    0x08003120   0x08003120   0x00000054   Code   RO         3632    i.SystemInit        system_stm32f4xx.o
    0x08003174   0x08003174   0x0000000c   Code   RO          467    i.TIM1_UP_TIM10_IRQHandler  stm32f4xx_it.o
    0x08003180   0x08003180   0x000000c8   Code   RO         1256    i.TIM_Base_SetConfig  stm32f4xx_hal_tim.o
    0x08003248   0x08003248   0x0000004a   Code   RO         2133    i.UART_DMAError     stm32f4xx_hal_uart.o
    0x08003292   0x08003292   0x0000003c   Code   RO         2134    i.UART_DMAReceiveCplt  stm32f4xx_hal_uart.o
    0x080032ce   0x080032ce   0x0000000a   Code   RO         2136    i.UART_DMARxHalfCplt  stm32f4xx_hal_uart.o
    0x080032d8   0x080032d8   0x0000001c   Code   RO         2142    i.UART_EndRxTransfer  stm32f4xx_hal_uart.o
    0x080032f4   0x080032f4   0x00000012   Code   RO         2143    i.UART_EndTxTransfer  stm32f4xx_hal_uart.o
    0x08003306   0x08003306   0x00000002   PAD
    0x08003308   0x08003308   0x000002ac   Code   RO         2145    i.UART_SetConfig    stm32f4xx_hal_uart.o
    0x080035b4   0x080035b4   0x00000002   Code   RO          468    i.UsageFault_Handler  stm32f4xx_it.o
    0x080035b6   0x080035b6   0x00000026   Code   RO         5948    i.__ARM_fpclassifyf  m_wm.l(fpclassifyf.o)
    0x080035dc   0x080035dc   0x00000020   Code   RO         3247    i.__NVIC_SetPriority  stm32f4xx_hal_cortex.o
    0x080035fc   0x080035fc   0x0000012c   Code   RO         5899    i.__hardfp_asinf    m_wm.l(asinf.o)
    0x08003728   0x08003728   0x00000250   Code   RO         5911    i.__hardfp_atan2f   m_wm.l(atan2f.o)
    0x08003978   0x08003978   0x00000006   Code   RO         5951    i.__mathlib_flt_infnan  m_wm.l(funder.o)
    0x0800397e   0x0800397e   0x00000006   Code   RO         5952    i.__mathlib_flt_infnan2  m_wm.l(funder.o)
    0x08003984   0x08003984   0x00000010   Code   RO         5953    i.__mathlib_flt_invalid  m_wm.l(funder.o)
    0x08003994   0x08003994   0x00000010   Code   RO         5956    i.__mathlib_flt_underflow  m_wm.l(funder.o)
    0x080039a4   0x080039a4   0x0000000e   Code   RO         6013    i.__scatterload_copy  mc_w.l(handlers.o)
    0x080039b2   0x080039b2   0x00000002   Code   RO         6014    i.__scatterload_null  mc_w.l(handlers.o)
    0x080039b4   0x080039b4   0x0000000e   Code   RO         6015    i.__scatterload_zeroinit  mc_w.l(handlers.o)
    0x080039c2   0x080039c2   0x00000002   PAD
    0x080039c4   0x080039c4   0x0000000c   Code   RO         5999    i.__set_errno       mc_w.l(errno.o)
    0x080039d0   0x080039d0   0x000001d0   Code   RO         5721    i.accel_comple_filter  AHRS.lib(ahrs.o)
    0x08003ba0   0x08003ba0   0x0000018c   Code   RO         5722    i.accel_update_kp_ki  AHRS.lib(ahrs.o)
    0x08003d2c   0x08003d2c   0x0000016c   Code   RO         5723    i.angle_to_quat     AHRS.lib(ahrs.o)
    0x08003e98   0x08003e98   0x0000000c   Code   RO         5242    i.chassis_task      chassis_task.o
    0x08003ea4   0x08003ea4   0x00000008   Code   RO         5033    i.detect_task       detect_task.o
    0x08003eac   0x08003eac   0x00000008   Code   RO         5065    i.get_INS_angle_point  sensor_task.o
    0x08003eb4   0x08003eb4   0x00000008   Code   RO         5067    i.get_MPU6500_Gyro_Data_Point  sensor_task.o
    0x08003ebc   0x08003ebc   0x00000008   Code   RO         5167    i.get_Pitch_Gimbal_Motor_Measure_Point  can_receive.o
    0x08003ec4   0x08003ec4   0x00000008   Code   RO         5169    i.get_Yaw_Gimbal_Motor_Measure_Point  can_receive.o
    0x08003ecc   0x08003ecc   0x000000e8   Code   RO         5724    i.get_angle         AHRS.lib(ahrs.o)
    0x08003fb4   0x08003fb4   0x0000001c   Code   RO         5170    i.get_motor_measure  can_receive.o
    0x08003fd0   0x08003fd0   0x00000008   Code   RO         4987    i.get_remote_control_point  remote.o
    0x08003fd8   0x08003fd8   0x000000ac   Code   RO         5271    i.gimbal_task       gimbal_task.o
    0x08004084   0x08004084   0x00000028   Code   RO         5483    i.ist8310_IIC_read_single_reg  ist8310.o
    0x080040ac   0x080040ac   0x00000020   Code   RO         5485    i.ist8310_IIC_write_single_reg  ist8310.o
    0x080040cc   0x080040cc   0x00000010   Code   RO         5486    i.ist8310_RST_H     ist8310.o
    0x080040dc   0x080040dc   0x00000010   Code   RO         5487    i.ist8310_RST_L     ist8310.o
    0x080040ec   0x080040ec   0x00000018   Code   RO         5488    i.ist8310_auto_com_by_mpu6500  ist8310.o
    0x08004104   0x08004104   0x000000a4   Code   RO         5492    i.ist8310_init      ist8310.o
    0x080041a8   0x080041a8   0x00000040   Code   RO           16    i.main              main.o
    0x080041e8   0x080041e8   0x0000000c   Code   RO         4434    i.makeFreeRtosPriority  cmsis_os.o
    0x080041f4   0x080041f4   0x00000010   Code   RO         5584    i.mpu6500_SPI_NS_H  mpu6500.o
    0x08004204   0x08004204   0x00000010   Code   RO         5585    i.mpu6500_SPI_NS_L  mpu6500.o
    0x08004214   0x08004214   0x0000000e   Code   RO         4436    i.osDelay           cmsis_os.o
    0x08004222   0x08004222   0x0000000e   Code   RO         4437    i.osDelayUntil      cmsis_os.o
    0x08004230   0x08004230   0x0000000a   Code   RO         4439    i.osKernelStart     cmsis_os.o
    0x0800423a   0x0800423a   0x00000054   Code   RO         4473    i.osThreadCreate    cmsis_os.o
    0x0800428e   0x0800428e   0x00000002   PAD
    0x08004290   0x08004290   0x00000070   Code   RO         4125    i.prvAddCurrentTaskToDelayedList  tasks.o
    0x08004300   0x08004300   0x000000d0   Code   RO         4126    i.prvAddNewTaskToReadyList  tasks.o
    0x080043d0   0x080043d0   0x00000034   Code   RO         4127    i.prvDeleteTCB      tasks.o
    0x08004404   0x08004404   0x0000004c   Code   RO         4801    i.prvHeapInit       heap_4.o
    0x08004450   0x08004450   0x00000060   Code   RO         4128    i.prvIdleTask       tasks.o
    0x080044b0   0x080044b0   0x0000008e   Code   RO         4129    i.prvInitialiseNewTask  tasks.o
    0x0800453e   0x0800453e   0x00000002   PAD
    0x08004540   0x08004540   0x0000004c   Code   RO         4802    i.prvInsertBlockIntoFreeList  heap_4.o
    0x0800458c   0x0800458c   0x00000020   Code   RO         4130    i.prvResetNextTaskUnblockTime  tasks.o
    0x080045ac   0x080045ac   0x00000028   Code   RO         4864    i.prvTaskExitError  port.o
    0x080045d4   0x080045d4   0x000000d8   Code   RO         4803    i.pvPortMalloc      heap_4.o
    0x080046ac   0x080046ac   0x0000002c   Code   RO         4865    i.pxPortInitialiseStack  port.o
    0x080046d8   0x080046d8   0x00000084   Code   RO         5729    i.quat_normalization  AHRS.lib(ahrs.o)
    0x0800475c   0x0800475c   0x0000003e   Code   RO         5969    i.sqrtf             m_wm.l(sqrtf_full.o)
    0x0800479a   0x0800479a   0x0000007a   Code   RO         5730    i.update_w          AHRS.lib(ahrs.o)
    0x08004814   0x08004814   0x00000026   Code   RO         3770    i.uxListRemove      list.o
    0x0800483a   0x0800483a   0x00000002   PAD
    0x0800483c   0x0800483c   0x00000014   Code   RO          321    i.vApplicationGetIdleTaskMemory  freertos.o
    0x08004850   0x08004850   0x00000016   Code   RO         3771    i.vListInitialise   list.o
    0x08004866   0x08004866   0x00000006   Code   RO         3772    i.vListInitialiseItem  list.o
    0x0800486c   0x0800486c   0x00000030   Code   RO         3773    i.vListInsert       list.o
    0x0800489c   0x0800489c   0x00000018   Code   RO         3774    i.vListInsertEnd    list.o
    0x080048b4   0x080048b4   0x00000040   Code   RO         4867    i.vPortEnterCritical  port.o
    0x080048f4   0x080048f4   0x00000028   Code   RO         4868    i.vPortExitCritical  port.o
    0x0800491c   0x0800491c   0x0000005c   Code   RO         4804    i.vPortFree         heap_4.o
    0x08004978   0x08004978   0x00000024   Code   RO         4869    i.vPortSetupTimerInterrupt  port.o
    0x0800499c   0x0800499c   0x0000004c   Code   RO         4138    i.vTaskDelay        tasks.o
    0x080049e8   0x080049e8   0x0000008c   Code   RO         4139    i.vTaskDelayUntil   tasks.o
    0x08004a74   0x08004a74   0x0000006c   Code   RO         4152    i.vTaskStartScheduler  tasks.o
    0x08004ae0   0x08004ae0   0x00000010   Code   RO         4154    i.vTaskSuspendAll   tasks.o
    0x08004af0   0x08004af0   0x0000005c   Code   RO         4155    i.vTaskSwitchContext  tasks.o
    0x08004b4c   0x08004b4c   0x000000f4   Code   RO         4871    i.xPortStartScheduler  port.o
    0x08004c40   0x08004c40   0x0000005a   Code   RO         4157    i.xTaskCreate       tasks.o
    0x08004c9a   0x08004c9a   0x00000056   Code   RO         4158    i.xTaskCreateStatic  tasks.o
    0x08004cf0   0x08004cf0   0x0000000c   Code   RO         4163    i.xTaskGetTickCount  tasks.o
    0x08004cfc   0x08004cfc   0x000000c8   Code   RO         4165    i.xTaskIncrementTick  tasks.o
    0x08004dc4   0x08004dc4   0x000000c4   Code   RO         4171    i.xTaskResumeAll    tasks.o
    0x08004e88   0x08004e88   0x000000a8   Data   RO          323    .constdata          freertos.o
    0x08004f30   0x08004f30   0x00000008   Data   RO         2946    .constdata          stm32f4xx_hal_dma.o
    0x08004f38   0x08004f38   0x00000010   Data   RO         3633    .constdata          system_stm32f4xx.o
    0x08004f48   0x08004f48   0x00000008   Data   RO         3634    .constdata          system_stm32f4xx.o
    0x08004f50   0x08004f50   0x00000014   Data   RO         5069    .constdata          sensor_task.o
    0x08004f64   0x08004f64   0x0000000c   Data   RO         5496    .constdata          ist8310.o
    0x08004f70   0x08004f70   0x0000000c   Data   RO         5731    .constdata          AHRS.lib(ahrs.o)
    0x08004f7c   0x08004f7c   0x00000804   Data   RO         5864    .constdata          arm_cortexM4lf_math.lib(arm_common_tables.o)
    0x08005780   0x08005780   0x0000004b   Data   RO          324    .conststring        freertos.o
    0x080057cb   0x080057cb   0x00000001   PAD
    0x080057cc   0x080057cc   0x00000020   Data   RO         6011    Region$$Table       anon$$obj.o


    Execution Region RW_IRAM1 (Exec base: 0x20000000, Load base: 0x080057ec, Size: 0x00004920, Max: 0x00030000, ABSOLUTE, COMPRESSED[0x00000030])

    Exec Addr    Load Addr    Size         Type   Attr      Idx    E Section Name        Object

    0x20000000   COMPRESSED   0x00000018   Data   RW          325    .data               freertos.o
    0x20000018   COMPRESSED   0x00000008   Data   RW          469    .data               stm32f4xx_it.o
    0x20000020   COMPRESSED   0x0000000c   Data   RW         3393    .data               stm32f4xx_hal.o
    0x2000002c   COMPRESSED   0x00000004   Data   RW         3635    .data               system_stm32f4xx.o
    0x20000030   COMPRESSED   0x0000003c   Data   RW         4174    .data               tasks.o
    0x2000006c   COMPRESSED   0x00000018   Data   RW         4809    .data               heap_4.o
    0x20000084   COMPRESSED   0x0000000c   Data   RW         4872    .data               port.o
    0x20000090   COMPRESSED   0x00000004   Data   RW         4990    .data               remote.o
    0x20000094   COMPRESSED   0x00000070   Data   RW         5071    .data               sensor_task.o
    0x20000104   COMPRESSED   0x00000018   Data   RW         5173    .data               can_receive.o
    0x2000011c   COMPRESSED   0x00000002   Data   RW         5497    .data               ist8310.o
    0x2000011e   COMPRESSED   0x00000024   Data   RW         5586    .data               mpu6500.o
    0x20000142   COMPRESSED   0x00000002   PAD
    0x20000144   COMPRESSED   0x00000010   Data   RW         5732    .data               AHRS.lib(ahrs.o)
    0x20000154   COMPRESSED   0x00000004   Data   RW         6000    .data               mc_w.l(errno.o)
    0x20000158        -       0x00000028   Zero   RW          256    .bss                can.o
    0x20000180        -       0x00000254   Zero   RW          322    .bss                freertos.o
    0x200003d4        -       0x00000058   Zero   RW          372    .bss                spi.o
    0x2000042c        -       0x000000e0   Zero   RW          415    .bss                usart.o
    0x2000050c        -       0x00000040   Zero   RW          574    .bss                stm32f4xx_hal_timebase_tim.o
    0x2000054c        -       0x0000012c   Zero   RW         4173    .bss                tasks.o
    0x20000678        -       0x00003c00   Zero   RW         4808    .bss                heap_4.o
    0x20004278        -       0x00000016   Zero   RW         4988    .bss                remote.o
    0x2000428e        -       0x00000012   Zero   RW         4989    .bss                remote.o
    0x200042a0        -       0x000000c4   Zero   RW         5068    .bss                sensor_task.o
    0x20004364        -       0x00000060   Zero   RW         5171    .bss                can_receive.o
    0x200043c4        -       0x0000001c   Zero   RW         5172    .bss                can_receive.o
    0x200043e0        -       0x0000013c   Zero   RW         5272    .bss                gimbal_task.o
    0x2000451c   COMPRESSED   0x00000004   PAD
    0x20004520        -       0x00000400   Zero   RW            1    STACK               startup_stm32f427xx.o


==============================================================================

Image component sizes


      Code (inc. data)   RO Data    RW Data    ZI Data      Debug   Object Name

       100         16          0          0          0       4804   ahrs_middleware.o
       204         22          0          0         40       1601   can.o
       168         28          0         24        124       5379   can_receive.o
        12          0          0          0          0        515   chassis_task.o
       134          0          0          0          0      23000   cmsis_os.o
         8          0          0          0          0        494   detect_task.o
        44          4          0          0          0        722   dma.o
         0          0          0          0          0      18072   event_groups.o
       176         12        243         24        596       2806   freertos.o
       432         34          0          0        316       5319   gimbal_task.o
       232         14          0          0          0       1007   gpio.o
       460         24          0         24      15360       7219   heap_4.o
       292         34         12          2          0       5084   ist8310.o
        48          4          0          0          0       4996   led_task.o
       138          0          0          0          0       3458   list.o
       222         22          0          0          0     790959   main.o
       308         50          0         36          0       4192   mpu6500.o
       296         10          0          0          0       1751   pid.o
       702         72          0         12          0      10912   port.o
       124          8          0          4         40       2384   remote.o
      1276         86         20        112        196       6066   sensor_task.o
       176         22          0          0         88       1589   spi.o
        36          8        428          0       1024        820   startup_stm32f427xx.o
        80         14          0         12          0       3170   stm32f4xx_hal.o
      1440          6          0          0          0      13400   stm32f4xx_hal_can.o
       158         14          0          0          0      33086   stm32f4xx_hal_cortex.o
       912         16          8          0          0       5707   stm32f4xx_hal_dma.o
       470         52          0          0          0       2388   stm32f4xx_hal_gpio.o
        56          4          0          0          0        806   stm32f4xx_hal_msp.o
       112         14          0          0          0       1256   stm32f4xx_hal_pwr_ex.o
      1328         90          0          0          0       5697   stm32f4xx_hal_rcc.o
       846          8          0          0          0       4661   stm32f4xx_hal_spi.o
       656         44          0          0          0       7100   stm32f4xx_hal_tim.o
         4          0          0          0          0       1553   stm32f4xx_hal_tim_ex.o
       116         16          0          0         64       1347   stm32f4xx_hal_timebase_tim.o
      1272         22          0          0          0       8138   stm32f4xx_hal_uart.o
       112         36          0          8          0       5366   stm32f4xx_it.o
         0          0          0          0          0        396   stream_buffer.o
        84         18         24          4          0       1111   system_stm32f4xx.o
      1658        126          0         60        300      17988   tasks.o
       352         48          0          0        224       2360   usart.o

    ----------------------------------------------------------------------
     15268        998        768        324      18376    1018679   Object Totals
         0          0         32          0          0          0   (incl. Generated)
        24          0          1          2          4          0   (incl. Padding)

    ----------------------------------------------------------------------

      Code (inc. data)   RO Data    RW Data    ZI Data      Debug   Library Member Name

      2718         84         12         16          0       9922   ahrs.o
         0          0       2052          0          0       4636   arm_common_tables.o
       120         12          0          0          0      16970   arm_cos_f32.o
       116         12          0          0          0        658   arm_sin_f32.o
       300         42          0          0          0        176   asinf.o
       592         90          0          0          0        184   atan2f.o
        38          0          0          0          0        116   fpclassifyf.o
        44         12          0          0          0        464   funder.o
        62          0          0          0          0        136   sqrtf_full.o
        86          0          0          0          0          0   __dczerorl2.o
         0          0          0          0          0          0   entry.o
         0          0          0          0          0          0   entry10a.o
         0          0          0          0          0          0   entry11a.o
         8          4          0          0          0          0   entry2.o
         4          0          0          0          0          0   entry5.o
         0          0          0          0          0          0   entry7b.o
         0          0          0          0          0          0   entry8b.o
         8          4          0          0          0          0   entry9a.o
        12          6          0          4          0         68   errno.o
        30          0          0          0          0          0   handlers.o
        36          8          0          0          0         68   init.o
         0          0          0          0          0          0   iusefp.o
        30          0          0          0          0         68   llshl.o
        32          0          0          0          0         68   llushr.o
        36          0          0          0          0         68   memcpya.o
        36          0          0          0          0        108   memseta.o
        98          0          0          0          0         92   uldiv.o

    ----------------------------------------------------------------------
      4408        274       2064         20          0      33802   Library Totals
         2          0          0          0          0          0   (incl. Padding)

    ----------------------------------------------------------------------

      Code (inc. data)   RO Data    RW Data    ZI Data      Debug   Library Name

      2718         84         12         16          0       9922   AHRS.lib
       236         24       2052          0          0      22264   arm_cortexM4lf_math.lib
      1036        144          0          0          0       1076   m_wm.l
       416         22          0          4          0        540   mc_w.l

    ----------------------------------------------------------------------
      4408        274       2064         20          0      33802   Library Totals

    ----------------------------------------------------------------------

==============================================================================


      Code (inc. data)   RO Data    RW Data    ZI Data      Debug   

     19676       1272       2832        344      18376    1034209   Grand Totals
     19676       1272       2832         48      18376    1034209   ELF Image Totals (compressed)
     19676       1272       2832         48          0          0   ROM Totals

==============================================================================

    Total RO  Size (Code + RO Data)                22508 (  21.98kB)
    Total RW  Size (RW Data + ZI Data)             18720 (  18.28kB)
    Total ROM Size (Code + RO Data + RW Data)      22556 (  22.03kB)

==============================================================================

