<html>
<body>
<pre>
<h1>µVision Build Log</h1>
<h2>Tool Versions:</h2>
IDE-Version: ¦ÌVision V5.26.2.0
Copyright (C) 2018 ARM Ltd and ARM Germany GmbH. All rights reserved.
License Information: wang vacuo, HP Inc., LIC=5852Z-JJYEZ-4S2Y4-F05KM-V3YTA-XRMDF
 
Tool Versions:
Toolchain:       MDK-ARM Plus  Version: 5.26.2.0
Toolchain Path:  D:\soft\keil5\ARM\ARMCC\Bin
C Compiler:      Armcc.exe V5.06 update 6 (build 750)
Assembler:       Armasm.exe V5.06 update 6 (build 750)
Linker/Locator:  ArmLink.exe V5.06 update 6 (build 750)
Library Manager: ArmAr.exe V5.06 update 6 (build 750)
Hex Converter:   FromElf.exe V5.06 update 6 (build 750)
CPU DLL:         SARMCM3.DLL V5.26.2.0
Dialog DLL:      DCM.DLL V1.17.2.0
Target DLL:      Segger\JL2CM3.dll V2.99.15.0
Dialog DLL:      TCM.DLL V1.36.1.0
 
<h2>Project:</h2>
D:\GitHub\testforrtos\MDK-ARM\testforrtos.uvprojx
Project File Date:  12/22/2019

<h2>Output:</h2>
*** Using Compiler 'V5.06 update 6 (build 750)', folder: 'D:\soft\keil5\ARM\ARMCC\Bin'
Build target 'testforrtos'
compiling auto_aim_task.c...
../Drivers/CMSIS/Device/ST/STM32F4xx/Include/stm32f427xx.h(68): warning:  #47-D: incompatible redefinition of macro "__FPU_PRESENT" 
  #define __FPU_PRESENT             1U       /*!< FPU present                                   */
..\user\APP\auto_aim\auto_aim_task.h(52): warning:  #1295-D: Deprecated declaration Getdata_Camera - give arg types
  extern void Getdata_Camera();
..\user\APP\auto_aim\auto_aim_task.h(56): warning:  #1-D: last line of file ends without a newline
  #endif
..\user\APP\auto_aim\auto_aim_task.c(79): warning:  #1035-D: single-precision operand implicitly converted to double-precision
  			aim.x.filted_angle = F_aim.filtered_value[0] + F_aim.filtered_value[1]*AURO_AIM_CONTROL_TIME*0.03;
..\user\APP\auto_aim\auto_aim_task.c(46): warning:  #177-D: variable "i"  was declared but never referenced
  	uint8_t i;
..\user\APP\auto_aim\auto_aim_task.c(182): warning:  #177-D: variable "i"  was declared but never referenced
  	uint8_t i,j; 
..\user\APP\auto_aim\auto_aim_task.c(182): warning:  #177-D: variable "j"  was declared but never referenced
  	uint8_t i,j; 
..\user\APP\auto_aim\auto_aim_task.c: 7 warnings, 0 errors
linking...
Program Size: Code=37368 RO-data=3076 RW-data=660 ZI-data=19900  
FromELF: creating hex file...
"testforrtos\testforrtos.axf" - 0 Error(s), 7 Warning(s).

<h2>Software Packages used:</h2>

Package Vendor: ARM
                http://www.keil.com/pack/ARM.CMSIS.5.4.0.pack
                ARM.CMSIS.5.4.0
                CMSIS (Cortex Microcontroller Software Interface Standard)
   * Component: CORE Version: 5.1.2

Package Vendor: Keil
                http://www.keil.com/pack/Keil.STM32F4xx_DFP.2.13.0.pack
                Keil.STM32F4xx_DFP.2.13.0
                STMicroelectronics STM32F4 Series Device Support, Drivers and Examples

<h2>Collection of Component include folders:</h2>
  .\RTE\_testforrtos
  D:\soft\keil5\ARM\PACK\ARM\CMSIS\5.4.0\CMSIS\Core\Include
  D:\soft\keil5\ARM\PACK\Keil\STM32F4xx_DFP\2.13.0\Drivers\CMSIS\Device\ST\STM32F4xx\Include

<h2>Collection of Component Files used:</h2>

   * Component: ARM::CMSIS:CORE:5.1.2
Build Time Elapsed:  00:00:07
</pre>
</body>
</html>
